Archive member included to satisfy reference by file (symbol)

C:\Users\robak\Documents\LPCXpresso_8.2.2_650\workspace\RC522_LF\mbed\TARGET_LPC1768\TOOLCHAIN_GCC_CR\libmbed.a(pwmout_api.o)
                              ./main.o (pwmout_write)
C:\Users\robak\Documents\LPCXpresso_8.2.2_650\workspace\RC522_LF\mbed\TARGET_LPC1768\TOOLCHAIN_GCC_CR\libmbed.a(serial_api.o)
                              C:/Users/robak/Documents/LPCXpresso_8.2.2_650/workspace/RC522_LF/mbed/TARGET_LPC1768/TOOLCHAIN_GCC_CR/retarget.o (serial_getc)
C:\Users\robak\Documents\LPCXpresso_8.2.2_650\workspace\RC522_LF\mbed\TARGET_LPC1768\TOOLCHAIN_GCC_CR\libmbed.a(FilePath.o)
                              C:/Users/robak/Documents/LPCXpresso_8.2.2_650/workspace/RC522_LF/mbed/TARGET_LPC1768/TOOLCHAIN_GCC_CR/retarget.o (mbed::FilePath::FilePath(char const*))
C:\Users\robak\Documents\LPCXpresso_8.2.2_650\workspace\RC522_LF\mbed\TARGET_LPC1768\TOOLCHAIN_GCC_CR\libmbed.a(FileSystemLike.o)
                              C:/Users/robak/Documents/LPCXpresso_8.2.2_650/workspace/RC522_LF/mbed/TARGET_LPC1768/TOOLCHAIN_GCC_CR/retarget.o (mbed::FileSystemLike::opendir())
C:\Users\robak\Documents\LPCXpresso_8.2.2_650\workspace\RC522_LF\mbed\TARGET_LPC1768\TOOLCHAIN_GCC_CR\libmbed.a(SPI.o)
                              ./MFRC522.o (mbed::SPI::SPI(PinName, PinName, PinName, PinName))
C:\Users\robak\Documents\LPCXpresso_8.2.2_650\workspace\RC522_LF\mbed\TARGET_LPC1768\TOOLCHAIN_GCC_CR\libmbed.a(Serial.o)
                              ./main.o (mbed::Serial::Serial(PinName, PinName, char const*))
C:\Users\robak\Documents\LPCXpresso_8.2.2_650\workspace\RC522_LF\mbed\TARGET_LPC1768\TOOLCHAIN_GCC_CR\libmbed.a(SerialBase.o)
                              C:\Users\robak\Documents\LPCXpresso_8.2.2_650\workspace\RC522_LF\mbed\TARGET_LPC1768\TOOLCHAIN_GCC_CR\libmbed.a(Serial.o) (mbed::SerialBase::SerialBase(PinName, PinName))
C:\Users\robak\Documents\LPCXpresso_8.2.2_650\workspace\RC522_LF\mbed\TARGET_LPC1768\TOOLCHAIN_GCC_CR\libmbed.a(Stream.o)
                              C:\Users\robak\Documents\LPCXpresso_8.2.2_650\workspace\RC522_LF\mbed\TARGET_LPC1768\TOOLCHAIN_GCC_CR\libmbed.a(Serial.o) (mbed::Stream::close())
C:\Users\robak\Documents\LPCXpresso_8.2.2_650\workspace\RC522_LF\mbed\TARGET_LPC1768\TOOLCHAIN_GCC_CR\libmbed.a(assert.o)
                              ./MFRC522.o (mbed_assert_internal)
C:\Users\robak\Documents\LPCXpresso_8.2.2_650\workspace\RC522_LF\mbed\TARGET_LPC1768\TOOLCHAIN_GCC_CR\libmbed.a(error.o)
                              C:/Users/robak/Documents/LPCXpresso_8.2.2_650/workspace/RC522_LF/mbed/TARGET_LPC1768/TOOLCHAIN_GCC_CR/retarget.o (error)
C:\Users\robak\Documents\LPCXpresso_8.2.2_650\workspace\RC522_LF\mbed\TARGET_LPC1768\TOOLCHAIN_GCC_CR\libmbed.a(gpio.o)
                              ./main.o (gpio_init_in)
C:\Users\robak\Documents\LPCXpresso_8.2.2_650\workspace\RC522_LF\mbed\TARGET_LPC1768\TOOLCHAIN_GCC_CR\libmbed.a(mbed_interface.o)
                              C:/Users/robak/Documents/LPCXpresso_8.2.2_650/workspace/RC522_LF/mbed/TARGET_LPC1768/TOOLCHAIN_GCC_CR/retarget.o (mbed_interface_connected)
C:\Users\robak\Documents\LPCXpresso_8.2.2_650\workspace\RC522_LF\mbed\TARGET_LPC1768\TOOLCHAIN_GCC_CR\libmbed.a(pinmap_common.o)
                              C:\Users\robak\Documents\LPCXpresso_8.2.2_650\workspace\RC522_LF\mbed\TARGET_LPC1768\TOOLCHAIN_GCC_CR\libmbed.a(pwmout_api.o) (pinmap_pinout)
C:\Users\robak\Documents\LPCXpresso_8.2.2_650\workspace\RC522_LF\mbed\TARGET_LPC1768\TOOLCHAIN_GCC_CR\libmbed.a(semihost_api.o)
                              C:/Users/robak/Documents/LPCXpresso_8.2.2_650/workspace/RC522_LF/mbed/TARGET_LPC1768/TOOLCHAIN_GCC_CR/retarget.o (semihost_exit)
C:\Users\robak\Documents\LPCXpresso_8.2.2_650\workspace\RC522_LF\mbed\TARGET_LPC1768\TOOLCHAIN_GCC_CR\libmbed.a(wait_api.o)
                              C:\Users\robak\Documents\LPCXpresso_8.2.2_650\workspace\RC522_LF\mbed\TARGET_LPC1768\TOOLCHAIN_GCC_CR\libmbed.a(SerialBase.o) (wait_us)
C:\Users\robak\Documents\LPCXpresso_8.2.2_650\workspace\RC522_LF\mbed\TARGET_LPC1768\TOOLCHAIN_GCC_CR\libmbed.a(gpio_api.o)
                              C:\Users\robak\Documents\LPCXpresso_8.2.2_650\workspace\RC522_LF\mbed\TARGET_LPC1768\TOOLCHAIN_GCC_CR\libmbed.a(gpio.o) (gpio_init)
C:\Users\robak\Documents\LPCXpresso_8.2.2_650\workspace\RC522_LF\mbed\TARGET_LPC1768\TOOLCHAIN_GCC_CR\libmbed.a(pinmap.o)
                              C:\Users\robak\Documents\LPCXpresso_8.2.2_650\workspace\RC522_LF\mbed\TARGET_LPC1768\TOOLCHAIN_GCC_CR\libmbed.a(pinmap_common.o) (pin_function)
C:\Users\robak\Documents\LPCXpresso_8.2.2_650\workspace\RC522_LF\mbed\TARGET_LPC1768\TOOLCHAIN_GCC_CR\libmbed.a(spi_api.o)
                              C:\Users\robak\Documents\LPCXpresso_8.2.2_650\workspace\RC522_LF\mbed\TARGET_LPC1768\TOOLCHAIN_GCC_CR\libmbed.a(SPI.o) (spi_init)
C:\Users\robak\Documents\LPCXpresso_8.2.2_650\workspace\RC522_LF\mbed\TARGET_LPC1768\TOOLCHAIN_GCC_CR\libmbed.a(us_ticker.o)
[...]
Memory Configuration

Name             Origin             Length             Attributes
MFlash512        0x00000000         0x00080000         xr
RamLoc32         0x10000000         0x00008000         xrw
RamAHB32         0x2007c000         0x00008000         xrw
*default*        0x00000000         0xffffffff

Linker script and memory map

LOAD ./MFRC522.o
LOAD ./main.o
LOAD C:/Users/robak/Documents/LPCXpresso_8.2.2_650/workspace/RC522_LF/mbed/TARGET_LPC1768/TOOLCHAIN_GCC_CR/board.o
LOAD C:/Users/robak/Documents/LPCXpresso_8.2.2_650/workspace/RC522_LF/mbed/TARGET_LPC1768/TOOLCHAIN_GCC_CR/cmsis_nvic.o
LOAD C:/Users/robak/Documents/LPCXpresso_8.2.2_650/workspace/RC522_LF/mbed/TARGET_LPC1768/TOOLCHAIN_GCC_CR/retarget.o
LOAD C:/Users/robak/Documents/LPCXpresso_8.2.2_650/workspace/RC522_LF/mbed/TARGET_LPC1768/TOOLCHAIN_GCC_CR/startup_LPC17xx.o
LOAD C:/Users/robak/Documents/LPCXpresso_8.2.2_650/workspace/RC522_LF/mbed/TARGET_LPC1768/TOOLCHAIN_GCC_CR/system_LPC17xx.o
LOAD C:\Users\robak\Documents\LPCXpresso_8.2.2_650\workspace\RC522_LF\mbed\TARGET_LPC1768\TOOLCHAIN_GCC_CR\libmbed.a
START GROUP
LOAD c:/nxp/lpcxpresso_8.2.2_650/lpcxpresso/tools/bin/../lib/gcc/arm-none-eabi/5.4.1/armv7-m\libgcc.a
LOAD c:/nxp/lpcxpresso_8.2.2_650/lpcxpresso/tools/bin/../lib/gcc/arm-none-eabi/5.4.1/../../../../arm-none-eabi/lib/armv7-m\libc.a
LOAD c:/nxp/lpcxpresso_8.2.2_650/lpcxpresso/tools/bin/../lib/gcc/arm-none-eabi/5.4.1/../../../../arm-none-eabi/lib/armv7-m\libstdc++.a
LOAD c:/nxp/lpcxpresso_8.2.2_650/lpcxpresso/tools/bin/../lib/gcc/arm-none-eabi/5.4.1/../../../../arm-none-eabi/lib/armv7-m\libm.a
LOAD c:/nxp/lpcxpresso_8.2.2_650/lpcxpresso/tools/bin/../lib/gcc/arm-none-eabi/5.4.1/../../../../arm-none-eabi/lib/armv7-m\libcr_newlib_semihost.a
LOAD c:/nxp/lpcxpresso_8.2.2_650/lpcxpresso/tools/bin/../lib/gcc/arm-none-eabi/5.4.1/armv7-m\crti.o
LOAD c:/nxp/lpcxpresso_8.2.2_650/lpcxpresso/tools/bin/../lib/gcc/arm-none-eabi/5.4.1/armv7-m\crtn.o
LOAD c:/nxp/lpcxpresso_8.2.2_650/lpcxpresso/tools/bin/../lib/gcc/arm-none-eabi/5.4.1/armv7-m\crtbegin.o
LOAD c:/nxp/lpcxpresso_8.2.2_650/lpcxpresso/tools/bin/../lib/gcc/arm-none-eabi/5.4.1/armv7-m\crtend.o
END GROUP
                0x00000000                __base_MFlash512 = 0x0
                0x00000000                __base_Flash = 0x0
                0x00080000                __top_MFlash512 = 0x80000
                0x00080000                __top_Flash = 0x80000
                0x10000000                __base_RamLoc32 = 0x10000000
                0x10000000                __base_RAM = 0x10000000
                0x10008000                __top_RamLoc32 = 0x10008000
                0x10008000                __top_RAM = 0x10008000
                0x2007c000                __base_RamAHB32 = 0x2007c000
                0x2007c000                __base_RAM2 = 0x2007c000
                0x20084000                __top_RamAHB32 = 0x20084000
                0x20084000                __top_RAM2 = 0x20084000

.text           0x00000000     0xecf0
 FILL mask 0xff
                0x00000000                __vectors_start__ = ABSOLUTE (.)
 *(.isr_vector)
 .isr_vector    0x00000000       0xcc C:/Users/robak/Documents/LPCXpresso_8.2.2_650/workspace/RC522_LF/mbed/TARGET_LPC1768/TOOLCHAIN_GCC_CR/startup_LPC17xx.o
                0x00000000                g_pfnVectors
                0x000000cc                . = ALIGN (0x4)
                0x000000cc                __section_table_start = .
                0x000000cc                __data_section_table = .
                0x000000cc        0x4 LONG 0xecf8 LOADADDR (.data)
                0x000000d0        0x4 LONG 0x10000000 ADDR (.data)
                0x000000d4        0x4 LONG 0x8c8 SIZEOF (.data)
                0x000000d8        0x4 LONG 0xecf8 LOADADDR (.data_RAM2)
                0x000000dc        0x4 LONG 0x2007c000 ADDR (.data_RAM2)
                0x000000e0        0x4 LONG 0x0 SIZEOF (.data_RAM2)
                0x000000e4                __data_section_table_end = .
                0x000000e4                __bss_section_table = .
                0x000000e4        0x4 LONG 0x100008c8 ADDR (.bss)
                0x000000e8        0x4 LONG 0x5c4 SIZEOF (.bss)
                0x000000ec        0x4 LONG 0x2007c000 ADDR (.bss_RAM2)
                0x000000f0        0x4 LONG 0x0 SIZEOF (.bss_RAM2)
                0x000000f4                __bss_section_table_end = .
                0x000000f4                __section_table_end = .
 *(.after_vectors*)
 .after_vectors
                0x000000f4       0xd0 C:/Users/robak/Documents/LPCXpresso_8.2.2_650/workspace/RC522_LF/mbed/TARGET_LPC1768/TOOLCHAIN_GCC_CR/startup_LPC17xx.o
                0x000000f4                NMI_Handler
                0x000000f8                HardFault_Handler
                0x000000fc                MemManage_Handler
                0x00000100                BusFault_Handler
                0x00000104                UsageFault_Handler
                0x00000108                SVC_Handler
                0x0000010c                DebugMon_Handler
                0x00000110                PendSV_Handler
                0x00000114                SysTick_Handler
                0x00000118                PWM1_IRQHandler
                0x00000118                I2C1_IRQHandler
                0x00000118                EINT2_IRQHandler
                0x00000118                UART1_IRQHandler
                0x00000118                EINT3_IRQHandler
                0x00000118                CANActivity_IRQHandler
                0x00000118                TIMER3_IRQHandler
                0x00000118                UART0_IRQHandler
                0x00000118                MCPWM_IRQHandler
                0x00000118                I2C0_IRQHandler
                0x00000118                IntDefaultHandler
                0x00000118                RIT_IRQHandler
                0x00000118                CAN_IRQHandler
                0x00000118                PLL1_IRQHandler
                0x00000118                SSP0_IRQHandler
                0x00000118                I2S_IRQHandler
                0x00000118                I2C2_IRQHandler
                0x00000118                RTC_IRQHandler
                0x00000118                TIMER0_IRQHandler
                0x00000118                SPI_IRQHandler
                0x00000118                UART3_IRQHandler
                0x00000118                EINT1_IRQHandler
                0x00000118                TIMER1_IRQHandler
                0x00000118                UART2_IRQHandler
                0x00000118                ADC_IRQHandler
                0x00000118                SSP1_IRQHandler
                0x00000118                USB_IRQHandler
                0x00000118                BOD_IRQHandler
                0x00000118                USBActivity_IRQHandler
                0x00000118                WDT_IRQHandler
                0x00000118                PLL0_IRQHandler
                0x00000118                QEI_IRQHandler
                0x00000118                EINT0_IRQHandler
                0x00000118                TIMER2_IRQHandler
                0x00000118                DMA_IRQHandler
                0x00000118                ENET_IRQHandler
                0x0000011c                ResetISR
                0x0000019c                data_init
                0x000001b4                bss_init
 *(.text*)
 .text.gpio_write
                0x000001c4       0x2c ./MFRC522.o
 .text._ZN7MFRC522C2E7PinNameS0_S0_S0_S0_
                0x000001f0       0x74 ./MFRC522.o
                0x000001f0                MFRC522::MFRC522(PinName, PinName, PinName, PinName, PinName)
                0x000001f0                MFRC522::MFRC522(PinName, PinName, PinName, PinName, PinName)
 .text._ZN7MFRC522D2Ev
                0x00000264        0x2 ./MFRC522.o
                0x00000264                MFRC522::~MFRC522()
                0x00000264                MFRC522::~MFRC522()
 .text._ZN7MFRC52217PCD_WriteRegisterEhh
                0x00000266       0x34 ./MFRC522.o
                0x00000266                MFRC522::PCD_WriteRegister(unsigned char, unsigned char)
 .text._ZN7MFRC52217PCD_WriteRegisterEhhPh
                0x0000029a       0x48 ./MFRC522.o
                0x0000029a                MFRC522::PCD_WriteRegister(unsigned char, unsigned char, unsigned char*)
 .text._ZN7MFRC52216PCD_ReadRegisterEh
                0x000002e2       0x34 ./MFRC522.o
                0x000002e2                MFRC522::PCD_ReadRegister(unsigned char)
 .text._ZN7MFRC52216PCD_ReadRegisterEhhPhh
                0x00000316       0xa4 ./MFRC522.o
                0x00000316                MFRC522::PCD_ReadRegister(unsigned char, unsigned char, unsigned char*, unsigned char)
 .text._ZN7MFRC52219PCD_SetRegisterBitsEhh
                0x000003ba       0x1e ./MFRC522.o
                0x000003ba                MFRC522::PCD_SetRegisterBits(unsigned char, unsigned char)
 .text._ZN7MFRC52219PCD_ClrRegisterBitsEhh
                0x000003d8       0x1e ./MFRC522.o
                0x000003d8                MFRC522::PCD_ClrRegisterBits(unsigned char, unsigned char)
 .text._ZN7MFRC52216PCD_CalculateCRCEPhhS0_
                0x000003f6       0x7a ./MFRC522.o
                0x000003f6                MFRC522::PCD_CalculateCRC(unsigned char*, unsigned char, unsigned char*)
 .text._ZN7MFRC52213PCD_AntennaOnEv
                0x00000470       0x26 ./MFRC522.o
                0x00000470                MFRC522::PCD_AntennaOn()
 .text._ZN7MFRC5228PCD_InitEv
                0x00000496       0x74 ./MFRC522.o
                0x00000496                MFRC522::PCD_Init()
 .text._ZN7MFRC52223PCD_CommunicateWithPICCEhhPhhS0_S0_S0_hb
                0x0000050a      0x15c ./MFRC522.o
                0x0000050a                MFRC522::PCD_CommunicateWithPICC(unsigned char, unsigned char, unsigned char*, unsigned char, unsigned char*, unsigned char*, unsigned char*, unsigned char, bool)
 .text._ZN7MFRC52218PCD_TransceiveDataEPhhS0_S0_S0_hb
                0x00000666       0x28 ./MFRC522.o
                0x00000666                MFRC522::PCD_TransceiveData(unsigned char*, unsigned char, unsigned char*, unsigned char*, unsigned char*, unsigned char, bool)
 .text._ZN7MFRC52217PICC_REQA_or_WUPAEhPhS0_
                0x0000068e       0x60 ./MFRC522.o
                0x0000068e                MFRC522::PICC_REQA_or_WUPA(unsigned char, unsigned char*, unsigned char*)
 .text._ZN7MFRC52213PICC_RequestAEPhS0_
                0x000006ee        0xa ./MFRC522.o
                0x000006ee                MFRC522::PICC_RequestA(unsigned char*, unsigned char*)
 .text._ZN7MFRC52211PICC_SelectEPNS_3UidEh
                0x000006f8      0x29a ./MFRC522.o
                0x000006f8                MFRC522::PICC_Select(MFRC522::Uid*, unsigned char)
 .text._ZN7MFRC52212PICC_GetTypeEh
                0x00000992       0x50 ./MFRC522.o
                0x00000992                MFRC522::PICC_GetType(unsigned char)
 *fill*         0x000009e2        0x2 ff
 .text._ZN7MFRC52216PICC_GetTypeNameEh
                0x000009e4       0x14 ./MFRC522.o
                0x000009e4                MFRC522::PICC_GetTypeName(unsigned char)
 .text._ZN7MFRC52221PICC_IsNewCardPresentEv
                0x000009f8       0x20 ./MFRC522.o
                0x000009f8                MFRC522::PICC_IsNewCardPresent()
 .text._ZN7MFRC52219PICC_ReadCardSerialEv
                0x00000a18       0x12 ./MFRC522.o
                0x00000a18                MFRC522::PICC_ReadCardSerial()
 .text._ZN4mbed10SerialBaseD2Ev
                0x00000a2a        0x2 ./main.o
                0x00000a2a                mbed::SerialBase::~SerialBase()
                0x00000a2a                mbed::SerialBase::~SerialBase()
 .text.gpio_write
                0x00000a2c       0x2c ./main.o
 .text._ZN4mbed6SerialD2Ev
                0x00000a58       0x30 ./main.o
                0x00000a58                mbed::Serial::~Serial()
                0x00000a58                mbed::Serial::~Serial()
                0x00000a7c                non-virtual thunk to mbed::Serial::~Serial()
                0x00000a82                non-virtual thunk to mbed::Serial::~Serial()
 .text._ZN4mbed10SerialBaseD0Ev
                0x00000a88        0xc ./main.o
                0x00000a88                mbed::SerialBase::~SerialBase()
 .text._ZN4mbed9DigitalInC2E7PinName
                0x00000a94       0x1a ./main.o
                0x00000a94                mbed::DigitalIn::DigitalIn(PinName)
                0x00000a94                mbed::DigitalIn::DigitalIn(PinName)
 .text._ZN4mbed10DigitalOutC2E7PinName
                0x00000aae       0x1a ./main.o
                0x00000aae                mbed::DigitalOut::DigitalOut(PinName)
                0x00000aae                mbed::DigitalOut::DigitalOut(PinName)
 .text.startup.main
                0x00000ac8      0x170 ./main.o
                0x00000ac8                main
 .text._ZN4mbed6SerialD0Ev
                0x00000c38       0x1e ./main.o
                0x00000c38                mbed::Serial::~Serial()
                0x00000c4a                non-virtual thunk to mbed::Serial::~Serial()
                0x00000c50                non-virtual thunk to mbed::Serial::~Serial()
 *fill*         0x00000c56        0x2 ff
 .text.startup._GLOBAL__sub_I_s1
                0x00000c58      0x238 ./main.o
 .text.mbed_die
                0x00000e90      0x10c C:/Users/robak/Documents/LPCXpresso_8.2.2_650/workspace/RC522_LF/mbed/TARGET_LPC1768/TOOLCHAIN_GCC_CR/board.o
                0x00000e90                mbed_die
 .text.NVIC_SetVector
                0x00000f9c       0x3c C:/Users/robak/Documents/LPCXpresso_8.2.2_650/workspace/RC522_LF/mbed/TARGET_LPC1768/TOOLCHAIN_GCC_CR/cmsis_nvic.o
                0x00000f9c                NVIC_SetVector
 .text._ZN4mbed10FileHandle4flenEv
                0x00000fd8       0x34 C:/Users/robak/Documents/LPCXpresso_8.2.2_650/workspace/RC522_LF/mbed/TARGET_LPC1768/TOOLCHAIN_GCC_CR/retarget.o
                0x00000fd8                mbed::FileHandle::flen()
 .text._ZN4mbed10FileHandleD2Ev
                0x0000100c       0x2c C:/Users/robak/Documents/LPCXpresso_8.2.2_650/workspace/RC522_LF/mbed/TARGET_LPC1768/TOOLCHAIN_GCC_CR/retarget.o
                0x0000100c                mbed::FileHandle::~FileHandle()
                0x0000100c                mbed::FileHandle::~FileHandle()
 .text._ZN4mbed10FileHandleD0Ev
                0x00001038       0x34 C:/Users/robak/Documents/LPCXpresso_8.2.2_650/workspace/RC522_LF/mbed/TARGET_LPC1768/TOOLCHAIN_GCC_CR/retarget.o
                0x00001038                mbed::FileHandle::~FileHandle()
 .text._ZL11init_serialv.part.0
                0x0000106c       0x18 C:/Users/robak/Documents/LPCXpresso_8.2.2_650/workspace/RC522_LF/mbed/TARGET_LPC1768/TOOLCHAIN_GCC_CR/retarget.o
 .text._open    0x00001084       0xf8 C:/Users/robak/Documents/LPCXpresso_8.2.2_650/workspace/RC522_LF/mbed/TARGET_LPC1768/TOOLCHAIN_GCC_CR/retarget.o
                0x00001084                _open
 .text._close   0x0000117c       0x2c C:/Users/robak/Documents/LPCXpresso_8.2.2_650/workspace/RC522_LF/mbed/TARGET_LPC1768/TOOLCHAIN_GCC_CR/retarget.o
                0x0000117c                _close
 .text._write   0x000011a8       0x50 C:/Users/robak/Documents/LPCXpresso_8.2.2_650/workspace/RC522_LF/mbed/TARGET_LPC1768/TOOLCHAIN_GCC_CR/retarget.o
                0x000011a8                _write
 .text._read    0x000011f8       0x4c C:/Users/robak/Documents/LPCXpresso_8.2.2_650/workspace/RC522_LF/mbed/TARGET_LPC1768/TOOLCHAIN_GCC_CR/retarget.o
                0x000011f8                _read
 .text._isatty  0x00001244       0x28 C:/Users/robak/Documents/LPCXpresso_8.2.2_650/workspace/RC522_LF/mbed/TARGET_LPC1768/TOOLCHAIN_GCC_CR/retarget.o
                0x00001244                _isatty
 .text._lseek   0x0000126c       0x28 C:/Users/robak/Documents/LPCXpresso_8.2.2_650/workspace/RC522_LF/mbed/TARGET_LPC1768/TOOLCHAIN_GCC_CR/retarget.o
                0x0000126c                _lseek
 .text._fstat   0x00001294       0x20 C:/Users/robak/Documents/LPCXpresso_8.2.2_650/workspace/RC522_LF/mbed/TARGET_LPC1768/TOOLCHAIN_GCC_CR/retarget.o
                0x00001294                _fstat
 .text.exit     0x000012b4       0x30 C:/Users/robak/Documents/LPCXpresso_8.2.2_650/workspace/RC522_LF/mbed/TARGET_LPC1768/TOOLCHAIN_GCC_CR/retarget.o
                0x000012b4                exit
 .text.__cxa_pure_virtual
                0x000012e4        0x8 C:/Users/robak/Documents/LPCXpresso_8.2.2_650/workspace/RC522_LF/mbed/TARGET_LPC1768/TOOLCHAIN_GCC_CR/retarget.o
                0x000012e4                __cxa_pure_virtual
 .text._ZN4mbed26mbed_set_unbuffered_streamEP7__sFILE
                0x000012ec        0x8 C:/Users/robak/Documents/LPCXpresso_8.2.2_650/workspace/RC522_LF/mbed/TARGET_LPC1768/TOOLCHAIN_GCC_CR/retarget.o
                0x000012ec                mbed::mbed_set_unbuffered_stream(__sFILE*)
 .text.__aeabi_atexit
                0x000012f4        0x4 C:/Users/robak/Documents/LPCXpresso_8.2.2_650/workspace/RC522_LF/mbed/TARGET_LPC1768/TOOLCHAIN_GCC_CR/startup_LPC17xx.o
                0x000012f4                __aeabi_atexit
 .text._ZdlPv   0x000012f8        0x4 C:/Users/robak/Documents/LPCXpresso_8.2.2_650/workspace/RC522_LF/mbed/TARGET_LPC1768/TOOLCHAIN_GCC_CR/startup_LPC17xx.o
                0x000012f8                operator delete(void*)
 .text.SystemInit
                0x000012fc       0xb8 C:/Users/robak/Documents/LPCXpresso_8.2.2_650/workspace/RC522_LF/mbed/TARGET_LPC1768/TOOLCHAIN_GCC_CR/system_LPC17xx.o
                0x000012fc                SystemInit
 .text.pwmout_write
                0x000013b4       0x5c C:\Users\robak\Documents\LPCXpresso_8.2.2_650\workspace\RC522_LF\mbed\TARGET_LPC1768\TOOLCHAIN_GCC_CR\libmbed.a(pwmout_api.o)
                0x000013b4                pwmout_write
 .text.pwmout_period_us
                0x00001410       0x44 C:\Users\robak\Documents\LPCXpresso_8.2.2_650\workspace\RC522_LF\mbed\TARGET_LPC1768\TOOLCHAIN_GCC_CR\libmbed.a(pwmout_api.o)
                0x00001410                pwmout_period_us
 .text.pwmout_period
                0x00001454       0x20 C:\Users\robak\Documents\LPCXpresso_8.2.2_650\workspace\RC522_LF\mbed\TARGET_LPC1768\TOOLCHAIN_GCC_CR\libmbed.a(pwmout_api.o)
                0x00001454                pwmout_period
 .text.pwmout_init
                0x00001474       0xd8 C:\Users\robak\Documents\LPCXpresso_8.2.2_650\workspace\RC522_LF\mbed\TARGET_LPC1768\TOOLCHAIN_GCC_CR\libmbed.a(pwmout_api.o)
                0x00001474                pwmout_init
 .text.uart2_irq
                0x0000154c       0x64 C:\Users\robak\Documents\LPCXpresso_8.2.2_650\workspace\RC522_LF\mbed\TARGET_LPC1768\TOOLCHAIN_GCC_CR\libmbed.a(serial_api.o)
                0x0000154c                uart2_irq
 .text.serial_irq_set_internal
                0x000015b0       0xcc C:\Users\robak\Documents\LPCXpresso_8.2.2_650\workspace\RC522_LF\mbed\TARGET_LPC1768\TOOLCHAIN_GCC_CR\libmbed.a(serial_api.o)
 .text.uart0_irq
                0x0000167c       0x64 C:\Users\robak\Documents\LPCXpresso_8.2.2_650\workspace\RC522_LF\mbed\TARGET_LPC1768\TOOLCHAIN_GCC_CR\libmbed.a(serial_api.o)
                0x0000167c                uart0_irq
 .text.uart3_irq
                0x000016e0       0x6c C:\Users\robak\Documents\LPCXpresso_8.2.2_650\workspace\RC522_LF\mbed\TARGET_LPC1768\TOOLCHAIN_GCC_CR\libmbed.a(serial_api.o)
                0x000016e0                uart3_irq
 .text.uart1_irq
                0x0000174c       0x64 C:\Users\robak\Documents\LPCXpresso_8.2.2_650\workspace\RC522_LF\mbed\TARGET_LPC1768\TOOLCHAIN_GCC_CR\libmbed.a(serial_api.o)
                0x0000174c                uart1_irq
 .text.serial_baud
                0x000017b0      0x244 C:\Users\robak\Documents\LPCXpresso_8.2.2_650\workspace\RC522_LF\mbed\TARGET_LPC1768\TOOLCHAIN_GCC_CR\libmbed.a(serial_api.o)
                0x000017b0                serial_baud
 .text.serial_format
                0x000019f4       0x78 C:\Users\robak\Documents\LPCXpresso_8.2.2_650\workspace\RC522_LF\mbed\TARGET_LPC1768\TOOLCHAIN_GCC_CR\libmbed.a(serial_api.o)
                0x000019f4                serial_format
 .text.serial_irq_handler
                0x00001a6c       0x20 C:\Users\robak\Documents\LPCXpresso_8.2.2_650\workspace\RC522_LF\mbed\TARGET_LPC1768\TOOLCHAIN_GCC_CR\libmbed.a(serial_api.o)
                0x00001a6c                serial_irq_handler
 .text.serial_getc
                0x00001a8c       0x38 C:\Users\robak\Documents\LPCXpresso_8.2.2_650\workspace\RC522_LF\mbed\TARGET_LPC1768\TOOLCHAIN_GCC_CR\libmbed.a(serial_api.o)
                0x00001a8c                serial_getc
 .text.serial_writable
                0x00001ac4       0x74 C:\Users\robak\Documents\LPCXpresso_8.2.2_650\workspace\RC522_LF\mbed\TARGET_LPC1768\TOOLCHAIN_GCC_CR\libmbed.a(serial_api.o)
                0x00001ac4                serial_writable
 .text.serial_putc
                0x00001b38       0x34 C:\Users\robak\Documents\LPCXpresso_8.2.2_650\workspace\RC522_LF\mbed\TARGET_LPC1768\TOOLCHAIN_GCC_CR\libmbed.a(serial_api.o)
                0x00001b38                serial_putc
 .text.serial_set_flow_control
                0x00001b6c      0x12c C:\Users\robak\Documents\LPCXpresso_8.2.2_650\workspace\RC522_LF\mbed\TARGET_LPC1768\TOOLCHAIN_GCC_CR\libmbed.a(serial_api.o)
                0x00001b6c                serial_set_flow_control
 .text.serial_init
                0x00001c98      0x1bc C:\Users\robak\Documents\LPCXpresso_8.2.2_650\workspace\RC522_LF\mbed\TARGET_LPC1768\TOOLCHAIN_GCC_CR\libmbed.a(serial_api.o)
                0x00001c98                serial_init
 .text._ZN4mbed8FilePathC2EPKc
                0x00001e54       0x58 C:\Users\robak\Documents\LPCXpresso_8.2.2_650\workspace\RC522_LF\mbed\TARGET_LPC1768\TOOLCHAIN_GCC_CR\libmbed.a(FilePath.o)
                0x00001e54                mbed::FilePath::FilePath(char const*)
                0x00001e54                mbed::FilePath::FilePath(char const*)
 .text._ZN4mbed8FilePath8fileNameEv
                0x00001eac        0x4 C:\Users\robak\Documents\LPCXpresso_8.2.2_650\workspace\RC522_LF\mbed\TARGET_LPC1768\TOOLCHAIN_GCC_CR\libmbed.a(FilePath.o)
                0x00001eac                mbed::FilePath::fileName()
 .text._ZN4mbed8FilePath10fileSystemEv
                0x00001eb0       0x18 C:\Users\robak\Documents\LPCXpresso_8.2.2_650\workspace\RC522_LF\mbed\TARGET_LPC1768\TOOLCHAIN_GCC_CR\libmbed.a(FilePath.o)
                0x00001eb0                mbed::FilePath::fileSystem()
 .text._ZN4mbed8FilePath6isFileEv
                0x00001ec8       0x14 C:\Users\robak\Documents\LPCXpresso_8.2.2_650\workspace\RC522_LF\mbed\TARGET_LPC1768\TOOLCHAIN_GCC_CR\libmbed.a(FilePath.o)
                0x00001ec8                mbed::FilePath::isFile()
 .text._ZN4mbed8FilePath4fileEv
                0x00001edc       0x1c C:\Users\robak\Documents\LPCXpresso_8.2.2_650\workspace\RC522_LF\mbed\TARGET_LPC1768\TOOLCHAIN_GCC_CR\libmbed.a(FilePath.o)
                0x00001edc                mbed::FilePath::file()
 .text._ZN4mbed8FilePath6existsEv
                0x00001ef8        0xc C:\Users\robak\Documents\LPCXpresso_8.2.2_650\workspace\RC522_LF\mbed\TARGET_LPC1768\TOOLCHAIN_GCC_CR\libmbed.a(FilePath.o)
                0x00001ef8                mbed::FilePath::exists()
 .text._ZN4mbed3SPID2Ev
                0x00001f04        0xc C:\Users\robak\Documents\LPCXpresso_8.2.2_650\workspace\RC522_LF\mbed\TARGET_LPC1768\TOOLCHAIN_GCC_CR\libmbed.a(SPI.o)
                0x00001f04                mbed::SPI::~SPI()
                0x00001f04                mbed::SPI::~SPI()
 .text._ZN4mbed3SPID0Ev
                0x00001f10       0x14 C:\Users\robak\Documents\LPCXpresso_8.2.2_650\workspace\RC522_LF\mbed\TARGET_LPC1768\TOOLCHAIN_GCC_CR\libmbed.a(SPI.o)
                0x00001f10                mbed::SPI::~SPI()
 .text._ZN4mbed3SPIC2E7PinNameS1_S1_S1_
                0x00001f24       0x4c C:\Users\robak\Documents\LPCXpresso_8.2.2_650\workspace\RC522_LF\mbed\TARGET_LPC1768\TOOLCHAIN_GCC_CR\libmbed.a(SPI.o)
                0x00001f24                mbed::SPI::SPI(PinName, PinName, PinName, PinName)
                0x00001f24                mbed::SPI::SPI(PinName, PinName, PinName, PinName)
 .text._ZN4mbed3SPI6aquireEv
                0x00001f70       0x2c C:\Users\robak\Documents\LPCXpresso_8.2.2_650\workspace\RC522_LF\mbed\TARGET_LPC1768\TOOLCHAIN_GCC_CR\libmbed.a(SPI.o)
                0x00001f70                mbed::SPI::aquire()
 .text._ZN4mbed3SPI6formatEii
                0x00001f9c       0x18 C:\Users\robak\Documents\LPCXpresso_8.2.2_650\workspace\RC522_LF\mbed\TARGET_LPC1768\TOOLCHAIN_GCC_CR\libmbed.a(SPI.o)
                0x00001f9c                mbed::SPI::format(int, int)
 .text._ZN4mbed3SPI9frequencyEi
                0x00001fb4       0x10 C:\Users\robak\Documents\LPCXpresso_8.2.2_650\workspace\RC522_LF\mbed\TARGET_LPC1768\TOOLCHAIN_GCC_CR\libmbed.a(SPI.o)
                0x00001fb4                mbed::SPI::frequency(int)
 .text._ZN4mbed3SPI5writeEi
                0x00001fc4       0x18 C:\Users\robak\Documents\LPCXpresso_8.2.2_650\workspace\RC522_LF\mbed\TARGET_LPC1768\TOOLCHAIN_GCC_CR\libmbed.a(SPI.o)
                0x00001fc4                mbed::SPI::write(int)
 .text._ZN4mbed6Serial5_getcEv
                0x00001fdc        0x4 C:\Users\robak\Documents\LPCXpresso_8.2.2_650\workspace\RC522_LF\mbed\TARGET_LPC1768\TOOLCHAIN_GCC_CR\libmbed.a(Serial.o)
                0x00001fdc                mbed::Serial::_getc()
 .text._ZThn64_N4mbed6Serial5_getcEv
                0x00001fe0        0x8 C:\Users\robak\Documents\LPCXpresso_8.2.2_650\workspace\RC522_LF\mbed\TARGET_LPC1768\TOOLCHAIN_GCC_CR\libmbed.a(Serial.o)
                0x00001fe0                non-virtual thunk to mbed::Serial::_getc()
 .text._ZN4mbed6Serial5_putcEi
                0x00001fe8        0x4 C:\Users\robak\Documents\LPCXpresso_8.2.2_650\workspace\RC522_LF\mbed\TARGET_LPC1768\TOOLCHAIN_GCC_CR\libmbed.a(Serial.o)
                0x00001fe8                mbed::Serial::_putc(int)
 .text._ZThn64_N4mbed6Serial5_putcEi
                0x00001fec        0x8 C:\Users\robak\Documents\LPCXpresso_8.2.2_650\workspace\RC522_LF\mbed\TARGET_LPC1768\TOOLCHAIN_GCC_CR\libmbed.a(Serial.o)
                0x00001fec                non-virtual thunk to mbed::Serial::_putc(int)
 .text._ZN4mbed6SerialC2E7PinNameS1_PKc
                0x00001ff4       0x30 C:\Users\robak\Documents\LPCXpresso_8.2.2_650\workspace\RC522_LF\mbed\TARGET_LPC1768\TOOLCHAIN_GCC_CR\libmbed.a(Serial.o)
                0x00001ff4                mbed::Serial::Serial(PinName, PinName, char const*)
                0x00001ff4                mbed::Serial::Serial(PinName, PinName, char const*)
 .text._ZN4mbed10SerialBase12_irq_handlerEm9SerialIrq
                0x00002024       0x28 C:\Users\robak\Documents\LPCXpresso_8.2.2_650\workspace\RC522_LF\mbed\TARGET_LPC1768\TOOLCHAIN_GCC_CR\libmbed.a(SerialBase.o)
                0x00002024                mbed::SerialBase::_irq_handler(unsigned long, SerialIrq)
 .text._ZN4mbed10SerialBaseC2E7PinNameS1_
                0x0000204c       0x3c C:\Users\robak\Documents\LPCXpresso_8.2.2_650\workspace\RC522_LF\mbed\TARGET_LPC1768\TOOLCHAIN_GCC_CR\libmbed.a(SerialBase.o)
                0x0000204c                mbed::SerialBase::SerialBase(PinName, PinName)
                0x0000204c                mbed::SerialBase::SerialBase(PinName, PinName)
 .text._ZN4mbed10SerialBase4baudEi
                0x00002088       0x10 C:\Users\robak\Documents\LPCXpresso_8.2.2_650\workspace\RC522_LF\mbed\TARGET_LPC1768\TOOLCHAIN_GCC_CR\libmbed.a(SerialBase.o)
                0x00002088                mbed::SerialBase::baud(int)
 .text._ZN4mbed10SerialBase10_base_getcEv
                0x00002098        0x8 C:\Users\robak\Documents\LPCXpresso_8.2.2_650\workspace\RC522_LF\mbed\TARGET_LPC1768\TOOLCHAIN_GCC_CR\libmbed.a(SerialBase.o)
                0x00002098                mbed::SerialBase::_base_getc()
 .text._ZN4mbed10SerialBase10_base_putcEi
                0x000020a0       0x10 C:\Users\robak\Documents\LPCXpresso_8.2.2_650\workspace\RC522_LF\mbed\TARGET_LPC1768\TOOLCHAIN_GCC_CR\libmbed.a(SerialBase.o)
                0x000020a0                mbed::SerialBase::_base_putc(int)
 .text._ZN4mbed6Stream5closeEv
                0x000020b0        0x4 C:\Users\robak\Documents\LPCXpresso_8.2.2_650\workspace\RC522_LF\mbed\TARGET_LPC1768\TOOLCHAIN_GCC_CR\libmbed.a(Stream.o)
                0x000020b0                mbed::Stream::close()
 .text._ZN4mbed6Stream5writeEPKvj
                0x000020b4       0x30 C:\Users\robak\Documents\LPCXpresso_8.2.2_650\workspace\RC522_LF\mbed\TARGET_LPC1768\TOOLCHAIN_GCC_CR\libmbed.a(Stream.o)
                0x000020b4                mbed::Stream::write(void const*, unsigned int)
 .text._ZN4mbed6Stream4readEPvj
                0x000020e4       0x30 C:\Users\robak\Documents\LPCXpresso_8.2.2_650\workspace\RC522_LF\mbed\TARGET_LPC1768\TOOLCHAIN_GCC_CR\libmbed.a(Stream.o)
                0x000020e4                mbed::Stream::read(void*, unsigned int)
 .text._ZN4mbed6Stream5lseekEli
                0x00002114        0x4 C:\Users\robak\Documents\LPCXpresso_8.2.2_650\workspace\RC522_LF\mbed\TARGET_LPC1768\TOOLCHAIN_GCC_CR\libmbed.a(Stream.o)
                0x00002114                mbed::Stream::lseek(long, int)
 .text._ZN4mbed6Stream6isattyEv
                0x00002118        0x4 C:\Users\robak\Documents\LPCXpresso_8.2.2_650\workspace\RC522_LF\mbed\TARGET_LPC1768\TOOLCHAIN_GCC_CR\libmbed.a(Stream.o)
                0x00002118                mbed::Stream::isatty()
 .text._ZN4mbed6Stream5fsyncEv
                0x0000211c        0x4 C:\Users\robak\Documents\LPCXpresso_8.2.2_650\workspace\RC522_LF\mbed\TARGET_LPC1768\TOOLCHAIN_GCC_CR\libmbed.a(Stream.o)
                0x0000211c                mbed::Stream::fsync()
 .text._ZN4mbed6Stream4flenEv
                0x00002120        0x4 C:\Users\robak\Documents\LPCXpresso_8.2.2_650\workspace\RC522_LF\mbed\TARGET_LPC1768\TOOLCHAIN_GCC_CR\libmbed.a(Stream.o)
                0x00002120                mbed::Stream::flen()
 .text._ZN4mbed6StreamD2Ev
                0x00002124       0x24 C:\Users\robak\Documents\LPCXpresso_8.2.2_650\workspace\RC522_LF\mbed\TARGET_LPC1768\TOOLCHAIN_GCC_CR\libmbed.a(Stream.o)
                0x00002124                mbed::Stream::~Stream()
                0x00002124                mbed::Stream::~Stream()
 .text._ZThn4_N4mbed6StreamD1Ev
                0x00002148        0x8 C:\Users\robak\Documents\LPCXpresso_8.2.2_650\workspace\RC522_LF\mbed\TARGET_LPC1768\TOOLCHAIN_GCC_CR\libmbed.a(Stream.o)
                0x00002148                non-virtual thunk to mbed::Stream::~Stream()
 .text._ZN4mbed6StreamD0Ev
                0x00002150       0x14 C:\Users\robak\Documents\LPCXpresso_8.2.2_650\workspace\RC522_LF\mbed\TARGET_LPC1768\TOOLCHAIN_GCC_CR\libmbed.a(Stream.o)
                0x00002150                mbed::Stream::~Stream()
 .text._ZThn4_N4mbed6StreamD0Ev
                0x00002164        0x8 C:\Users\robak\Documents\LPCXpresso_8.2.2_650\workspace\RC522_LF\mbed\TARGET_LPC1768\TOOLCHAIN_GCC_CR\libmbed.a(Stream.o)
                0x00002164                non-virtual thunk to mbed::Stream::~Stream()
 .text._ZN4mbed6StreamC2EPKc
                0x0000216c       0x44 C:\Users\robak\Documents\LPCXpresso_8.2.2_650\workspace\RC522_LF\mbed\TARGET_LPC1768\TOOLCHAIN_GCC_CR\libmbed.a(Stream.o)
                0x0000216c                mbed::Stream::Stream(char const*)
                0x0000216c                mbed::Stream::Stream(char const*)
 .text._ZN4mbed6Stream6printfEPKcz
                0x000021b0       0x2c C:\Users\robak\Documents\LPCXpresso_8.2.2_650\workspace\RC522_LF\mbed\TARGET_LPC1768\TOOLCHAIN_GCC_CR\libmbed.a(Stream.o)
                0x000021b0                mbed::Stream::printf(char const*, ...)
 .text.mbed_assert_internal
                0x000021dc       0x18 C:\Users\robak\Documents\LPCXpresso_8.2.2_650\workspace\RC522_LF\mbed\TARGET_LPC1768\TOOLCHAIN_GCC_CR\libmbed.a(assert.o)
                0x000021dc                mbed_assert_internal
 .text.error    0x000021f4       0x24 C:\Users\robak\Documents\LPCXpresso_8.2.2_650\workspace\RC522_LF\mbed\TARGET_LPC1768\TOOLCHAIN_GCC_CR\libmbed.a(error.o)
                0x000021f4                error
 .text.gpio_init_in
                0x00002218       0x24 C:\Users\robak\Documents\LPCXpresso_8.2.2_650\workspace\RC522_LF\mbed\TARGET_LPC1768\TOOLCHAIN_GCC_CR\libmbed.a(gpio.o)
                0x00002218                gpio_init_in
 .text.gpio_init_out
                0x0000223c       0x44 C:\Users\robak\Documents\LPCXpresso_8.2.2_650\workspace\RC522_LF\mbed\TARGET_LPC1768\TOOLCHAIN_GCC_CR\libmbed.a(gpio.o)
                0x0000223c                gpio_init_out
 .text.gpio_init_out_ex
                0x00002280       0x54 C:\Users\robak\Documents\LPCXpresso_8.2.2_650\workspace\RC522_LF\mbed\TARGET_LPC1768\TOOLCHAIN_GCC_CR\libmbed.a(gpio.o)
                0x00002280                gpio_init_out_ex
 .text.mbed_interface_connected
                0x000022d4        0x4 C:\Users\robak\Documents\LPCXpresso_8.2.2_650\workspace\RC522_LF\mbed\TARGET_LPC1768\TOOLCHAIN_GCC_CR\libmbed.a(mbed_interface.o)
                0x000022d4                mbed_interface_connected
 .text.pinmap_pinout
                0x000022d8       0x40 C:\Users\robak\Documents\LPCXpresso_8.2.2_650\workspace\RC522_LF\mbed\TARGET_LPC1768\TOOLCHAIN_GCC_CR\libmbed.a(pinmap_common.o)
                0x000022d8                pinmap_pinout
 .text.pinmap_merge
                0x00002318       0x24 C:\Users\robak\Documents\LPCXpresso_8.2.2_650\workspace\RC522_LF\mbed\TARGET_LPC1768\TOOLCHAIN_GCC_CR\libmbed.a(pinmap_common.o)
                0x00002318                pinmap_merge
 .text.pinmap_find_peripheral
                0x0000233c       0x1c C:\Users\robak\Documents\LPCXpresso_8.2.2_650\workspace\RC522_LF\mbed\TARGET_LPC1768\TOOLCHAIN_GCC_CR\libmbed.a(pinmap_common.o)
                0x0000233c                pinmap_find_peripheral
 .text.pinmap_peripheral
                0x00002358       0x34 C:\Users\robak\Documents\LPCXpresso_8.2.2_650\workspace\RC522_LF\mbed\TARGET_LPC1768\TOOLCHAIN_GCC_CR\libmbed.a(pinmap_common.o)
                0x00002358                pinmap_peripheral
 .text.semihost_exit
                0x0000238c       0x18 C:\Users\robak\Documents\LPCXpresso_8.2.2_650\workspace\RC522_LF\mbed\TARGET_LPC1768\TOOLCHAIN_GCC_CR\libmbed.a(semihost_api.o)
                0x0000238c                semihost_exit
 .text.semihost_connected
                0x000023a4       0x10 C:\Users\robak\Documents\LPCXpresso_8.2.2_650\workspace\RC522_LF\mbed\TARGET_LPC1768\TOOLCHAIN_GCC_CR\libmbed.a(semihost_api.o)
                0x000023a4                semihost_connected
 .text.wait_us  0x000023b4       0x18 C:\Users\robak\Documents\LPCXpresso_8.2.2_650\workspace\RC522_LF\mbed\TARGET_LPC1768\TOOLCHAIN_GCC_CR\libmbed.a(wait_api.o)
                0x000023b4                wait_us
 .text.wait_ms  0x000023cc        0xc C:\Users\robak\Documents\LPCXpresso_8.2.2_650\workspace\RC522_LF\mbed\TARGET_LPC1768\TOOLCHAIN_GCC_CR\libmbed.a(wait_api.o)
                0x000023cc                wait_ms
 .text.gpio_set
                0x000023d8       0x30 C:\Users\robak\Documents\LPCXpresso_8.2.2_650\workspace\RC522_LF\mbed\TARGET_LPC1768\TOOLCHAIN_GCC_CR\libmbed.a(gpio_api.o)
                0x000023d8                gpio_set
 .text.gpio_init
                0x00002408       0x30 C:\Users\robak\Documents\LPCXpresso_8.2.2_650\workspace\RC522_LF\mbed\TARGET_LPC1768\TOOLCHAIN_GCC_CR\libmbed.a(gpio_api.o)
                0x00002408                gpio_init
 .text.gpio_mode
                0x00002438        0x8 C:\Users\robak\Documents\LPCXpresso_8.2.2_650\workspace\RC522_LF\mbed\TARGET_LPC1768\TOOLCHAIN_GCC_CR\libmbed.a(gpio_api.o)
                0x00002438                gpio_mode
 .text.gpio_dir
                0x00002440       0x44 C:\Users\robak\Documents\LPCXpresso_8.2.2_650\workspace\RC522_LF\mbed\TARGET_LPC1768\TOOLCHAIN_GCC_CR\libmbed.a(gpio_api.o)
                0x00002440                gpio_dir
 .text.pin_function
                0x00002484       0x50 C:\Users\robak\Documents\LPCXpresso_8.2.2_650\workspace\RC522_LF\mbed\TARGET_LPC1768\TOOLCHAIN_GCC_CR\libmbed.a(pinmap.o)
                0x00002484                pin_function
 .text.pin_mode
                0x000024d4       0x78 C:\Users\robak\Documents\LPCXpresso_8.2.2_650\workspace\RC522_LF\mbed\TARGET_LPC1768\TOOLCHAIN_GCC_CR\libmbed.a(pinmap.o)
                0x000024d4                pin_mode
 .text.spi_init
                0x0000254c       0xf0 C:\Users\robak\Documents\LPCXpresso_8.2.2_650\workspace\RC522_LF\mbed\TARGET_LPC1768\TOOLCHAIN_GCC_CR\libmbed.a(spi_api.o)
                0x0000254c                spi_init
 .text.spi_format
                0x0000263c       0x70 C:\Users\robak\Documents\LPCXpresso_8.2.2_650\workspace\RC522_LF\mbed\TARGET_LPC1768\TOOLCHAIN_GCC_CR\libmbed.a(spi_api.o)
                0x0000263c                spi_format
 .text.spi_frequency
                0x000026ac       0xd0 C:\Users\robak\Documents\LPCXpresso_8.2.2_650\workspace\RC522_LF\mbed\TARGET_LPC1768\TOOLCHAIN_GCC_CR\libmbed.a(spi_api.o)
                0x000026ac                spi_frequency
 .text.spi_master_write
                0x0000277c       0x14 C:\Users\robak\Documents\LPCXpresso_8.2.2_650\workspace\RC522_LF\mbed\TARGET_LPC1768\TOOLCHAIN_GCC_CR\libmbed.a(spi_api.o)
                0x0000277c                spi_master_write
 .text.us_ticker_init
                0x00002790       0x68 C:\Users\robak\Documents\LPCXpresso_8.2.2_650\workspace\RC522_LF\mbed\TARGET_LPC1768\TOOLCHAIN_GCC_CR\libmbed.a(us_ticker.o)
                0x00002790                us_ticker_init
 .text.us_ticker_read
                0x000027f8       0x1c C:\Users\robak\Documents\LPCXpresso_8.2.2_650\workspace\RC522_LF\mbed\TARGET_LPC1768\TOOLCHAIN_GCC_CR\libmbed.a(us_ticker.o)
                0x000027f8                us_ticker_read
 .text.us_ticker_set_interrupt
                0x00002814       0x14 C:\Users\robak\Documents\LPCXpresso_8.2.2_650\workspace\RC522_LF\mbed\TARGET_LPC1768\TOOLCHAIN_GCC_CR\libmbed.a(us_ticker.o)
                0x00002814                us_ticker_set_interrupt
 .text.us_ticker_disable_interrupt
                0x00002828       0x10 C:\Users\robak\Documents\LPCXpresso_8.2.2_650\workspace\RC522_LF\mbed\TARGET_LPC1768\TOOLCHAIN_GCC_CR\libmbed.a(us_ticker.o)
                0x00002828                us_ticker_disable_interrupt
 .text.us_ticker_clear_interrupt
                0x00002838        0xc C:\Users\robak\Documents\LPCXpresso_8.2.2_650\workspace\RC522_LF\mbed\TARGET_LPC1768\TOOLCHAIN_GCC_CR\libmbed.a(us_ticker.o)
                0x00002838                us_ticker_clear_interrupt
 .text._ZN4mbed8FileLikeD2Ev
                0x00002844       0x24 C:\Users\robak\Documents\LPCXpresso_8.2.2_650\workspace\RC522_LF\mbed\TARGET_LPC1768\TOOLCHAIN_GCC_CR\libmbed.a(FileLike.o)
                0x00002844                mbed::FileLike::~FileLike()
                0x00002844                mbed::FileLike::~FileLike()
 .text._ZThn4_N4mbed8FileLikeD1Ev
                0x00002868        0x8 C:\Users\robak\Documents\LPCXpresso_8.2.2_650\workspace\RC522_LF\mbed\TARGET_LPC1768\TOOLCHAIN_GCC_CR\libmbed.a(FileLike.o)
                0x00002868                non-virtual thunk to mbed::FileLike::~FileLike()
 .text._ZN4mbed8FileLikeD0Ev
                0x00002870       0x2c C:\Users\robak\Documents\LPCXpresso_8.2.2_650\workspace\RC522_LF\mbed\TARGET_LPC1768\TOOLCHAIN_GCC_CR\libmbed.a(FileLike.o)
                0x00002870                mbed::FileLike::~FileLike()
 .text._ZThn4_N4mbed8FileLikeD0Ev
                0x0000289c        0x8 C:\Users\robak\Documents\LPCXpresso_8.2.2_650\workspace\RC522_LF\mbed\TARGET_LPC1768\TOOLCHAIN_GCC_CR\libmbed.a(FileLike.o)
                0x0000289c                non-virtual thunk to mbed::FileLike::~FileLike()
 .text._ZN4mbed8FileLikeC2EPKc
                0x000028a4       0x28 C:\Users\robak\Documents\LPCXpresso_8.2.2_650\workspace\RC522_LF\mbed\TARGET_LPC1768\TOOLCHAIN_GCC_CR\libmbed.a(FileLike.o)
                0x000028a4                mbed::FileLike::FileLike(char const*)
                0x000028a4                mbed::FileLike::FileLike(char const*)
 .text._ZN4mbed8FileBaseD2Ev
                0x000028cc       0x30 C:\Users\robak\Documents\LPCXpresso_8.2.2_650\workspace\RC522_LF\mbed\TARGET_LPC1768\TOOLCHAIN_GCC_CR\libmbed.a(FileBase.o)
                0x000028cc                mbed::FileBase::~FileBase()
                0x000028cc                mbed::FileBase::~FileBase()
 .text._ZN4mbed8FileBaseD0Ev
                0x000028fc       0x3c C:\Users\robak\Documents\LPCXpresso_8.2.2_650\workspace\RC522_LF\mbed\TARGET_LPC1768\TOOLCHAIN_GCC_CR\libmbed.a(FileBase.o)
                0x000028fc                mbed::FileBase::~FileBase()
 .text._ZN4mbed8FileBaseC2EPKcNS_8PathTypeE
                0x00002938       0x28 C:\Users\robak\Documents\LPCXpresso_8.2.2_650\workspace\RC522_LF\mbed\TARGET_LPC1768\TOOLCHAIN_GCC_CR\libmbed.a(FileBase.o)
                0x00002938                mbed::FileBase::FileBase(char const*, mbed::PathType)
                0x00002938                mbed::FileBase::FileBase(char const*, mbed::PathType)
 .text._ZN4mbed8FileBase6lookupEPKcj
                0x00002960       0x3c C:\Users\robak\Documents\LPCXpresso_8.2.2_650\workspace\RC522_LF\mbed\TARGET_LPC1768\TOOLCHAIN_GCC_CR\libmbed.a(FileBase.o)
                0x00002960                mbed::FileBase::lookup(char const*, unsigned int)
 .text._ZN4mbed8FileBase11getPathTypeEv
                0x0000299c        0x4 C:\Users\robak\Documents\LPCXpresso_8.2.2_650\workspace\RC522_LF\mbed\TARGET_LPC1768\TOOLCHAIN_GCC_CR\libmbed.a(FileBase.o)
                0x0000299c                mbed::FileBase::getPathType()
 .text.us_ticker_irq_handler
                0x000029a0        0xc C:\Users\robak\Documents\LPCXpresso_8.2.2_650\workspace\RC522_LF\mbed\TARGET_LPC1768\TOOLCHAIN_GCC_CR\libmbed.a(us_ticker_api.o)
                0x000029a0                us_ticker_irq_handler
 .text.ticker_irq_handler
                0x000029ac       0x48 C:\Users\robak\Documents\LPCXpresso_8.2.2_650\workspace\RC522_LF\mbed\TARGET_LPC1768\TOOLCHAIN_GCC_CR\libmbed.a(ticker_api.o)
                0x000029ac                ticker_irq_handler
 .text          0x000029f4      0x370 c:/nxp/lpcxpresso_8.2.2_650/lpcxpresso/tools/bin/../lib/gcc/arm-none-eabi/5.4.1/armv7-m\libgcc.a(_arm_addsubdf3.o)
                0x000029f4                __aeabi_drsub
                0x000029fc                __aeabi_dsub
                0x000029fc                __subdf3
                0x00002a00                __aeabi_dadd
                0x00002a00                __adddf3
                0x00002c78                __floatunsidf
                0x00002c78                __aeabi_ui2d
                0x00002c98                __floatsidf
                0x00002c98                __aeabi_i2d
                0x00002cbc                __aeabi_f2d
                0x00002cbc                __extendsfdf2
                0x00002cf8                __floatundidf
                0x00002cf8                __aeabi_ul2d
                0x00002d08                __floatdidf
                0x00002d08                __aeabi_l2d
 .text          0x00002d64       0x50 c:/nxp/lpcxpresso_8.2.2_650/lpcxpresso/tools/bin/../lib/gcc/arm-none-eabi/5.4.1/armv7-m\libgcc.a(_arm_fixdfsi.o)
                0x00002d64                __aeabi_d2iz
                0x00002d64                __fixdfsi
 .text          0x00002db4      0x21c c:/nxp/lpcxpresso_8.2.2_650/lpcxpresso/tools/bin/../lib/gcc/arm-none-eabi/5.4.1/armv7-m\libgcc.a(_arm_addsubsf3.o)
                0x00002db4                __aeabi_frsub
                0x00002dbc                __subsf3
                0x00002dbc                __aeabi_fsub
                0x00002dc0                __aeabi_fadd
                0x00002dc0                __addsf3
                0x00002f20                __aeabi_ui2f
                0x00002f20                __floatunsisf
                0x00002f28                __aeabi_i2f
                0x00002f28                __floatsisf
                0x00002f44                __aeabi_ul2f
                0x00002f44                __floatundisf
                0x00002f54                __aeabi_l2f
                0x00002f54                __floatdisf
 .text          0x00002fd0      0x2a0 c:/nxp/lpcxpresso_8.2.2_650/lpcxpresso/tools/bin/../lib/gcc/arm-none-eabi/5.4.1/armv7-m\libgcc.a(_arm_muldivsf3.o)
                0x00002fd0                __mulsf3
                0x00002fd0                __aeabi_fmul
                0x00003138                __aeabi_fdiv
                0x00003138                __divsf3
 .text          0x00003270       0xec c:/nxp/lpcxpresso_8.2.2_650/lpcxpresso/tools/bin/../lib/gcc/arm-none-eabi/5.4.1/armv7-m\libgcc.a(_arm_cmpsf2.o)
                0x00003270                __gesf2
                0x00003270                __gtsf2
                0x00003278                __lesf2
                0x00003278                __ltsf2
                0x00003280                __nesf2
                0x00003280                __eqsf2
                0x00003280                __cmpsf2
                0x000032e0                __aeabi_cfrcmple
                0x000032e8                __aeabi_cfcmpeq
                0x000032e8                __aeabi_cfcmple
                0x000032f8                __aeabi_fcmpeq
                0x0000330c                __aeabi_fcmplt
                0x00003320                __aeabi_fcmple
                0x00003334                __aeabi_fcmpge
                0x00003348                __aeabi_fcmpgt
 .text          0x0000335c       0x4c c:/nxp/lpcxpresso_8.2.2_650/lpcxpresso/tools/bin/../lib/gcc/arm-none-eabi/5.4.1/armv7-m\libgcc.a(_arm_fixsfsi.o)
                0x0000335c                __aeabi_f2iz
                0x0000335c                __fixsfsi
 .text          0x000033a8       0x40 c:/nxp/lpcxpresso_8.2.2_650/lpcxpresso/tools/bin/../lib/gcc/arm-none-eabi/5.4.1/armv7-m\libgcc.a(_arm_fixunssfsi.o)
                0x000033a8                __fixunssfsi
                0x000033a8                __aeabi_f2uiz
 .text          0x000033e8       0x30 c:/nxp/lpcxpresso_8.2.2_650/lpcxpresso/tools/bin/../lib/gcc/arm-none-eabi/5.4.1/armv7-m\libgcc.a(_aeabi_uldivmod.o)
                0x000033e8                __aeabi_uldivmod
 .text          0x00003418      0x2ec c:/nxp/lpcxpresso_8.2.2_650/lpcxpresso/tools/bin/../lib/gcc/arm-none-eabi/5.4.1/armv7-m\libgcc.a(_udivmoddi4.o)
                0x00003418                __udivmoddi4
 .text          0x00003704        0x4 c:/nxp/lpcxpresso_8.2.2_650/lpcxpresso/tools/bin/../lib/gcc/arm-none-eabi/5.4.1/armv7-m\libgcc.a(_dvmd_tls.o)
                0x00003704                __aeabi_idiv0
                0x00003704                __aeabi_ldiv0
 .text.abs      0x00003708        0x8 c:/nxp/lpcxpresso_8.2.2_650/lpcxpresso/tools/bin/../lib/gcc/arm-none-eabi/5.4.1/../../../../arm-none-eabi/lib/armv7-m\libc.a(lib_a-abs.o)
                0x00003708                abs
 .text.__errno  0x00003710        0xc c:/nxp/lpcxpresso_8.2.2_650/lpcxpresso/tools/bin/../lib/gcc/arm-none-eabi/5.4.1/../../../../arm-none-eabi/lib/armv7-m\libc.a(lib_a-errno.o)
                0x00003710                __errno
 .text._fclose_r
                0x0000371c       0x84 c:/nxp/lpcxpresso_8.2.2_650/lpcxpresso/tools/bin/../lib/gcc/arm-none-eabi/5.4.1/../../../../arm-none-eabi/lib/armv7-m\libc.a(lib_a-fclose.o)
                0x0000371c                _fclose_r
 .text.fclose   0x000037a0       0x10 c:/nxp/lpcxpresso_8.2.2_650/lpcxpresso/tools/bin/../lib/gcc/arm-none-eabi/5.4.1/../../../../arm-none-eabi/lib/armv7-m\libc.a(lib_a-fclose.o)
                0x000037a0                fclose
 .text.__sflush_r
                0x000037b0      0x148 c:/nxp/lpcxpresso_8.2.2_650/lpcxpresso/tools/bin/../lib/gcc/arm-none-eabi/5.4.1/../../../../arm-none-eabi/lib/armv7-m\libc.a(lib_a-fflush.o)
                0x000037b0                __sflush_r
 .text._fflush_r
                0x000038f8       0x2c c:/nxp/lpcxpresso_8.2.2_650/lpcxpresso/tools/bin/../lib/gcc/arm-none-eabi/5.4.1/../../../../arm-none-eabi/lib/armv7-m\libc.a(lib_a-fflush.o)
                0x000038f8                _fflush_r
 .text.fflush   0x00003924       0x24 c:/nxp/lpcxpresso_8.2.2_650/lpcxpresso/tools/bin/../lib/gcc/arm-none-eabi/5.4.1/../../../../arm-none-eabi/lib/armv7-m\libc.a(lib_a-fflush.o)
                0x00003924                fflush
 .text._cleanup_r
                0x00003948        0xc c:/nxp/lpcxpresso_8.2.2_650/lpcxpresso/tools/bin/../lib/gcc/arm-none-eabi/5.4.1/../../../../arm-none-eabi/lib/armv7-m\libc.a(lib_a-findfp.o)
                0x00003948                _cleanup_r
 .text.__sinit.part.1
                0x00003954       0xf0 c:/nxp/lpcxpresso_8.2.2_650/lpcxpresso/tools/bin/../lib/gcc/arm-none-eabi/5.4.1/../../../../arm-none-eabi/lib/armv7-m\libc.a(lib_a-findfp.o)
 .text.__sfmoreglue
                0x00003a44       0x30 c:/nxp/lpcxpresso_8.2.2_650/lpcxpresso/tools/bin/../lib/gcc/arm-none-eabi/5.4.1/../../../../arm-none-eabi/lib/armv7-m\libc.a(lib_a-findfp.o)
                0x00003a44                __sfmoreglue
 .text.__sfp    0x00003a74       0x88 c:/nxp/lpcxpresso_8.2.2_650/lpcxpresso/tools/bin/../lib/gcc/arm-none-eabi/5.4.1/../../../../arm-none-eabi/lib/armv7-m\libc.a(lib_a-findfp.o)
                0x00003a74                __sfp
 .text.__sinit  0x00003afc        0xc c:/nxp/lpcxpresso_8.2.2_650/lpcxpresso/tools/bin/../lib/gcc/arm-none-eabi/5.4.1/../../../../arm-none-eabi/lib/armv7-m\libc.a(lib_a-findfp.o)
                0x00003afc                __sinit
 .text.__sfp_lock_acquire
                0x00003b08        0x4 c:/nxp/lpcxpresso_8.2.2_650/lpcxpresso/tools/bin/../lib/gcc/arm-none-eabi/5.4.1/../../../../arm-none-eabi/lib/armv7-m\libc.a(lib_a-findfp.o)
                0x00003b08                __sfp_lock_acquire
 .text.__sfp_lock_release
                0x00003b0c        0x4 c:/nxp/lpcxpresso_8.2.2_650/lpcxpresso/tools/bin/../lib/gcc/arm-none-eabi/5.4.1/../../../../arm-none-eabi/lib/armv7-m\libc.a(lib_a-findfp.o)
                0x00003b0c                __sfp_lock_release
 .text._fopen_r
                0x00003b10       0x8c c:/nxp/lpcxpresso_8.2.2_650/lpcxpresso/tools/bin/../lib/gcc/arm-none-eabi/5.4.1/../../../../arm-none-eabi/lib/armv7-m\libc.a(lib_a-fopen.o)
                0x00003b10                _fopen_r
 .text.fopen    0x00003b9c       0x10 c:/nxp/lpcxpresso_8.2.2_650/lpcxpresso/tools/bin/../lib/gcc/arm-none-eabi/5.4.1/../../../../arm-none-eabi/lib/armv7-m\libc.a(lib_a-fopen.o)
                0x00003b9c                fopen
 .text._malloc_trim_r
                0x00003bac       0x9c c:/nxp/lpcxpresso_8.2.2_650/lpcxpresso/tools/bin/../lib/gcc/arm-none-eabi/5.4.1/../../../../arm-none-eabi/lib/armv7-m\libc.a(lib_a-freer.o)
                0x00003bac                _malloc_trim_r
 .text._free_r  0x00003c48      0x1d0 c:/nxp/lpcxpresso_8.2.2_650/lpcxpresso/tools/bin/../lib/gcc/arm-none-eabi/5.4.1/../../../../arm-none-eabi/lib/armv7-m\libc.a(lib_a-freer.o)
                0x00003c48                _free_r
 .text._fseek_r
                0x00003e18        0x4 c:/nxp/lpcxpresso_8.2.2_650/lpcxpresso/tools/bin/../lib/gcc/arm-none-eabi/5.4.1/../../../../arm-none-eabi/lib/armv7-m\libc.a(lib_a-fseek.o)
                0x00003e18                _fseek_r
 .text._fseeko_r
                0x00003e1c      0x2c4 c:/nxp/lpcxpresso_8.2.2_650/lpcxpresso/tools/bin/../lib/gcc/arm-none-eabi/5.4.1/../../../../arm-none-eabi/lib/armv7-m\libc.a(lib_a-fseeko.o)
                0x00003e1c                _fseeko_r
 .text._fstat_r
                0x000040e0       0x28 c:/nxp/lpcxpresso_8.2.2_650/lpcxpresso/tools/bin/../lib/gcc/arm-none-eabi/5.4.1/../../../../arm-none-eabi/lib/armv7-m\libc.a(lib_a-fstatr.o)
                0x000040e0                _fstat_r
 .text.__sfvwrite_r
                0x00004108      0x308 c:/nxp/lpcxpresso_8.2.2_650/lpcxpresso/tools/bin/../lib/gcc/arm-none-eabi/5.4.1/../../../../arm-none-eabi/lib/armv7-m\libc.a(lib_a-fvwrite.o)
                0x00004108                __sfvwrite_r
 .text._fwalk   0x00004410       0x48 c:/nxp/lpcxpresso_8.2.2_650/lpcxpresso/tools/bin/../lib/gcc/arm-none-eabi/5.4.1/../../../../arm-none-eabi/lib/armv7-m\libc.a(lib_a-fwalk.o)
                0x00004410                _fwalk
 .text._fwalk_reent
                0x00004458       0x50 c:/nxp/lpcxpresso_8.2.2_650/lpcxpresso/tools/bin/../lib/gcc/arm-none-eabi/5.4.1/../../../../arm-none-eabi/lib/armv7-m\libc.a(lib_a-fwalk.o)
                0x00004458                _fwalk_reent
 .text.__libc_init_array
                0x000044a8       0x50 c:/nxp/lpcxpresso_8.2.2_650/lpcxpresso/tools/bin/../lib/gcc/arm-none-eabi/5.4.1/../../../../arm-none-eabi/lib/armv7-m\libc.a(lib_a-init.o)
                0x000044a8                __libc_init_array
 .text.__swhatbuf_r
                0x000044f8       0x60 c:/nxp/lpcxpresso_8.2.2_650/lpcxpresso/tools/bin/../lib/gcc/arm-none-eabi/5.4.1/../../../../arm-none-eabi/lib/armv7-m\libc.a(lib_a-makebuf.o)
                0x000044f8                __swhatbuf_r
 .text.__smakebuf_r
                0x00004558       0x88 c:/nxp/lpcxpresso_8.2.2_650/lpcxpresso/tools/bin/../lib/gcc/arm-none-eabi/5.4.1/../../../../arm-none-eabi/lib/armv7-m\libc.a(lib_a-makebuf.o)
                0x00004558                __smakebuf_r
 .text.malloc   0x000045e0       0x10 c:/nxp/lpcxpresso_8.2.2_650/lpcxpresso/tools/bin/../lib/gcc/arm-none-eabi/5.4.1/../../../../arm-none-eabi/lib/armv7-m\libc.a(lib_a-malloc.o)
                0x000045e0                malloc
 .text.free     0x000045f0       0x10 c:/nxp/lpcxpresso_8.2.2_650/lpcxpresso/tools/bin/../lib/gcc/arm-none-eabi/5.4.1/../../../../arm-none-eabi/lib/armv7-m\libc.a(lib_a-malloc.o)
                0x000045f0                free
 .text._malloc_r
                0x00004600      0x558 c:/nxp/lpcxpresso_8.2.2_650/lpcxpresso/tools/bin/../lib/gcc/arm-none-eabi/5.4.1/../../../../arm-none-eabi/lib/armv7-m\libc.a(lib_a-mallocr.o)
                0x00004600                _malloc_r
 .text.memchr   0x00004b58       0x8c c:/nxp/lpcxpresso_8.2.2_650/lpcxpresso/tools/bin/../lib/gcc/arm-none-eabi/5.4.1/../../../../arm-none-eabi/lib/armv7-m\libc.a(lib_a-memchr-stub.o)
                0x00004b58                memchr
 .text          0x00004be4       0xec c:/nxp/lpcxpresso_8.2.2_650/lpcxpresso/tools/bin/../lib/gcc/arm-none-eabi/5.4.1/../../../../arm-none-eabi/lib/armv7-m\libc.a(lib_a-memcpy.o)
                0x00004be4                memcpy
 .text.memmove  0x00004cd0       0xc8 c:/nxp/lpcxpresso_8.2.2_650/lpcxpresso/tools/bin/../lib/gcc/arm-none-eabi/5.4.1/../../../../arm-none-eabi/lib/armv7-m\libc.a(lib_a-memmove.o)
                0x00004cd0                memmove
 .text.memset   0x00004d98       0x9c c:/nxp/lpcxpresso_8.2.2_650/lpcxpresso/tools/bin/../lib/gcc/arm-none-eabi/5.4.1/../../../../arm-none-eabi/lib/armv7-m\libc.a(lib_a-memset.o)
                0x00004d98                memset
 .text.__malloc_lock
                0x00004e34        0x4 c:/nxp/lpcxpresso_8.2.2_650/lpcxpresso/tools/bin/../lib/gcc/arm-none-eabi/5.4.1/../../../../arm-none-eabi/lib/armv7-m\libc.a(lib_a-mlock.o)
                0x00004e34                __malloc_lock
 .text.__malloc_unlock
                0x00004e38        0x4 c:/nxp/lpcxpresso_8.2.2_650/lpcxpresso/tools/bin/../lib/gcc/arm-none-eabi/5.4.1/../../../../arm-none-eabi/lib/armv7-m\libc.a(lib_a-mlock.o)
                0x00004e38                __malloc_unlock
 .text._open_r  0x00004e3c       0x2c c:/nxp/lpcxpresso_8.2.2_650/lpcxpresso/tools/bin/../lib/gcc/arm-none-eabi/5.4.1/../../../../arm-none-eabi/lib/armv7-m\libc.a(lib_a-openr.o)
                0x00004e3c                _open_r
 .text._realloc_r
                0x00004e68      0x3d4 c:/nxp/lpcxpresso_8.2.2_650/lpcxpresso/tools/bin/../lib/gcc/arm-none-eabi/5.4.1/../../../../arm-none-eabi/lib/armv7-m\libc.a(lib_a-reallocr.o)
                0x00004e68                _realloc_r
 .text.lflush   0x0000523c       0x14 c:/nxp/lpcxpresso_8.2.2_650/lpcxpresso/tools/bin/../lib/gcc/arm-none-eabi/5.4.1/../../../../arm-none-eabi/lib/armv7-m\libc.a(lib_a-refill.o)
 .text.__srefill_r
                0x00005250      0x114 c:/nxp/lpcxpresso_8.2.2_650/lpcxpresso/tools/bin/../lib/gcc/arm-none-eabi/5.4.1/../../../../arm-none-eabi/lib/armv7-m\libc.a(lib_a-refill.o)
                0x00005250                __srefill_r
 .text._sbrk_r  0x00005364       0x24 c:/nxp/lpcxpresso_8.2.2_650/lpcxpresso/tools/bin/../lib/gcc/arm-none-eabi/5.4.1/../../../../arm-none-eabi/lib/armv7-m\libc.a(lib_a-sbrkr.o)
                0x00005364                _sbrk_r
 .text.setbuf   0x00005388       0x10 c:/nxp/lpcxpresso_8.2.2_650/lpcxpresso/tools/bin/../lib/gcc/arm-none-eabi/5.4.1/../../../../arm-none-eabi/lib/armv7-m\libc.a(lib_a-setbuf.o)
                0x00005388                setbuf
 .text.setvbuf  0x00005398      0x150 c:/nxp/lpcxpresso_8.2.2_650/lpcxpresso/tools/bin/../lib/gcc/arm-none-eabi/5.4.1/../../../../arm-none-eabi/lib/armv7-m\libc.a(lib_a-setvbuf.o)
                0x00005398                setvbuf
 .text.sprintf  0x000054e8       0x4c c:/nxp/lpcxpresso_8.2.2_650/lpcxpresso/tools/bin/../lib/gcc/arm-none-eabi/5.4.1/../../../../arm-none-eabi/lib/armv7-m\libc.a(lib_a-sprintf.o)
                0x000054e8                sprintf
 .text.sscanf   0x00005534       0x58 c:/nxp/lpcxpresso_8.2.2_650/lpcxpresso/tools/bin/../lib/gcc/arm-none-eabi/5.4.1/../../../../arm-none-eabi/lib/armv7-m\libc.a(lib_a-sscanf.o)
                0x00005534                sscanf
 .text.__sread  0x0000558c       0x24 c:/nxp/lpcxpresso_8.2.2_650/lpcxpresso/tools/bin/../lib/gcc/arm-none-eabi/5.4.1/../../../../arm-none-eabi/lib/armv7-m\libc.a(lib_a-stdio.o)
                0x0000558c                __sread
 .text.__seofread
                0x000055b0        0x4 c:/nxp/lpcxpresso_8.2.2_650/lpcxpresso/tools/bin/../lib/gcc/arm-none-eabi/5.4.1/../../../../arm-none-eabi/lib/armv7-m\libc.a(lib_a-stdio.o)
                0x000055b0                __seofread
 .text.__swrite
                0x000055b4       0x3c c:/nxp/lpcxpresso_8.2.2_650/lpcxpresso/tools/bin/../lib/gcc/arm-none-eabi/5.4.1/../../../../arm-none-eabi/lib/armv7-m\libc.a(lib_a-stdio.o)
                0x000055b4                __swrite
 .text.__sseek  0x000055f0       0x20 c:/nxp/lpcxpresso_8.2.2_650/lpcxpresso/tools/bin/../lib/gcc/arm-none-eabi/5.4.1/../../../../arm-none-eabi/lib/armv7-m\libc.a(lib_a-stdio.o)
                0x000055f0                __sseek
 .text.__sclose
                0x00005610        0x8 c:/nxp/lpcxpresso_8.2.2_650/lpcxpresso/tools/bin/../lib/gcc/arm-none-eabi/5.4.1/../../../../arm-none-eabi/lib/armv7-m\libc.a(lib_a-stdio.o)
                0x00005610                __sclose
 .text          0x00005618      0x1bc c:/nxp/lpcxpresso_8.2.2_650/lpcxpresso/tools/bin/../lib/gcc/arm-none-eabi/5.4.1/../../../../arm-none-eabi/lib/armv7-m\libc.a(lib_a-strcmp.o)
                0x00005618                strcmp
 .text.strlen   0x000057d4       0x5c c:/nxp/lpcxpresso_8.2.2_650/lpcxpresso/tools/bin/../lib/gcc/arm-none-eabi/5.4.1/../../../../arm-none-eabi/lib/armv7-m\libc.a(lib_a-strlen-stub.o)
                0x000057d4                strlen
 .text.strncmp  0x00005830       0x9c c:/nxp/lpcxpresso_8.2.2_650/lpcxpresso/tools/bin/../lib/gcc/arm-none-eabi/5.4.1/../../../../arm-none-eabi/lib/armv7-m\libc.a(lib_a-strncmp.o)
                0x00005830                strncmp
 .text._svfprintf_r
                0x000058cc     0x175c c:/nxp/lpcxpresso_8.2.2_650/lpcxpresso/tools/bin/../lib/gcc/arm-none-eabi/5.4.1/../../../../arm-none-eabi/lib/armv7-m\libc.a(lib_a-svfprintf.o)
                0x000058cc                _svfprintf_r
 .text.__ssvfscanf_r
                0x00007028      0xeac c:/nxp/lpcxpresso_8.2.2_650/lpcxpresso/tools/bin/../lib/gcc/arm-none-eabi/5.4.1/../../../../arm-none-eabi/lib/armv7-m\libc.a(lib_a-svfscanf.o)
                0x00007028                __ssvfscanf_r
 .text._vfprintf_r
                0x00007ed4     0x1788 c:/nxp/lpcxpresso_8.2.2_650/lpcxpresso/tools/bin/../lib/gcc/arm-none-eabi/5.4.1/../../../../arm-none-eabi/lib/armv7-m\libc.a(lib_a-vfprintf.o)
                0x00007ed4                _vfprintf_r
 .text.vfprintf
                0x0000965c       0x18 c:/nxp/lpcxpresso_8.2.2_650/lpcxpresso/tools/bin/../lib/gcc/arm-none-eabi/5.4.1/../../../../arm-none-eabi/lib/armv7-m\libc.a(lib_a-vfprintf.o)
                0x0000965c                vfprintf
 .text.__sbprintf
                0x00009674       0x6c c:/nxp/lpcxpresso_8.2.2_650/lpcxpresso/tools/bin/../lib/gcc/arm-none-eabi/5.4.1/../../../../arm-none-eabi/lib/armv7-m\libc.a(lib_a-vfprintf.o)
 .text.__swbuf_r
                0x000096e0       0xac c:/nxp/lpcxpresso_8.2.2_650/lpcxpresso/tools/bin/../lib/gcc/arm-none-eabi/5.4.1/../../../../arm-none-eabi/lib/armv7-m\libc.a(lib_a-wbuf.o)
                0x000096e0                __swbuf_r
 .text._write_r
                0x0000978c       0x2c c:/nxp/lpcxpresso_8.2.2_650/lpcxpresso/tools/bin/../lib/gcc/arm-none-eabi/5.4.1/../../../../arm-none-eabi/lib/armv7-m\libc.a(lib_a-writer.o)
                0x0000978c                _write_r
 .text.__swsetup_r
                0x000097b8       0xc8 c:/nxp/lpcxpresso_8.2.2_650/lpcxpresso/tools/bin/../lib/gcc/arm-none-eabi/5.4.1/../../../../arm-none-eabi/lib/armv7-m\libc.a(lib_a-wsetup.o)
                0x000097b8                __swsetup_r
 .text._close_r
                0x00009880       0x24 c:/nxp/lpcxpresso_8.2.2_650/lpcxpresso/tools/bin/../lib/gcc/arm-none-eabi/5.4.1/../../../../arm-none-eabi/lib/armv7-m\libc.a(lib_a-closer.o)
                0x00009880                _close_r
 .text.quorem   0x000098a4      0x12c c:/nxp/lpcxpresso_8.2.2_650/lpcxpresso/tools/bin/../lib/gcc/arm-none-eabi/5.4.1/../../../../arm-none-eabi/lib/armv7-m\libc.a(lib_a-dtoa.o)
 .text._dtoa_r  0x000099d0      0xe4c c:/nxp/lpcxpresso_8.2.2_650/lpcxpresso/tools/bin/../lib/gcc/arm-none-eabi/5.4.1/../../../../arm-none-eabi/lib/armv7-m\libc.a(lib_a-dtoa.o)
                0x000099d0                _dtoa_r
 .text.__sflags
                0x0000a81c       0x74 c:/nxp/lpcxpresso_8.2.2_650/lpcxpresso/tools/bin/../lib/gcc/arm-none-eabi/5.4.1/../../../../arm-none-eabi/lib/armv7-m\libc.a(lib_a-flags.o)
                0x0000a81c                __sflags
 .text._isatty_r
                0x0000a890       0x24 c:/nxp/lpcxpresso_8.2.2_650/lpcxpresso/tools/bin/../lib/gcc/arm-none-eabi/5.4.1/../../../../arm-none-eabi/lib/armv7-m\libc.a(lib_a-isattyr.o)
                0x0000a890                _isatty_r
 .text.iswspace
                0x0000a8b4       0x1c c:/nxp/lpcxpresso_8.2.2_650/lpcxpresso/tools/bin/../lib/gcc/arm-none-eabi/5.4.1/../../../../arm-none-eabi/lib/armv7-m\libc.a(lib_a-iswspace.o)
                0x0000a8b4                iswspace
 .text.__locale_charset
                0x0000a8d0        0x8 c:/nxp/lpcxpresso_8.2.2_650/lpcxpresso/tools/bin/../lib/gcc/arm-none-eabi/5.4.1/../../../../arm-none-eabi/lib/armv7-m\libc.a(lib_a-locale.o)
                0x0000a8d0                __locale_charset
 .text.__locale_mb_cur_max
                0x0000a8d8        0xc c:/nxp/lpcxpresso_8.2.2_650/lpcxpresso/tools/bin/../lib/gcc/arm-none-eabi/5.4.1/../../../../arm-none-eabi/lib/armv7-m\libc.a(lib_a-locale.o)
                0x0000a8d8                __locale_mb_cur_max
 .text._localeconv_r
                0x0000a8e4        0x8 c:/nxp/lpcxpresso_8.2.2_650/lpcxpresso/tools/bin/../lib/gcc/arm-none-eabi/5.4.1/../../../../arm-none-eabi/lib/armv7-m\libc.a(lib_a-locale.o)
                0x0000a8e4                _localeconv_r
 .text._lseek_r
                0x0000a8ec       0x2c c:/nxp/lpcxpresso_8.2.2_650/lpcxpresso/tools/bin/../lib/gcc/arm-none-eabi/5.4.1/../../../../arm-none-eabi/lib/armv7-m\libc.a(lib_a-lseekr.o)
                0x0000a8ec                _lseek_r
 .text._mbrtowc_r
                0x0000a918       0x5c c:/nxp/lpcxpresso_8.2.2_650/lpcxpresso/tools/bin/../lib/gcc/arm-none-eabi/5.4.1/../../../../arm-none-eabi/lib/armv7-m\libc.a(lib_a-mbrtowc.o)
                0x0000a918                _mbrtowc_r
 .text.__ascii_mbtowc
                0x0000a974       0x2c c:/nxp/lpcxpresso_8.2.2_650/lpcxpresso/tools/bin/../lib/gcc/arm-none-eabi/5.4.1/../../../../arm-none-eabi/lib/armv7-m\libc.a(lib_a-mbtowc_r.o)
                0x0000a974                __ascii_mbtowc
 .text._Balloc  0x0000a9a0       0x50 c:/nxp/lpcxpresso_8.2.2_650/lpcxpresso/tools/bin/../lib/gcc/arm-none-eabi/5.4.1/../../../../arm-none-eabi/lib/armv7-m\libc.a(lib_a-mprec.o)
                0x0000a9a0                _Balloc
 .text._Bfree   0x0000a9f0       0x14 c:/nxp/lpcxpresso_8.2.2_650/lpcxpresso/tools/bin/../lib/gcc/arm-none-eabi/5.4.1/../../../../arm-none-eabi/lib/armv7-m\libc.a(lib_a-mprec.o)
                0x0000a9f0                _Bfree
 .text.__multadd
                0x0000aa04       0x80 c:/nxp/lpcxpresso_8.2.2_650/lpcxpresso/tools/bin/../lib/gcc/arm-none-eabi/5.4.1/../../../../arm-none-eabi/lib/armv7-m\libc.a(lib_a-mprec.o)
                0x0000aa04                __multadd
 .text.__s2b    0x0000aa84       0x98 c:/nxp/lpcxpresso_8.2.2_650/lpcxpresso/tools/bin/../lib/gcc/arm-none-eabi/5.4.1/../../../../arm-none-eabi/lib/armv7-m\libc.a(lib_a-mprec.o)
                0x0000aa84                __s2b
 .text.__hi0bits
                0x0000ab1c       0x40 c:/nxp/lpcxpresso_8.2.2_650/lpcxpresso/tools/bin/../lib/gcc/arm-none-eabi/5.4.1/../../../../arm-none-eabi/lib/armv7-m\libc.a(lib_a-mprec.o)
                0x0000ab1c                __hi0bits
 .text.__lo0bits
                0x0000ab5c       0x5c c:/nxp/lpcxpresso_8.2.2_650/lpcxpresso/tools/bin/../lib/gcc/arm-none-eabi/5.4.1/../../../../arm-none-eabi/lib/armv7-m\libc.a(lib_a-mprec.o)
                0x0000ab5c                __lo0bits
 .text.__i2b    0x0000abb8       0x14 c:/nxp/lpcxpresso_8.2.2_650/lpcxpresso/tools/bin/../lib/gcc/arm-none-eabi/5.4.1/../../../../arm-none-eabi/lib/armv7-m\libc.a(lib_a-mprec.o)
                0x0000abb8                __i2b
 .text.__multiply
                0x0000abcc      0x13c c:/nxp/lpcxpresso_8.2.2_650/lpcxpresso/tools/bin/../lib/gcc/arm-none-eabi/5.4.1/../../../../arm-none-eabi/lib/armv7-m\libc.a(lib_a-mprec.o)
                0x0000abcc                __multiply
 .text.__pow5mult
                0x0000ad08       0xa0 c:/nxp/lpcxpresso_8.2.2_650/lpcxpresso/tools/bin/../lib/gcc/arm-none-eabi/5.4.1/../../../../arm-none-eabi/lib/armv7-m\libc.a(lib_a-mprec.o)
                0x0000ad08                __pow5mult
 .text.__lshift
                0x0000ada8       0xac c:/nxp/lpcxpresso_8.2.2_650/lpcxpresso/tools/bin/../lib/gcc/arm-none-eabi/5.4.1/../../../../arm-none-eabi/lib/armv7-m\libc.a(lib_a-mprec.o)
                0x0000ada8                __lshift
 .text.__mcmp   0x0000ae54       0x40 c:/nxp/lpcxpresso_8.2.2_650/lpcxpresso/tools/bin/../lib/gcc/arm-none-eabi/5.4.1/../../../../arm-none-eabi/lib/armv7-m\libc.a(lib_a-mprec.o)
                0x0000ae54                __mcmp
 .text.__mdiff  0x0000ae94      0x128 c:/nxp/lpcxpresso_8.2.2_650/lpcxpresso/tools/bin/../lib/gcc/arm-none-eabi/5.4.1/../../../../arm-none-eabi/lib/armv7-m\libc.a(lib_a-mprec.o)
                0x0000ae94                __mdiff
 .text.__ulp    0x0000afbc       0x44 c:/nxp/lpcxpresso_8.2.2_650/lpcxpresso/tools/bin/../lib/gcc/arm-none-eabi/5.4.1/../../../../arm-none-eabi/lib/armv7-m\libc.a(lib_a-mprec.o)
                0x0000afbc                __ulp
 .text.__b2d    0x0000b000       0xd4 c:/nxp/lpcxpresso_8.2.2_650/lpcxpresso/tools/bin/../lib/gcc/arm-none-eabi/5.4.1/../../../../arm-none-eabi/lib/armv7-m\libc.a(lib_a-mprec.o)
                0x0000b000                __b2d
 .text.__d2b    0x0000b0d4       0xa8 c:/nxp/lpcxpresso_8.2.2_650/lpcxpresso/tools/bin/../lib/gcc/arm-none-eabi/5.4.1/../../../../arm-none-eabi/lib/armv7-m\libc.a(lib_a-mprec.o)
                0x0000b0d4                __d2b
 .text.__ratio  0x0000b17c       0x54 c:/nxp/lpcxpresso_8.2.2_650/lpcxpresso/tools/bin/../lib/gcc/arm-none-eabi/5.4.1/../../../../arm-none-eabi/lib/armv7-m\libc.a(lib_a-mprec.o)
                0x0000b17c                __ratio
 .text.__copybits
                0x0000b1d0       0x48 c:/nxp/lpcxpresso_8.2.2_650/lpcxpresso/tools/bin/../lib/gcc/arm-none-eabi/5.4.1/../../../../arm-none-eabi/lib/armv7-m\libc.a(lib_a-mprec.o)
                0x0000b1d0                __copybits
 .text.__any_on
                0x0000b218       0x5c c:/nxp/lpcxpresso_8.2.2_650/lpcxpresso/tools/bin/../lib/gcc/arm-none-eabi/5.4.1/../../../../arm-none-eabi/lib/armv7-m\libc.a(lib_a-mprec.o)
                0x0000b218                __any_on
 .text._read_r  0x0000b274       0x2c c:/nxp/lpcxpresso_8.2.2_650/lpcxpresso/tools/bin/../lib/gcc/arm-none-eabi/5.4.1/../../../../arm-none-eabi/lib/armv7-m\libc.a(lib_a-readr.o)
                0x0000b274                _read_r
 .text.__sccl   0x0000b2a0       0x74 c:/nxp/lpcxpresso_8.2.2_650/lpcxpresso/tools/bin/../lib/gcc/arm-none-eabi/5.4.1/../../../../arm-none-eabi/lib/armv7-m\libc.a(lib_a-sccl.o)
                0x0000b2a0                __sccl
 .text.nanf     0x0000b314        0x8 c:/nxp/lpcxpresso_8.2.2_650/lpcxpresso/tools/bin/../lib/gcc/arm-none-eabi/5.4.1/../../../../arm-none-eabi/lib/armv7-m\libc.a(lib_a-sf_nan.o)
                0x0000b314                nanf
 .text.sulp     0x0000b31c       0x44 c:/nxp/lpcxpresso_8.2.2_650/lpcxpresso/tools/bin/../lib/gcc/arm-none-eabi/5.4.1/../../../../arm-none-eabi/lib/armv7-m\libc.a(lib_a-strtod.o)
 .text._strtod_r
                0x0000b360      0xecc c:/nxp/lpcxpresso_8.2.2_650/lpcxpresso/tools/bin/../lib/gcc/arm-none-eabi/5.4.1/../../../../arm-none-eabi/lib/armv7-m\libc.a(lib_a-strtod.o)
                0x0000b360                _strtod_r
 .text._strtol_r
                0x0000c22c      0x128 c:/nxp/lpcxpresso_8.2.2_650/lpcxpresso/tools/bin/../lib/gcc/arm-none-eabi/5.4.1/../../../../arm-none-eabi/lib/armv7-m\libc.a(lib_a-strtol.o)
                0x0000c22c                _strtol_r
 .text._strtoll_r
                0x0000c354      0x1b4 c:/nxp/lpcxpresso_8.2.2_650/lpcxpresso/tools/bin/../lib/gcc/arm-none-eabi/5.4.1/../../../../arm-none-eabi/lib/armv7-m\libc.a(lib_a-strtoll_r.o)
                0x0000c354                _strtoll_r
 .text._strtoul_r
                0x0000c508      0x134 c:/nxp/lpcxpresso_8.2.2_650/lpcxpresso/tools/bin/../lib/gcc/arm-none-eabi/5.4.1/../../../../arm-none-eabi/lib/armv7-m\libc.a(lib_a-strtoul.o)
                0x0000c508                _strtoul_r
 .text._strtoull_r
                0x0000c63c      0x1c8 c:/nxp/lpcxpresso_8.2.2_650/lpcxpresso/tools/bin/../lib/gcc/arm-none-eabi/5.4.1/../../../../arm-none-eabi/lib/armv7-m\libc.a(lib_a-strtoull_r.o)
                0x0000c63c                _strtoull_r
 .text.__ssprint_r
                0x0000c804      0x100 c:/nxp/lpcxpresso_8.2.2_650/lpcxpresso/tools/bin/../lib/gcc/arm-none-eabi/5.4.1/../../../../arm-none-eabi/lib/armv7-m\libc.a(lib_a-svfiprintf.o)
                0x0000c804                __ssprint_r
 .text._sungetc_r
                0x0000c904       0x8c c:/nxp/lpcxpresso_8.2.2_650/lpcxpresso/tools/bin/../lib/gcc/arm-none-eabi/5.4.1/../../../../arm-none-eabi/lib/armv7-m\libc.a(lib_a-svfiscanf.o)
                0x0000c904                _sungetc_r
 .text.__ssrefill_r
                0x0000c990       0x3c c:/nxp/lpcxpresso_8.2.2_650/lpcxpresso/tools/bin/../lib/gcc/arm-none-eabi/5.4.1/../../../../arm-none-eabi/lib/armv7-m\libc.a(lib_a-svfiscanf.o)
                0x0000c990                __ssrefill_r
 .text._sfread_r
                0x0000c9cc       0x84 c:/nxp/lpcxpresso_8.2.2_650/lpcxpresso/tools/bin/../lib/gcc/arm-none-eabi/5.4.1/../../../../arm-none-eabi/lib/armv7-m\libc.a(lib_a-svfiscanf.o)
                0x0000c9cc                _sfread_r
 .text.__submore
                0x0000ca50       0x7c c:/nxp/lpcxpresso_8.2.2_650/lpcxpresso/tools/bin/../lib/gcc/arm-none-eabi/5.4.1/../../../../arm-none-eabi/lib/armv7-m\libc.a(lib_a-ungetc.o)
                0x0000ca50                __submore
 .text.__sprint_r.part.0
                0x0000cacc       0x78 c:/nxp/lpcxpresso_8.2.2_650/lpcxpresso/tools/bin/../lib/gcc/arm-none-eabi/5.4.1/../../../../arm-none-eabi/lib/armv7-m\libc.a(lib_a-vfiprintf.o)
 .text.__sprint_r
                0x0000cb44       0x14 c:/nxp/lpcxpresso_8.2.2_650/lpcxpresso/tools/bin/../lib/gcc/arm-none-eabi/5.4.1/../../../../arm-none-eabi/lib/armv7-m\libc.a(lib_a-vfiprintf.o)
                0x0000cb44                __sprint_r
 .text._calloc_r
                0x0000cb58       0x60 c:/nxp/lpcxpresso_8.2.2_650/lpcxpresso/tools/bin/../lib/gcc/arm-none-eabi/5.4.1/../../../../arm-none-eabi/lib/armv7-m\libc.a(lib_a-callocr.o)
                0x0000cb58                _calloc_r
 .text.__fputwc
                0x0000cbb8       0x94 c:/nxp/lpcxpresso_8.2.2_650/lpcxpresso/tools/bin/../lib/gcc/arm-none-eabi/5.4.1/../../../../arm-none-eabi/lib/armv7-m\libc.a(lib_a-fputwc.o)
                0x0000cbb8                __fputwc
 .text._fputwc_r
                0x0000cc4c       0x24 c:/nxp/lpcxpresso_8.2.2_650/lpcxpresso/tools/bin/../lib/gcc/arm-none-eabi/5.4.1/../../../../arm-none-eabi/lib/armv7-m\libc.a(lib_a-fputwc.o)
                0x0000cc4c                _fputwc_r
 .text.rshift   0x0000cc70       0xa8 c:/nxp/lpcxpresso_8.2.2_650/lpcxpresso/tools/bin/../lib/gcc/arm-none-eabi/5.4.1/../../../../arm-none-eabi/lib/armv7-m\libc.a(lib_a-gdtoa-gethex.o)
 .text.__gethex
                0x0000cd18      0x50c c:/nxp/lpcxpresso_8.2.2_650/lpcxpresso/tools/bin/../lib/gcc/arm-none-eabi/5.4.1/../../../../arm-none-eabi/lib/armv7-m\libc.a(lib_a-gdtoa-gethex.o)
                0x0000cd18                __gethex
 .text.__match  0x0000d224       0x30 c:/nxp/lpcxpresso_8.2.2_650/lpcxpresso/tools/bin/../lib/gcc/arm-none-eabi/5.4.1/../../../../arm-none-eabi/lib/armv7-m\libc.a(lib_a-gdtoa-hexnan.o)
                0x0000d224                __match
 .text.__hexnan
                0x0000d254      0x180 c:/nxp/lpcxpresso_8.2.2_650/lpcxpresso/tools/bin/../lib/gcc/arm-none-eabi/5.4.1/../../../../arm-none-eabi/lib/armv7-m\libc.a(lib_a-gdtoa-hexnan.o)
                0x0000d254                __hexnan
 .text._wcrtomb_r
                0x0000d3d4       0x54 c:/nxp/lpcxpresso_8.2.2_650/lpcxpresso/tools/bin/../lib/gcc/arm-none-eabi/5.4.1/../../../../arm-none-eabi/lib/armv7-m\libc.a(lib_a-wcrtomb.o)
                0x0000d3d4                _wcrtomb_r
 .text.__ascii_wctomb
                0x0000d428       0x1c c:/nxp/lpcxpresso_8.2.2_650/lpcxpresso/tools/bin/../lib/gcc/arm-none-eabi/5.4.1/../../../../arm-none-eabi/lib/armv7-m\libc.a(lib_a-wctomb_r.o)
                0x0000d428                __ascii_wctomb
 *fill*         0x0000d444        0x4 ff
 .text.floor    0x0000d448      0x110 c:/nxp/lpcxpresso_8.2.2_650/lpcxpresso/tools/bin/../lib/gcc/arm-none-eabi/5.4.1/../../../../arm-none-eabi/lib/armv7-m\libm.a(lib_a-s_floor.o)
                0x0000d448                floor
 .text._sbrk    0x0000d558       0x3c c:/nxp/lpcxpresso_8.2.2_650/lpcxpresso/tools/bin/../lib/gcc/arm-none-eabi/5.4.1/../../../../arm-none-eabi/lib/armv7-m\libcr_newlib_semihost.a(_cr_sbrk.o)
                0x0000d558                _sbrk
 .text.__check_heap_overflow
                0x0000d594       0x18 c:/nxp/lpcxpresso_8.2.2_650/lpcxpresso/tools/bin/../lib/gcc/arm-none-eabi/5.4.1/../../../../arm-none-eabi/lib/armv7-m\libcr_newlib_semihost.a(_cr_check_heap.o)
                0x0000d594                __check_heap_overflow
 .text          0x0000d5ac       0x5c c:/nxp/lpcxpresso_8.2.2_650/lpcxpresso/tools/bin/../lib/gcc/arm-none-eabi/5.4.1/armv7-m\crtbegin.o
 .text          0x0000d608      0x424 c:/nxp/lpcxpresso_8.2.2_650/lpcxpresso/tools/bin/../lib/gcc/arm-none-eabi/5.4.1/armv7-m\libgcc.a(_arm_muldivdf3.o)
                0x0000d608                __aeabi_dmul
                0x0000d608                __muldf3
                0x0000d85c                __divdf3
                0x0000d85c                __aeabi_ddiv
 .text          0x0000da2c      0x110 c:/nxp/lpcxpresso_8.2.2_650/lpcxpresso/tools/bin/../lib/gcc/arm-none-eabi/5.4.1/armv7-m\libgcc.a(_arm_cmpdf2.o)
                0x0000da2c                __gtdf2
                0x0000da2c                __gedf2
                0x0000da34                __ltdf2
                0x0000da34                __ledf2
                0x0000da3c                __nedf2
                0x0000da3c                __eqdf2
                0x0000da3c                __cmpdf2
                0x0000dab8                __aeabi_cdrcmple
                0x0000dac8                __aeabi_cdcmpeq
                0x0000dac8                __aeabi_cdcmple
                0x0000dad8                __aeabi_dcmpeq
                0x0000daec                __aeabi_dcmplt
                0x0000db00                __aeabi_dcmple
                0x0000db14                __aeabi_dcmpge
                0x0000db28                __aeabi_dcmpgt
 .text          0x0000db3c       0x2c c:/nxp/lpcxpresso_8.2.2_650/lpcxpresso/tools/bin/../lib/gcc/arm-none-eabi/5.4.1/armv7-m\libgcc.a(_arm_unorddf2.o)
                0x0000db3c                __unorddf2
                0x0000db3c                __aeabi_dcmpun
 .text          0x0000db68       0x40 c:/nxp/lpcxpresso_8.2.2_650/lpcxpresso/tools/bin/../lib/gcc/arm-none-eabi/5.4.1/armv7-m\libgcc.a(_arm_fixunsdfsi.o)
                0x0000db68                __aeabi_d2uiz
                0x0000db68                __fixunsdfsi
 .text          0x0000dba8       0xa0 c:/nxp/lpcxpresso_8.2.2_650/lpcxpresso/tools/bin/../lib/gcc/arm-none-eabi/5.4.1/armv7-m\libgcc.a(_arm_truncdfsf2.o)
                0x0000dba8                __truncdfsf2
                0x0000dba8                __aeabi_d2f
 *(.rodata .rodata.* .constdata .constdata.*)
 .rodata.str1.1
                0x0000dc48      0x267 ./MFRC522.o
 *fill*         0x0000deaf        0x1 ff
 .rodata._ZL13_TypeNamePICC
                0x0000deb0       0x28 ./MFRC522.o
 .rodata.str1.1
                0x0000ded8       0x22 ./main.o
                                 0xba (size before relaxing)
 *fill*         0x0000defa        0x2 ff
 .rodata.str1.4
                0x0000defc       0x80 C:/Users/robak/Documents/LPCXpresso_8.2.2_650/workspace/RC522_LF/mbed/TARGET_LPC1768/TOOLCHAIN_GCC_CR/board.o
 .rodata.__stdin_name
                0x0000df7c        0x8 C:/Users/robak/Documents/LPCXpresso_8.2.2_650/workspace/RC522_LF/mbed/TARGET_LPC1768/TOOLCHAIN_GCC_CR/retarget.o
                0x0000df7c                __stdin_name
 .rodata.__stderr_name
                0x0000df84        0x8 C:/Users/robak/Documents/LPCXpresso_8.2.2_650/workspace/RC522_LF/mbed/TARGET_LPC1768/TOOLCHAIN_GCC_CR/retarget.o
                0x0000df84                __stderr_name
 .rodata.__stdout_name
                0x0000df8c        0x8 C:/Users/robak/Documents/LPCXpresso_8.2.2_650/workspace/RC522_LF/mbed/TARGET_LPC1768/TOOLCHAIN_GCC_CR/retarget.o
                0x0000df8c                __stdout_name
 *fill*         0x0000df94        0x4 ff
 .rodata._ZTVN4mbed10FileHandleE
                0x0000df98       0x30 C:/Users/robak/Documents/LPCXpresso_8.2.2_650/workspace/RC522_LF/mbed/TARGET_LPC1768/TOOLCHAIN_GCC_CR/retarget.o
                0x0000df98                vtable for mbed::FileHandle
 .rodata.str1.4
                0x0000dfc8        0xe C:/Users/robak/Documents/LPCXpresso_8.2.2_650/workspace/RC522_LF/mbed/TARGET_LPC1768/TOOLCHAIN_GCC_CR/retarget.o
                                 0x10 (size before relaxing)
 *fill*         0x0000dfd6        0x2 ff
 .rodata.PinMap_PWM
                0x0000dfd8       0xb4 C:\Users\robak\Documents\LPCXpresso_8.2.2_650\workspace\RC522_LF\mbed\TARGET_LPC1768\TOOLCHAIN_GCC_CR\libmbed.a(pwmout_api.o)
 .rodata.str1.4
                0x0000e08c       0x7c C:\Users\robak\Documents\LPCXpresso_8.2.2_650\workspace\RC522_LF\mbed\TARGET_LPC1768\TOOLCHAIN_GCC_CR\libmbed.a(pwmout_api.o)
 .rodata.PinMap_UART_RTS
                0x0000e108       0x24 C:\Users\robak\Documents\LPCXpresso_8.2.2_650\workspace\RC522_LF\mbed\TARGET_LPC1768\TOOLCHAIN_GCC_CR\libmbed.a(serial_api.o)
 .rodata.CSWTCH.24
                0x0000e12c       0x10 C:\Users\robak\Documents\LPCXpresso_8.2.2_650\workspace\RC522_LF\mbed\TARGET_LPC1768\TOOLCHAIN_GCC_CR\libmbed.a(serial_api.o)
 .rodata.PinMap_UART_RX
                0x0000e13c       0x6c C:\Users\robak\Documents\LPCXpresso_8.2.2_650\workspace\RC522_LF\mbed\TARGET_LPC1768\TOOLCHAIN_GCC_CR\libmbed.a(serial_api.o)
 .rodata.str1.4
                0x0000e1a8      0x1d0 C:\Users\robak\Documents\LPCXpresso_8.2.2_650\workspace\RC522_LF\mbed\TARGET_LPC1768\TOOLCHAIN_GCC_CR\libmbed.a(serial_api.o)
                                0x1e8 (size before relaxing)
 .rodata.PinMap_UART_TX
                0x0000e378       0x6c C:\Users\robak\Documents\LPCXpresso_8.2.2_650\workspace\RC522_LF\mbed\TARGET_LPC1768\TOOLCHAIN_GCC_CR\libmbed.a(serial_api.o)
 .rodata.PinMap_UART_CTS
                0x0000e3e4       0x24 C:\Users\robak\Documents\LPCXpresso_8.2.2_650\workspace\RC522_LF\mbed\TARGET_LPC1768\TOOLCHAIN_GCC_CR\libmbed.a(serial_api.o)
 .rodata._ZTVN4mbed3SPIE
                0x0000e408       0x18 C:\Users\robak\Documents\LPCXpresso_8.2.2_650\workspace\RC522_LF\mbed\TARGET_LPC1768\TOOLCHAIN_GCC_CR\libmbed.a(SPI.o)
                0x0000e408                vtable for mbed::SPI
 .rodata._ZTVN4mbed10SerialBaseE
                0x0000e420       0x10 C:\Users\robak\Documents\LPCXpresso_8.2.2_650\workspace\RC522_LF\mbed\TARGET_LPC1768\TOOLCHAIN_GCC_CR\libmbed.a(Serial.o)
                0x0000e420                vtable for mbed::SerialBase
 .rodata._ZTVN4mbed6SerialE
                0x0000e430       0x60 C:\Users\robak\Documents\LPCXpresso_8.2.2_650\workspace\RC522_LF\mbed\TARGET_LPC1768\TOOLCHAIN_GCC_CR\libmbed.a(Serial.o)
                0x0000e430                vtable for mbed::Serial
 .rodata._ZTVN4mbed6StreamE
                0x0000e490       0x48 C:\Users\robak\Documents\LPCXpresso_8.2.2_650\workspace\RC522_LF\mbed\TARGET_LPC1768\TOOLCHAIN_GCC_CR\libmbed.a(Stream.o)
                0x0000e490                vtable for mbed::Stream
 .rodata.str1.4
                0x0000e4d8        0x3 C:\Users\robak\Documents\LPCXpresso_8.2.2_650\workspace\RC522_LF\mbed\TARGET_LPC1768\TOOLCHAIN_GCC_CR\libmbed.a(Stream.o)
                                  0x8 (size before relaxing)
 *fill*         0x0000e4db        0x1 ff
 .rodata.str1.4
                0x0000e4dc       0x31 C:\Users\robak\Documents\LPCXpresso_8.2.2_650\workspace\RC522_LF\mbed\TARGET_LPC1768\TOOLCHAIN_GCC_CR\libmbed.a(assert.o)
                                 0x34 (size before relaxing)
 .rodata.str1.4
                0x0000e50d       0x80 C:\Users\robak\Documents\LPCXpresso_8.2.2_650\workspace\RC522_LF\mbed\TARGET_LPC1768\TOOLCHAIN_GCC_CR\libmbed.a(gpio.o)
 *fill*         0x0000e50d        0x3 ff
 .rodata.str1.4
                0x0000e510       0x66 C:\Users\robak\Documents\LPCXpresso_8.2.2_650\workspace\RC522_LF\mbed\TARGET_LPC1768\TOOLCHAIN_GCC_CR\libmbed.a(pinmap_common.o)
                                 0x68 (size before relaxing)
 *fill*         0x0000e576        0x2 ff
 .rodata.str1.4
                0x0000e578       0x7a C:\Users\robak\Documents\LPCXpresso_8.2.2_650\workspace\RC522_LF\mbed\TARGET_LPC1768\TOOLCHAIN_GCC_CR\libmbed.a(gpio_api.o)
                                 0x94 (size before relaxing)
 *fill*         0x0000e5f2        0x2 ff
 .rodata.str1.4
                0x0000e5f4       0x64 C:\Users\robak\Documents\LPCXpresso_8.2.2_650\workspace\RC522_LF\mbed\TARGET_LPC1768\TOOLCHAIN_GCC_CR\libmbed.a(pinmap.o)
                                 0x78 (size before relaxing)
 .rodata.PinMap_SPI_MISO
                0x0000e658       0x3c C:\Users\robak\Documents\LPCXpresso_8.2.2_650\workspace\RC522_LF\mbed\TARGET_LPC1768\TOOLCHAIN_GCC_CR\libmbed.a(spi_api.o)
 .rodata.PinMap_SPI_SCLK
                0x0000e694       0x3c C:\Users\robak\Documents\LPCXpresso_8.2.2_650\workspace\RC522_LF\mbed\TARGET_LPC1768\TOOLCHAIN_GCC_CR\libmbed.a(spi_api.o)
 .rodata.str1.4
                0x0000e6d0       0xdf C:\Users\robak\Documents\LPCXpresso_8.2.2_650\workspace\RC522_LF\mbed\TARGET_LPC1768\TOOLCHAIN_GCC_CR\libmbed.a(spi_api.o)
                                 0xe0 (size before relaxing)
 *fill*         0x0000e7af        0x1 ff
 .rodata.PinMap_SPI_MOSI
                0x0000e7b0       0x3c C:\Users\robak\Documents\LPCXpresso_8.2.2_650\workspace\RC522_LF\mbed\TARGET_LPC1768\TOOLCHAIN_GCC_CR\libmbed.a(spi_api.o)
 .rodata.PinMap_SPI_SSEL
                0x0000e7ec       0x3c C:\Users\robak\Documents\LPCXpresso_8.2.2_650\workspace\RC522_LF\mbed\TARGET_LPC1768\TOOLCHAIN_GCC_CR\libmbed.a(spi_api.o)
 .rodata._ZTVN4mbed8FileLikeE
                0x0000e828       0x40 C:\Users\robak\Documents\LPCXpresso_8.2.2_650\workspace\RC522_LF\mbed\TARGET_LPC1768\TOOLCHAIN_GCC_CR\libmbed.a(FileLike.o)
                0x0000e828                vtable for mbed::FileLike
 .rodata._ZTVN4mbed8FileBaseE
                0x0000e868       0x10 C:\Users\robak\Documents\LPCXpresso_8.2.2_650\workspace\RC522_LF\mbed\TARGET_LPC1768\TOOLCHAIN_GCC_CR\libmbed.a(FileBase.o)
                0x0000e868                vtable for mbed::FileBase
 .rodata.us_interface
                0x0000e878       0x14 C:\Users\robak\Documents\LPCXpresso_8.2.2_650\workspace\RC522_LF\mbed\TARGET_LPC1768\TOOLCHAIN_GCC_CR\libmbed.a(us_ticker_api.o)
 .rodata.us_data
                0x0000e88c        0x8 C:\Users\robak\Documents\LPCXpresso_8.2.2_650\workspace\RC522_LF\mbed\TARGET_LPC1768\TOOLCHAIN_GCC_CR\libmbed.a(us_ticker_api.o)
 .rodata.str1.4
                0x0000e894        0x2 c:/nxp/lpcxpresso_8.2.2_650/lpcxpresso/tools/bin/../lib/gcc/arm-none-eabi/5.4.1/../../../../arm-none-eabi/lib/armv7-m\libc.a(lib_a-impure.o)
 *fill*         0x0000e896        0x2 ff
 .rodata._global_impure_ptr
                0x0000e898        0x4 c:/nxp/lpcxpresso_8.2.2_650/lpcxpresso/tools/bin/../lib/gcc/arm-none-eabi/5.4.1/../../../../arm-none-eabi/lib/armv7-m\libc.a(lib_a-impure.o)
                0x0000e898                _global_impure_ptr
 .rodata.blanks.7055
                0x0000e89c       0x10 c:/nxp/lpcxpresso_8.2.2_650/lpcxpresso/tools/bin/../lib/gcc/arm-none-eabi/5.4.1/../../../../arm-none-eabi/lib/armv7-m\libc.a(lib_a-svfprintf.o)
 .rodata.str1.4
                0x0000e8ac       0x42 c:/nxp/lpcxpresso_8.2.2_650/lpcxpresso/tools/bin/../lib/gcc/arm-none-eabi/5.4.1/../../../../arm-none-eabi/lib/armv7-m\libc.a(lib_a-svfprintf.o)
 *fill*         0x0000e8ee        0x2 ff
 .rodata.zeroes.7056
                0x0000e8f0       0x10 c:/nxp/lpcxpresso_8.2.2_650/lpcxpresso/tools/bin/../lib/gcc/arm-none-eabi/5.4.1/../../../../arm-none-eabi/lib/armv7-m\libc.a(lib_a-svfprintf.o)
 .rodata.str1.4
                0x0000e900        0x5 c:/nxp/lpcxpresso_8.2.2_650/lpcxpresso/tools/bin/../lib/gcc/arm-none-eabi/5.4.1/../../../../arm-none-eabi/lib/armv7-m\libc.a(lib_a-svfscanf.o)
 *fill*         0x0000e905        0x3 ff
 .rodata.basefix.7019
                0x0000e908       0x22 c:/nxp/lpcxpresso_8.2.2_650/lpcxpresso/tools/bin/../lib/gcc/arm-none-eabi/5.4.1/../../../../arm-none-eabi/lib/armv7-m\libc.a(lib_a-svfscanf.o)
 *fill*         0x0000e92a        0x2 ff
 .rodata.blanks.7070
                0x0000e92c       0x10 c:/nxp/lpcxpresso_8.2.2_650/lpcxpresso/tools/bin/../lib/gcc/arm-none-eabi/5.4.1/../../../../arm-none-eabi/lib/armv7-m\libc.a(lib_a-vfprintf.o)
 .rodata.str1.4
                0x0000e93c       0x42 c:/nxp/lpcxpresso_8.2.2_650/lpcxpresso/tools/bin/../lib/gcc/arm-none-eabi/5.4.1/../../../../arm-none-eabi/lib/armv7-m\libc.a(lib_a-vfprintf.o)
 .rodata.zeroes.7071
                0x0000e93c       0x10 c:/nxp/lpcxpresso_8.2.2_650/lpcxpresso/tools/bin/../lib/gcc/arm-none-eabi/5.4.1/../../../../arm-none-eabi/lib/armv7-m\libc.a(lib_a-vfprintf.o)
 .rodata._ctype_
                0x0000e94c      0x101 c:/nxp/lpcxpresso_8.2.2_650/lpcxpresso/tools/bin/../lib/gcc/arm-none-eabi/5.4.1/../../../../arm-none-eabi/lib/armv7-m\libc.a(lib_a-ctype_.o)
                0x0000e94c                _ctype_
 *fill*         0x0000ea4d        0x3 ff
 .rodata.str1.4
                0x0000ea50       0x10 c:/nxp/lpcxpresso_8.2.2_650/lpcxpresso/tools/bin/../lib/gcc/arm-none-eabi/5.4.1/../../../../arm-none-eabi/lib/armv7-m\libc.a(lib_a-dtoa.o)
                                 0x12 (size before relaxing)
 .rodata.str1.4
                0x0000ea60        0xa c:/nxp/lpcxpresso_8.2.2_650/lpcxpresso/tools/bin/../lib/gcc/arm-none-eabi/5.4.1/../../../../arm-none-eabi/lib/armv7-m\libc.a(lib_a-locale.o)
                                 0x12 (size before relaxing)
 .rodata.str1.4
                0x0000ea6a        0x1 c:/nxp/lpcxpresso_8.2.2_650/lpcxpresso/tools/bin/../lib/gcc/arm-none-eabi/5.4.1/../../../../arm-none-eabi/lib/armv7-m\libc.a(lib_a-mbrtowc.o)
 *fill*         0x0000ea6a        0x6 ff
 .rodata.__mprec_tens
                0x0000ea70       0xc8 c:/nxp/lpcxpresso_8.2.2_650/lpcxpresso/tools/bin/../lib/gcc/arm-none-eabi/5.4.1/../../../../arm-none-eabi/lib/armv7-m\libc.a(lib_a-mprec.o)
                0x0000ea70                __mprec_tens
 .rodata.__mprec_bigtens
                0x0000eb38       0x28 c:/nxp/lpcxpresso_8.2.2_650/lpcxpresso/tools/bin/../lib/gcc/arm-none-eabi/5.4.1/../../../../arm-none-eabi/lib/armv7-m\libc.a(lib_a-mprec.o)
                0x0000eb38                __mprec_bigtens
 .rodata.p05.5396
                0x0000eb60        0xc c:/nxp/lpcxpresso_8.2.2_650/lpcxpresso/tools/bin/../lib/gcc/arm-none-eabi/5.4.1/../../../../arm-none-eabi/lib/armv7-m\libc.a(lib_a-mprec.o)
 *fill*         0x0000eb6c        0x4 ff
 .rodata.tinytens
                0x0000eb70       0x28 c:/nxp/lpcxpresso_8.2.2_650/lpcxpresso/tools/bin/../lib/gcc/arm-none-eabi/5.4.1/../../../../arm-none-eabi/lib/armv7-m\libc.a(lib_a-strtod.o)
 .rodata.fpi.5357
                0x0000eb98       0x14 c:/nxp/lpcxpresso_8.2.2_650/lpcxpresso/tools/bin/../lib/gcc/arm-none-eabi/5.4.1/../../../../arm-none-eabi/lib/armv7-m\libc.a(lib_a-strtod.o)
 .rodata.str1.4
                0x0000ebac       0x10 c:/nxp/lpcxpresso_8.2.2_650/lpcxpresso/tools/bin/../lib/gcc/arm-none-eabi/5.4.1/../../../../arm-none-eabi/lib/armv7-m\libc.a(lib_a-strtod.o)
                                  0xf (size before relaxing)
 .rodata.fpinan.5393
                0x0000ebbc       0x14 c:/nxp/lpcxpresso_8.2.2_650/lpcxpresso/tools/bin/../lib/gcc/arm-none-eabi/5.4.1/../../../../arm-none-eabi/lib/armv7-m\libc.a(lib_a-strtod.o)
 .rodata.__hexdig
                0x0000ebd0      0x100 c:/nxp/lpcxpresso_8.2.2_650/lpcxpresso/tools/bin/../lib/gcc/arm-none-eabi/5.4.1/../../../../arm-none-eabi/lib/armv7-m\libc.a(lib_a-gdtoa-gethex.o)
                0x0000ebd0                __hexdig
                0x0000ecd0                . = ALIGN (0x4)
                0x0000ecd0                . = ALIGN (0x4)
 *(.init)
 .init          0x0000ecd0        0x4 c:/nxp/lpcxpresso_8.2.2_650/lpcxpresso/tools/bin/../lib/gcc/arm-none-eabi/5.4.1/armv7-m\crti.o
                0x0000ecd0                _init
 .init          0x0000ecd4        0x8 c:/nxp/lpcxpresso_8.2.2_650/lpcxpresso/tools/bin/../lib/gcc/arm-none-eabi/5.4.1/armv7-m\crtn.o
                0x0000ecdc                . = ALIGN (0x4)
                0x0000ecdc                __preinit_array_start = .
 *(.preinit_array)
                0x0000ecdc                __preinit_array_end = .
                0x0000ecdc                . = ALIGN (0x4)
                0x0000ecdc                __init_array_start = .
 *(SORT(.init_array.*))
 *(.init_array)
 .init_array    0x0000ecdc        0x4 ./main.o
 .init_array    0x0000ece0        0x4 c:/nxp/lpcxpresso_8.2.2_650/lpcxpresso/tools/bin/../lib/gcc/arm-none-eabi/5.4.1/armv7-m\crtbegin.o
                0x0000ece4                __init_array_end = .
 *(.fini)
 .fini          0x0000ece4        0x4 c:/nxp/lpcxpresso_8.2.2_650/lpcxpresso/tools/bin/../lib/gcc/arm-none-eabi/5.4.1/armv7-m\crti.o
                0x0000ece4                _fini
 .fini          0x0000ece8        0x8 c:/nxp/lpcxpresso_8.2.2_650/lpcxpresso/tools/bin/../lib/gcc/arm-none-eabi/5.4.1/armv7-m\crtn.o
                0x0000ecf0                . = ALIGN (0x4)
 *crtbegin.o(.ctors)
 *(EXCLUDE_FILE(*crtend.o) .ctors)
 *(SORT(.ctors.*))
 *crtend.o(.ctors)
                0x0000ecf0                . = ALIGN (0x4)
 *crtbegin.o(.dtors)
 *(EXCLUDE_FILE(*crtend.o) .dtors)
 *(SORT(.dtors.*))
 *crtend.o(.dtors)
                0x0000ecf0                . = ALIGN (0x4)

.glue_7         0x0000ecf0        0x0
 .glue_7        0x0000ecf0        0x0 linker stubs

.glue_7t        0x0000ecf0        0x0
 .glue_7t       0x0000ecf0        0x0 linker stubs

.vfp11_veneer   0x0000ecf0        0x0
 .vfp11_veneer  0x0000ecf0        0x0 linker stubs

.v4_bx          0x0000ecf0        0x0
 .v4_bx         0x0000ecf0        0x0 linker stubs

.iplt           0x0000ecf0        0x0
 .iplt          0x0000ecf0        0x0 ./MFRC522.o

.ARM.extab
 *(.ARM.extab* .gnu.linkonce.armextab.*)
                0x0000ecf0                __exidx_start = .

.ARM.exidx      0x0000ecf0        0x8
 *(.ARM.exidx* .gnu.linkonce.armexidx.*)
 .ARM.exidx     0x0000ecf0        0x8 c:/nxp/lpcxpresso_8.2.2_650/lpcxpresso/tools/bin/../lib/gcc/arm-none-eabi/5.4.1/armv7-m\libgcc.a(_udivmoddi4.o)
                0x0000ecf8                __exidx_end = .
                0x0000ecf8                _etext = .

.rel.dyn        0x0000ecf8        0x0
 .rel.iplt      0x0000ecf8        0x0 ./MFRC522.o

.eh_frame       0x0000ecf8        0x0
 .eh_frame      0x0000ecf8        0x0 c:/nxp/lpcxpresso_8.2.2_650/lpcxpresso/tools/bin/../lib/gcc/arm-none-eabi/5.4.1/armv7-m\crtbegin.o

.data_RAM2      0x2007c000        0x0 load address 0x0000ecf8
 FILL mask 0xff
                [!provide]                PROVIDE (__start_data_RAM2, .)
 *(.ramfunc.$RAM2)
 *(.ramfunc.$RamAHB32)
 *(.data.$RAM2*)
 *(.data.$RamAHB32*)
                0x2007c000                . = ALIGN (0x4)
                [!provide]                PROVIDE (__end_data_RAM2, .)

.uninit_RESERVED
                0x10000000        0x0
 *(.bss.$RESERVED*)
                0x10000000                . = ALIGN (0x4)
                0x10000000                _end_uninit_RESERVED = .

.data           0x10000000      0x8c8 load address 0x0000ecf8
 FILL mask 0xff
                0x10000000                _data = .
 *(vtable)
 *(.ramfunc*)
 *(.data*)
 .data.SystemCoreClock
                0x10000000        0x4 C:/Users/robak/Documents/LPCXpresso_8.2.2_650/workspace/RC522_LF/mbed/TARGET_LPC1768/TOOLCHAIN_GCC_CR/system_LPC17xx.o
                0x10000000                SystemCoreClock
 .data.PWM_MATCH
                0x10000004       0x1c C:\Users\robak\Documents\LPCXpresso_8.2.2_650\workspace\RC522_LF\mbed\TARGET_LPC1768\TOOLCHAIN_GCC_CR\libmbed.a(pwmout_api.o)