Archive member included to satisfy reference by file (symbol)

C:\Users\pawel\Documents\LPCXpresso_8.2.2_650\RFID_1.4\RC522_LF_glowny\mbed\TARGET_LPC1768\TOOLCHAIN_GCC_CR\libmbed.a(pwmout_api.o)
                              ./main.o (pwmout_write)
C:\Users\pawel\Documents\LPCXpresso_8.2.2_650\RFID_1.4\RC522_LF_glowny\mbed\TARGET_LPC1768\TOOLCHAIN_GCC_CR\libmbed.a(serial_api.o)
                              C:/Users/pawel/Documents/LPCXpresso_8.2.2_650/RFID_1.4/RC522_LF_glowny/mbed/TARGET_LPC1768/TOOLCHAIN_GCC_CR/retarget.o (serial_getc)
C:\Users\pawel\Documents\LPCXpresso_8.2.2_650\RFID_1.4\RC522_LF_glowny\mbed\TARGET_LPC1768\TOOLCHAIN_GCC_CR\libmbed.a(FilePath.o)
                              C:/Users/pawel/Documents/LPCXpresso_8.2.2_650/RFID_1.4/RC522_LF_glowny/mbed/TARGET_LPC1768/TOOLCHAIN_GCC_CR/retarget.o (mbed::FilePath::FilePath(char const*))
C:\Users\pawel\Documents\LPCXpresso_8.2.2_650\RFID_1.4\RC522_LF_glowny\mbed\TARGET_LPC1768\TOOLCHAIN_GCC_CR\libmbed.a(FileSystemLike.o)
                              C:/Users/pawel/Documents/LPCXpresso_8.2.2_650/RFID_1.4/RC522_LF_glowny/mbed/TARGET_LPC1768/TOOLCHAIN_GCC_CR/retarget.o (mbed::FileSystemLike::opendir())
C:\Users\pawel\Documents\LPCXpresso_8.2.2_650\RFID_1.4\RC522_LF_glowny\mbed\TARGET_LPC1768\TOOLCHAIN_GCC_CR\libmbed.a(SPI.o)
                              ./MFRC522.o (mbed::SPI::SPI(PinName, PinName, PinName, PinName))
C:\Users\pawel\Documents\LPCXpresso_8.2.2_650\RFID_1.4\RC522_LF_glowny\mbed\TARGET_LPC1768\TOOLCHAIN_GCC_CR\libmbed.a(Serial.o)
                              ./main.o (mbed::Serial::Serial(PinName, PinName, char const*))
C:\Users\pawel\Documents\LPCXpresso_8.2.2_650\RFID_1.4\RC522_LF_glowny\mbed\TARGET_LPC1768\TOOLCHAIN_GCC_CR\libmbed.a(SerialBase.o)
                              C:\Users\pawel\Documents\LPCXpresso_8.2.2_650\RFID_1.4\RC522_LF_glowny\mbed\TARGET_LPC1768\TOOLCHAIN_GCC_CR\libmbed.a(Serial.o) (mbed::SerialBase::SerialBase(PinName, PinName))
C:\Users\pawel\Documents\LPCXpresso_8.2.2_650\RFID_1.4\RC522_LF_glowny\mbed\TARGET_LPC1768\TOOLCHAIN_GCC_CR\libmbed.a(Stream.o)
                              C:\Users\pawel\Documents\LPCXpresso_8.2.2_650\RFID_1.4\RC522_LF_glowny\mbed\TARGET_LPC1768\TOOLCHAIN_GCC_CR\libmbed.a(Serial.o) (mbed::Stream::close())
C:\Users\pawel\Documents\LPCXpresso_8.2.2_650\RFID_1.4\RC522_LF_glowny\mbed\TARGET_LPC1768\TOOLCHAIN_GCC_CR\libmbed.a(assert.o)
                              ./MFRC522.o (mbed_assert_internal)
C:\Users\pawel\Documents\LPCXpresso_8.2.2_650\RFID_1.4\RC522_LF_glowny\mbed\TARGET_LPC1768\TOOLCHAIN_GCC_CR\libmbed.a(error.o)
                              C:/Users/pawel/Documents/LPCXpresso_8.2.2_650/RFID_1.4/RC522_LF_glowny/mbed/TARGET_LPC1768/TOOLCHAIN_GCC_CR/retarget.o (error)
C:\Users\pawel\Documents\LPCXpresso_8.2.2_650\RFID_1.4\RC522_LF_glowny\mbed\TARGET_LPC1768\TOOLCHAIN_GCC_CR\libmbed.a(gpio.o)
                              ./main.o (gpio_init_in)
C:\Users\pawel\Documents\LPCXpresso_8.2.2_650\RFID_1.4\RC522_LF_glowny\mbed\TARGET_LPC1768\TOOLCHAIN_GCC_CR\libmbed.a(mbed_interface.o)
                              C:/Users/pawel/Documents/LPCXpresso_8.2.2_650/RFID_1.4/RC522_LF_glowny/mbed/TARGET_LPC1768/TOOLCHAIN_GCC_CR/retarget.o (mbed_interface_connected)
C:\Users\pawel\Documents\LPCXpresso_8.2.2_650\RFID_1.4\RC522_LF_glowny\mbed\TARGET_LPC1768\TOOLCHAIN_GCC_CR\libmbed.a(pinmap_common.o)
                              C:\Users\pawel\Documents\LPCXpresso_8.2.2_650\RFID_1.4\RC522_LF_glowny\mbed\TARGET_LPC1768\TOOLCHAIN_GCC_CR\libmbed.a(pwmout_api.o) (pinmap_pinout)
C:\Users\pawel\Documents\LPCXpresso_8.2.2_650\RFID_1.4\RC522_LF_glowny\mbed\TARGET_LPC1768\TOOLCHAIN_GCC_CR\libmbed.a(semihost_api.o)
                              C:/Users/pawel/Documents/LPCXpresso_8.2.2_650/RFID_1.4/RC522_LF_glowny/mbed/TARGET_LPC1768/TOOLCHAIN_GCC_CR/retarget.o (semihost_exit)
C:\Users\pawel\Documents\LPCXpresso_8.2.2_650\RFID_1.4\RC522_LF_glowny\mbed\TARGET_LPC1768\TOOLCHAIN_GCC_CR\libmbed.a(wait_api.o)
                              C:\Users\pawel\Documents\LPCXpresso_8.2.2_650\RFID_1.4\RC522_LF_glowny\mbed\TARGET_LPC1768\TOOLCHAIN_GCC_CR\libmbed.a(SerialBase.o) (wait_us)
C:\Users\pawel\Documents\LPCXpresso_8.2.2_650\RFID_1.4\RC522_LF_glowny\mbed\TARGET_LPC1768\TOOLCHAIN_GCC_CR\libmbed.a(gpio_api.o)
                              C:\Users\pawel\Documents\LPCXpresso_8.2.2_650\RFID_1.4\RC522_LF_glowny\mbed\TARGET_LPC1768\TOOLCHAIN_GCC_CR\libmbed.a(gpio.o) (gpio_init)
C:\Users\pawel\Documents\LPCXpresso_8.2.2_650\RFID_1.4\RC522_LF_glowny\mbed\TARGET_LPC1768\TOOLCHAIN_GCC_CR\libmbed.a(pinmap.o)
                              C:\Users\pawel\Documents\LPCXpresso_8.2.2_650\RFID_1.4\RC522_LF_glowny\mbed\TARGET_LPC1768\TOOLCHAIN_GCC_CR\libmbed.a(pinmap_common.o) (pin_function)
C:\Users\pawel\Documents\LPCXpresso_8.2.2_650\RFID_1.4\RC522_LF_glowny\mbed\TARGET_LPC1768\TOOLCHAIN_GCC_CR\libmbed.a(spi_api.o)
[...]
Memory Configuration

Name             Origin             Length             Attributes
MFlash512        0x00000000         0x00080000         xr
RamLoc32         0x10000000         0x00008000         xrw
RamAHB32         0x2007c000         0x00008000         xrw
*default*        0x00000000         0xffffffff

Linker script and memory map

LOAD ./MFRC522.o
LOAD ./main.o
LOAD C:/Users/pawel/Documents/LPCXpresso_8.2.2_650/RFID_1.4/RC522_LF_glowny/mbed/TARGET_LPC1768/TOOLCHAIN_GCC_CR/board.o
LOAD C:/Users/pawel/Documents/LPCXpresso_8.2.2_650/RFID_1.4/RC522_LF_glowny/mbed/TARGET_LPC1768/TOOLCHAIN_GCC_CR/cmsis_nvic.o
LOAD C:/Users/pawel/Documents/LPCXpresso_8.2.2_650/RFID_1.4/RC522_LF_glowny/mbed/TARGET_LPC1768/TOOLCHAIN_GCC_CR/retarget.o
LOAD C:/Users/pawel/Documents/LPCXpresso_8.2.2_650/RFID_1.4/RC522_LF_glowny/mbed/TARGET_LPC1768/TOOLCHAIN_GCC_CR/startup_LPC17xx.o
LOAD C:/Users/pawel/Documents/LPCXpresso_8.2.2_650/RFID_1.4/RC522_LF_glowny/mbed/TARGET_LPC1768/TOOLCHAIN_GCC_CR/system_LPC17xx.o
LOAD C:\Users\pawel\Documents\LPCXpresso_8.2.2_650\RFID_1.4\RC522_LF_glowny\mbed\TARGET_LPC1768\TOOLCHAIN_GCC_CR\libmbed.a
START GROUP
LOAD e:/lpcxpresso_8.2.2_650/lpcxpresso/tools/bin/../lib/gcc/arm-none-eabi/5.4.1/armv7-m\libgcc.a
LOAD e:/lpcxpresso_8.2.2_650/lpcxpresso/tools/bin/../lib/gcc/arm-none-eabi/5.4.1/../../../../arm-none-eabi/lib/armv7-m\libc.a
LOAD e:/lpcxpresso_8.2.2_650/lpcxpresso/tools/bin/../lib/gcc/arm-none-eabi/5.4.1/../../../../arm-none-eabi/lib/armv7-m\libstdc++.a
LOAD e:/lpcxpresso_8.2.2_650/lpcxpresso/tools/bin/../lib/gcc/arm-none-eabi/5.4.1/../../../../arm-none-eabi/lib/armv7-m\libm.a
LOAD e:/lpcxpresso_8.2.2_650/lpcxpresso/tools/bin/../lib/gcc/arm-none-eabi/5.4.1/../../../../arm-none-eabi/lib/armv7-m\libcr_newlib_semihost.a
LOAD e:/lpcxpresso_8.2.2_650/lpcxpresso/tools/bin/../lib/gcc/arm-none-eabi/5.4.1/armv7-m\crti.o
LOAD e:/lpcxpresso_8.2.2_650/lpcxpresso/tools/bin/../lib/gcc/arm-none-eabi/5.4.1/armv7-m\crtn.o
LOAD e:/lpcxpresso_8.2.2_650/lpcxpresso/tools/bin/../lib/gcc/arm-none-eabi/5.4.1/armv7-m\crtbegin.o
LOAD e:/lpcxpresso_8.2.2_650/lpcxpresso/tools/bin/../lib/gcc/arm-none-eabi/5.4.1/armv7-m\crtend.o
END GROUP
                0x00000000                __base_MFlash512 = 0x0
                0x00000000                __base_Flash = 0x0
                0x00080000                __top_MFlash512 = 0x80000
                0x00080000                __top_Flash = 0x80000
                0x10000000                __base_RamLoc32 = 0x10000000
                0x10000000                __base_RAM = 0x10000000
                0x10008000                __top_RamLoc32 = 0x10008000
                0x10008000                __top_RAM = 0x10008000
                0x2007c000                __base_RamAHB32 = 0x2007c000
                0x2007c000                __base_RAM2 = 0x2007c000
                0x20084000                __top_RamAHB32 = 0x20084000
                0x20084000                __top_RAM2 = 0x20084000

.text           0x00000000     0xe5a0
 FILL mask 0xff
                0x00000000                __vectors_start__ = ABSOLUTE (.)
 *(.isr_vector)
 .isr_vector    0x00000000       0xcc C:/Users/pawel/Documents/LPCXpresso_8.2.2_650/RFID_1.4/RC522_LF_glowny/mbed/TARGET_LPC1768/TOOLCHAIN_GCC_CR/startup_LPC17xx.o
                0x00000000                g_pfnVectors
                0x000000cc                . = ALIGN (0x4)
                0x000000cc                __section_table_start = .
                0x000000cc                __data_section_table = .
                0x000000cc        0x4 LONG 0xe5a8 LOADADDR (.data)
                0x000000d0        0x4 LONG 0x10000000 ADDR (.data)
                0x000000d4        0x4 LONG 0x8c8 SIZEOF (.data)
                0x000000d8        0x4 LONG 0xe5a8 LOADADDR (.data_RAM2)
                0x000000dc        0x4 LONG 0x2007c000 ADDR (.data_RAM2)
                0x000000e0        0x4 LONG 0x0 SIZEOF (.data_RAM2)
                0x000000e4                __data_section_table_end = .
                0x000000e4                __bss_section_table = .
                0x000000e4        0x4 LONG 0x100008c8 ADDR (.bss)
                0x000000e8        0x4 LONG 0x5c4 SIZEOF (.bss)
                0x000000ec        0x4 LONG 0x2007c000 ADDR (.bss_RAM2)
                0x000000f0        0x4 LONG 0x0 SIZEOF (.bss_RAM2)
                0x000000f4                __bss_section_table_end = .
                0x000000f4                __section_table_end = .
 *(.after_vectors*)
 .after_vectors
                0x000000f4       0xd0 C:/Users/pawel/Documents/LPCXpresso_8.2.2_650/RFID_1.4/RC522_LF_glowny/mbed/TARGET_LPC1768/TOOLCHAIN_GCC_CR/startup_LPC17xx.o
                0x000000f4                NMI_Handler
                0x000000f8                HardFault_Handler
                0x000000fc                MemManage_Handler
                0x00000100                BusFault_Handler
                0x00000104                UsageFault_Handler
                0x00000108                SVC_Handler
                0x0000010c                DebugMon_Handler
                0x00000110                PendSV_Handler
                0x00000114                SysTick_Handler
                0x00000118                PWM1_IRQHandler
                0x00000118                I2C1_IRQHandler
                0x00000118                EINT2_IRQHandler
                0x00000118                UART1_IRQHandler
                0x00000118                EINT3_IRQHandler
                0x00000118                CANActivity_IRQHandler
                0x00000118                TIMER3_IRQHandler
                0x00000118                UART0_IRQHandler
                0x00000118                MCPWM_IRQHandler
                0x00000118                I2C0_IRQHandler
                0x00000118                IntDefaultHandler
                0x00000118                RIT_IRQHandler
                0x00000118                CAN_IRQHandler
                0x00000118                PLL1_IRQHandler
                0x00000118                SSP0_IRQHandler
                0x00000118                I2S_IRQHandler
                0x00000118                I2C2_IRQHandler
                0x00000118                RTC_IRQHandler
                0x00000118                TIMER0_IRQHandler
                0x00000118                SPI_IRQHandler
                0x00000118                UART3_IRQHandler
                0x00000118                EINT1_IRQHandler
                0x00000118                TIMER1_IRQHandler
                0x00000118                UART2_IRQHandler
                0x00000118                ADC_IRQHandler
                0x00000118                SSP1_IRQHandler
                0x00000118                USB_IRQHandler
                0x00000118                BOD_IRQHandler
                0x00000118                USBActivity_IRQHandler
                0x00000118                WDT_IRQHandler
                0x00000118                PLL0_IRQHandler
                0x00000118                QEI_IRQHandler
                0x00000118                EINT0_IRQHandler
                0x00000118                TIMER2_IRQHandler
                0x00000118                DMA_IRQHandler
                0x00000118                ENET_IRQHandler
                0x0000011c                ResetISR
                0x0000019c                data_init
                0x000001b4                bss_init
 *(.text*)
 .text.gpio_write
                0x000001c4       0x2c ./MFRC522.o
 .text._ZN7MFRC522C2E7PinNameS0_S0_S0_S0_
                0x000001f0       0x74 ./MFRC522.o
                0x000001f0                MFRC522::MFRC522(PinName, PinName, PinName, PinName, PinName)
                0x000001f0                MFRC522::MFRC522(PinName, PinName, PinName, PinName, PinName)
 .text._ZN7MFRC522D2Ev
                0x00000264        0x2 ./MFRC522.o
                0x00000264                MFRC522::~MFRC522()
                0x00000264                MFRC522::~MFRC522()
 .text._ZN7MFRC52217PCD_WriteRegisterEhh
                0x00000266       0x34 ./MFRC522.o
                0x00000266                MFRC522::PCD_WriteRegister(unsigned char, unsigned char)
 .text._ZN7MFRC52216PCD_ReadRegisterEh
                0x0000029a       0x34 ./MFRC522.o
                0x0000029a                MFRC522::PCD_ReadRegister(unsigned char)
 .text._ZN7MFRC52213PCD_AntennaOnEv
                0x000002ce       0x26 ./MFRC522.o
                0x000002ce                MFRC522::PCD_AntennaOn()
 .text._ZN7MFRC5228PCD_InitEv
                0x000002f4       0x74 ./MFRC522.o
                0x000002f4                MFRC522::PCD_Init()
 .text._ZN4mbed10SerialBaseD2Ev
                0x00000368        0x2 ./main.o
                0x00000368                mbed::SerialBase::~SerialBase()
                0x00000368                mbed::SerialBase::~SerialBase()
 *fill*         0x0000036a        0x2 ff
 .text.gpio_write
                0x0000036c       0x2c ./main.o
 .text._ZN4mbed6SerialD2Ev
                0x00000398       0x30 ./main.o
                0x00000398                mbed::Serial::~Serial()
                0x00000398                mbed::Serial::~Serial()
                0x000003bc                non-virtual thunk to mbed::Serial::~Serial()
                0x000003c2                non-virtual thunk to mbed::Serial::~Serial()
 .text._ZN4mbed10SerialBaseD0Ev
                0x000003c8        0xc ./main.o
                0x000003c8                mbed::SerialBase::~SerialBase()
 .text._ZN4mbed9DigitalInC2E7PinName
                0x000003d4       0x1a ./main.o
                0x000003d4                mbed::DigitalIn::DigitalIn(PinName)
                0x000003d4                mbed::DigitalIn::DigitalIn(PinName)
 .text._ZN4mbed10DigitalOutC2E7PinName
                0x000003ee       0x1a ./main.o
                0x000003ee                mbed::DigitalOut::DigitalOut(PinName)
                0x000003ee                mbed::DigitalOut::DigitalOut(PinName)
 .text._Z8PWM_initv
                0x00000408       0x98 ./main.o
                0x00000408                PWM_init()
 .text.startup.main
                0x000004a0       0x8c ./main.o
                0x000004a0                main
 .text._ZN4mbed6SerialD0Ev
                0x0000052c       0x1e ./main.o
                0x0000052c                mbed::Serial::~Serial()
                0x0000053e                non-virtual thunk to mbed::Serial::~Serial()
                0x00000544                non-virtual thunk to mbed::Serial::~Serial()
 *fill*         0x0000054a        0x2 ff
 .text.startup._GLOBAL__sub_I_tab
                0x0000054c      0x238 ./main.o
 .text.mbed_die
                0x00000784      0x10c C:/Users/pawel/Documents/LPCXpresso_8.2.2_650/RFID_1.4/RC522_LF_glowny/mbed/TARGET_LPC1768/TOOLCHAIN_GCC_CR/board.o
                0x00000784                mbed_die
 .text.NVIC_SetVector
                0x00000890       0x3c C:/Users/pawel/Documents/LPCXpresso_8.2.2_650/RFID_1.4/RC522_LF_glowny/mbed/TARGET_LPC1768/TOOLCHAIN_GCC_CR/cmsis_nvic.o
                0x00000890                NVIC_SetVector
 .text._ZN4mbed10FileHandle4flenEv
                0x000008cc       0x34 C:/Users/pawel/Documents/LPCXpresso_8.2.2_650/RFID_1.4/RC522_LF_glowny/mbed/TARGET_LPC1768/TOOLCHAIN_GCC_CR/retarget.o
                0x000008cc                mbed::FileHandle::flen()
 .text._ZN4mbed10FileHandleD2Ev
                0x00000900       0x2c C:/Users/pawel/Documents/LPCXpresso_8.2.2_650/RFID_1.4/RC522_LF_glowny/mbed/TARGET_LPC1768/TOOLCHAIN_GCC_CR/retarget.o
                0x00000900                mbed::FileHandle::~FileHandle()
                0x00000900                mbed::FileHandle::~FileHandle()
 .text._ZN4mbed10FileHandleD0Ev
                0x0000092c       0x34 C:/Users/pawel/Documents/LPCXpresso_8.2.2_650/RFID_1.4/RC522_LF_glowny/mbed/TARGET_LPC1768/TOOLCHAIN_GCC_CR/retarget.o
                0x0000092c                mbed::FileHandle::~FileHandle()
 .text._ZL11init_serialv.part.0
                0x00000960       0x18 C:/Users/pawel/Documents/LPCXpresso_8.2.2_650/RFID_1.4/RC522_LF_glowny/mbed/TARGET_LPC1768/TOOLCHAIN_GCC_CR/retarget.o
 .text._open    0x00000978       0xf8 C:/Users/pawel/Documents/LPCXpresso_8.2.2_650/RFID_1.4/RC522_LF_glowny/mbed/TARGET_LPC1768/TOOLCHAIN_GCC_CR/retarget.o
                0x00000978                _open
 .text._close   0x00000a70       0x2c C:/Users/pawel/Documents/LPCXpresso_8.2.2_650/RFID_1.4/RC522_LF_glowny/mbed/TARGET_LPC1768/TOOLCHAIN_GCC_CR/retarget.o
                0x00000a70                _close
 .text._write   0x00000a9c       0x50 C:/Users/pawel/Documents/LPCXpresso_8.2.2_650/RFID_1.4/RC522_LF_glowny/mbed/TARGET_LPC1768/TOOLCHAIN_GCC_CR/retarget.o
                0x00000a9c                _write
 .text._read    0x00000aec       0x4c C:/Users/pawel/Documents/LPCXpresso_8.2.2_650/RFID_1.4/RC522_LF_glowny/mbed/TARGET_LPC1768/TOOLCHAIN_GCC_CR/retarget.o
                0x00000aec                _read
 .text._isatty  0x00000b38       0x28 C:/Users/pawel/Documents/LPCXpresso_8.2.2_650/RFID_1.4/RC522_LF_glowny/mbed/TARGET_LPC1768/TOOLCHAIN_GCC_CR/retarget.o
                0x00000b38                _isatty
 .text._lseek   0x00000b60       0x28 C:/Users/pawel/Documents/LPCXpresso_8.2.2_650/RFID_1.4/RC522_LF_glowny/mbed/TARGET_LPC1768/TOOLCHAIN_GCC_CR/retarget.o
                0x00000b60                _lseek
 .text._fstat   0x00000b88       0x20 C:/Users/pawel/Documents/LPCXpresso_8.2.2_650/RFID_1.4/RC522_LF_glowny/mbed/TARGET_LPC1768/TOOLCHAIN_GCC_CR/retarget.o
                0x00000b88                _fstat
 .text.exit     0x00000ba8       0x30 C:/Users/pawel/Documents/LPCXpresso_8.2.2_650/RFID_1.4/RC522_LF_glowny/mbed/TARGET_LPC1768/TOOLCHAIN_GCC_CR/retarget.o
                0x00000ba8                exit
 .text.__cxa_pure_virtual
                0x00000bd8        0x8 C:/Users/pawel/Documents/LPCXpresso_8.2.2_650/RFID_1.4/RC522_LF_glowny/mbed/TARGET_LPC1768/TOOLCHAIN_GCC_CR/retarget.o
                0x00000bd8                __cxa_pure_virtual
 .text._ZN4mbed26mbed_set_unbuffered_streamEP7__sFILE
                0x00000be0        0x8 C:/Users/pawel/Documents/LPCXpresso_8.2.2_650/RFID_1.4/RC522_LF_glowny/mbed/TARGET_LPC1768/TOOLCHAIN_GCC_CR/retarget.o
                0x00000be0                mbed::mbed_set_unbuffered_stream(__sFILE*)
 .text.__aeabi_atexit
                0x00000be8        0x4 C:/Users/pawel/Documents/LPCXpresso_8.2.2_650/RFID_1.4/RC522_LF_glowny/mbed/TARGET_LPC1768/TOOLCHAIN_GCC_CR/startup_LPC17xx.o
                0x00000be8                __aeabi_atexit
 .text._ZdlPv   0x00000bec        0x4 C:/Users/pawel/Documents/LPCXpresso_8.2.2_650/RFID_1.4/RC522_LF_glowny/mbed/TARGET_LPC1768/TOOLCHAIN_GCC_CR/startup_LPC17xx.o
                0x00000bec                operator delete(void*)
 .text.SystemInit
                0x00000bf0       0xb8 C:/Users/pawel/Documents/LPCXpresso_8.2.2_650/RFID_1.4/RC522_LF_glowny/mbed/TARGET_LPC1768/TOOLCHAIN_GCC_CR/system_LPC17xx.o
                0x00000bf0                SystemInit
 .text.pwmout_write
                0x00000ca8       0x5c C:\Users\pawel\Documents\LPCXpresso_8.2.2_650\RFID_1.4\RC522_LF_glowny\mbed\TARGET_LPC1768\TOOLCHAIN_GCC_CR\libmbed.a(pwmout_api.o)
                0x00000ca8                pwmout_write
 .text.pwmout_period_us
                0x00000d04       0x44 C:\Users\pawel\Documents\LPCXpresso_8.2.2_650\RFID_1.4\RC522_LF_glowny\mbed\TARGET_LPC1768\TOOLCHAIN_GCC_CR\libmbed.a(pwmout_api.o)
                0x00000d04                pwmout_period_us
 .text.pwmout_period
                0x00000d48       0x20 C:\Users\pawel\Documents\LPCXpresso_8.2.2_650\RFID_1.4\RC522_LF_glowny\mbed\TARGET_LPC1768\TOOLCHAIN_GCC_CR\libmbed.a(pwmout_api.o)
                0x00000d48                pwmout_period
 .text.pwmout_init
                0x00000d68       0xd8 C:\Users\pawel\Documents\LPCXpresso_8.2.2_650\RFID_1.4\RC522_LF_glowny\mbed\TARGET_LPC1768\TOOLCHAIN_GCC_CR\libmbed.a(pwmout_api.o)
                0x00000d68                pwmout_init
 .text.uart2_irq
                0x00000e40       0x64 C:\Users\pawel\Documents\LPCXpresso_8.2.2_650\RFID_1.4\RC522_LF_glowny\mbed\TARGET_LPC1768\TOOLCHAIN_GCC_CR\libmbed.a(serial_api.o)
                0x00000e40                uart2_irq
 .text.serial_irq_set_internal
                0x00000ea4       0xcc C:\Users\pawel\Documents\LPCXpresso_8.2.2_650\RFID_1.4\RC522_LF_glowny\mbed\TARGET_LPC1768\TOOLCHAIN_GCC_CR\libmbed.a(serial_api.o)
 .text.uart0_irq
                0x00000f70       0x64 C:\Users\pawel\Documents\LPCXpresso_8.2.2_650\RFID_1.4\RC522_LF_glowny\mbed\TARGET_LPC1768\TOOLCHAIN_GCC_CR\libmbed.a(serial_api.o)
                0x00000f70                uart0_irq
 .text.uart3_irq
                0x00000fd4       0x6c C:\Users\pawel\Documents\LPCXpresso_8.2.2_650\RFID_1.4\RC522_LF_glowny\mbed\TARGET_LPC1768\TOOLCHAIN_GCC_CR\libmbed.a(serial_api.o)
                0x00000fd4                uart3_irq
 .text.uart1_irq
                0x00001040       0x64 C:\Users\pawel\Documents\LPCXpresso_8.2.2_650\RFID_1.4\RC522_LF_glowny\mbed\TARGET_LPC1768\TOOLCHAIN_GCC_CR\libmbed.a(serial_api.o)
                0x00001040                uart1_irq
 .text.serial_baud
                0x000010a4      0x244 C:\Users\pawel\Documents\LPCXpresso_8.2.2_650\RFID_1.4\RC522_LF_glowny\mbed\TARGET_LPC1768\TOOLCHAIN_GCC_CR\libmbed.a(serial_api.o)
                0x000010a4                serial_baud
 .text.serial_format
                0x000012e8       0x78 C:\Users\pawel\Documents\LPCXpresso_8.2.2_650\RFID_1.4\RC522_LF_glowny\mbed\TARGET_LPC1768\TOOLCHAIN_GCC_CR\libmbed.a(serial_api.o)
                0x000012e8                serial_format
 .text.serial_irq_handler
                0x00001360       0x20 C:\Users\pawel\Documents\LPCXpresso_8.2.2_650\RFID_1.4\RC522_LF_glowny\mbed\TARGET_LPC1768\TOOLCHAIN_GCC_CR\libmbed.a(serial_api.o)
                0x00001360                serial_irq_handler
 .text.serial_getc
                0x00001380       0x38 C:\Users\pawel\Documents\LPCXpresso_8.2.2_650\RFID_1.4\RC522_LF_glowny\mbed\TARGET_LPC1768\TOOLCHAIN_GCC_CR\libmbed.a(serial_api.o)
                0x00001380                serial_getc
 .text.serial_writable
                0x000013b8       0x74 C:\Users\pawel\Documents\LPCXpresso_8.2.2_650\RFID_1.4\RC522_LF_glowny\mbed\TARGET_LPC1768\TOOLCHAIN_GCC_CR\libmbed.a(serial_api.o)
                0x000013b8                serial_writable
 .text.serial_putc
                0x0000142c       0x34 C:\Users\pawel\Documents\LPCXpresso_8.2.2_650\RFID_1.4\RC522_LF_glowny\mbed\TARGET_LPC1768\TOOLCHAIN_GCC_CR\libmbed.a(serial_api.o)
                0x0000142c                serial_putc
 .text.serial_set_flow_control
                0x00001460      0x12c C:\Users\pawel\Documents\LPCXpresso_8.2.2_650\RFID_1.4\RC522_LF_glowny\mbed\TARGET_LPC1768\TOOLCHAIN_GCC_CR\libmbed.a(serial_api.o)
                0x00001460                serial_set_flow_control
 .text.serial_init
                0x0000158c      0x1bc C:\Users\pawel\Documents\LPCXpresso_8.2.2_650\RFID_1.4\RC522_LF_glowny\mbed\TARGET_LPC1768\TOOLCHAIN_GCC_CR\libmbed.a(serial_api.o)
                0x0000158c                serial_init
 .text._ZN4mbed8FilePathC2EPKc
                0x00001748       0x58 C:\Users\pawel\Documents\LPCXpresso_8.2.2_650\RFID_1.4\RC522_LF_glowny\mbed\TARGET_LPC1768\TOOLCHAIN_GCC_CR\libmbed.a(FilePath.o)
                0x00001748                mbed::FilePath::FilePath(char const*)
                0x00001748                mbed::FilePath::FilePath(char const*)
 .text._ZN4mbed8FilePath8fileNameEv
                0x000017a0        0x4 C:\Users\pawel\Documents\LPCXpresso_8.2.2_650\RFID_1.4\RC522_LF_glowny\mbed\TARGET_LPC1768\TOOLCHAIN_GCC_CR\libmbed.a(FilePath.o)
                0x000017a0                mbed::FilePath::fileName()
 .text._ZN4mbed8FilePath10fileSystemEv
                0x000017a4       0x18 C:\Users\pawel\Documents\LPCXpresso_8.2.2_650\RFID_1.4\RC522_LF_glowny\mbed\TARGET_LPC1768\TOOLCHAIN_GCC_CR\libmbed.a(FilePath.o)
                0x000017a4                mbed::FilePath::fileSystem()
 .text._ZN4mbed8FilePath6isFileEv
                0x000017bc       0x14 C:\Users\pawel\Documents\LPCXpresso_8.2.2_650\RFID_1.4\RC522_LF_glowny\mbed\TARGET_LPC1768\TOOLCHAIN_GCC_CR\libmbed.a(FilePath.o)
                0x000017bc                mbed::FilePath::isFile()
 .text._ZN4mbed8FilePath4fileEv
                0x000017d0       0x1c C:\Users\pawel\Documents\LPCXpresso_8.2.2_650\RFID_1.4\RC522_LF_glowny\mbed\TARGET_LPC1768\TOOLCHAIN_GCC_CR\libmbed.a(FilePath.o)
                0x000017d0                mbed::FilePath::file()
 .text._ZN4mbed8FilePath6existsEv
                0x000017ec        0xc C:\Users\pawel\Documents\LPCXpresso_8.2.2_650\RFID_1.4\RC522_LF_glowny\mbed\TARGET_LPC1768\TOOLCHAIN_GCC_CR\libmbed.a(FilePath.o)
                0x000017ec                mbed::FilePath::exists()
 .text._ZN4mbed3SPID2Ev
                0x000017f8        0xc C:\Users\pawel\Documents\LPCXpresso_8.2.2_650\RFID_1.4\RC522_LF_glowny\mbed\TARGET_LPC1768\TOOLCHAIN_GCC_CR\libmbed.a(SPI.o)
                0x000017f8                mbed::SPI::~SPI()
                0x000017f8                mbed::SPI::~SPI()
 .text._ZN4mbed3SPID0Ev
                0x00001804       0x14 C:\Users\pawel\Documents\LPCXpresso_8.2.2_650\RFID_1.4\RC522_LF_glowny\mbed\TARGET_LPC1768\TOOLCHAIN_GCC_CR\libmbed.a(SPI.o)
                0x00001804                mbed::SPI::~SPI()
 .text._ZN4mbed3SPIC2E7PinNameS1_S1_S1_
                0x00001818       0x4c C:\Users\pawel\Documents\LPCXpresso_8.2.2_650\RFID_1.4\RC522_LF_glowny\mbed\TARGET_LPC1768\TOOLCHAIN_GCC_CR\libmbed.a(SPI.o)
                0x00001818                mbed::SPI::SPI(PinName, PinName, PinName, PinName)
                0x00001818                mbed::SPI::SPI(PinName, PinName, PinName, PinName)
 .text._ZN4mbed3SPI6aquireEv
                0x00001864       0x2c C:\Users\pawel\Documents\LPCXpresso_8.2.2_650\RFID_1.4\RC522_LF_glowny\mbed\TARGET_LPC1768\TOOLCHAIN_GCC_CR\libmbed.a(SPI.o)
                0x00001864                mbed::SPI::aquire()
 .text._ZN4mbed3SPI6formatEii
                0x00001890       0x18 C:\Users\pawel\Documents\LPCXpresso_8.2.2_650\RFID_1.4\RC522_LF_glowny\mbed\TARGET_LPC1768\TOOLCHAIN_GCC_CR\libmbed.a(SPI.o)
                0x00001890                mbed::SPI::format(int, int)
 .text._ZN4mbed3SPI9frequencyEi
                0x000018a8       0x10 C:\Users\pawel\Documents\LPCXpresso_8.2.2_650\RFID_1.4\RC522_LF_glowny\mbed\TARGET_LPC1768\TOOLCHAIN_GCC_CR\libmbed.a(SPI.o)
                0x000018a8                mbed::SPI::frequency(int)
 .text._ZN4mbed3SPI5writeEi
                0x000018b8       0x18 C:\Users\pawel\Documents\LPCXpresso_8.2.2_650\RFID_1.4\RC522_LF_glowny\mbed\TARGET_LPC1768\TOOLCHAIN_GCC_CR\libmbed.a(SPI.o)
                0x000018b8                mbed::SPI::write(int)
 .text._ZN4mbed6Serial5_getcEv
                0x000018d0        0x4 C:\Users\pawel\Documents\LPCXpresso_8.2.2_650\RFID_1.4\RC522_LF_glowny\mbed\TARGET_LPC1768\TOOLCHAIN_GCC_CR\libmbed.a(Serial.o)
                0x000018d0                mbed::Serial::_getc()
 .text._ZThn64_N4mbed6Serial5_getcEv
                0x000018d4        0x8 C:\Users\pawel\Documents\LPCXpresso_8.2.2_650\RFID_1.4\RC522_LF_glowny\mbed\TARGET_LPC1768\TOOLCHAIN_GCC_CR\libmbed.a(Serial.o)
                0x000018d4                non-virtual thunk to mbed::Serial::_getc()
 .text._ZN4mbed6Serial5_putcEi
                0x000018dc        0x4 C:\Users\pawel\Documents\LPCXpresso_8.2.2_650\RFID_1.4\RC522_LF_glowny\mbed\TARGET_LPC1768\TOOLCHAIN_GCC_CR\libmbed.a(Serial.o)
                0x000018dc                mbed::Serial::_putc(int)
 .text._ZThn64_N4mbed6Serial5_putcEi
                0x000018e0        0x8 C:\Users\pawel\Documents\LPCXpresso_8.2.2_650\RFID_1.4\RC522_LF_glowny\mbed\TARGET_LPC1768\TOOLCHAIN_GCC_CR\libmbed.a(Serial.o)
                0x000018e0                non-virtual thunk to mbed::Serial::_putc(int)
 .text._ZN4mbed6SerialC2E7PinNameS1_PKc
                0x000018e8       0x30 C:\Users\pawel\Documents\LPCXpresso_8.2.2_650\RFID_1.4\RC522_LF_glowny\mbed\TARGET_LPC1768\TOOLCHAIN_GCC_CR\libmbed.a(Serial.o)
                0x000018e8                mbed::Serial::Serial(PinName, PinName, char const*)
                0x000018e8                mbed::Serial::Serial(PinName, PinName, char const*)
 .text._ZN4mbed10SerialBase12_irq_handlerEm9SerialIrq
                0x00001918       0x28 C:\Users\pawel\Documents\LPCXpresso_8.2.2_650\RFID_1.4\RC522_LF_glowny\mbed\TARGET_LPC1768\TOOLCHAIN_GCC_CR\libmbed.a(SerialBase.o)
                0x00001918                mbed::SerialBase::_irq_handler(unsigned long, SerialIrq)
 .text._ZN4mbed10SerialBaseC2E7PinNameS1_
                0x00001940       0x3c C:\Users\pawel\Documents\LPCXpresso_8.2.2_650\RFID_1.4\RC522_LF_glowny\mbed\TARGET_LPC1768\TOOLCHAIN_GCC_CR\libmbed.a(SerialBase.o)
                0x00001940                mbed::SerialBase::SerialBase(PinName, PinName)
                0x00001940                mbed::SerialBase::SerialBase(PinName, PinName)
 .text._ZN4mbed10SerialBase10_base_getcEv
                0x0000197c        0x8 C:\Users\pawel\Documents\LPCXpresso_8.2.2_650\RFID_1.4\RC522_LF_glowny\mbed\TARGET_LPC1768\TOOLCHAIN_GCC_CR\libmbed.a(SerialBase.o)
                0x0000197c                mbed::SerialBase::_base_getc()
 .text._ZN4mbed10SerialBase10_base_putcEi
                0x00001984       0x10 C:\Users\pawel\Documents\LPCXpresso_8.2.2_650\RFID_1.4\RC522_LF_glowny\mbed\TARGET_LPC1768\TOOLCHAIN_GCC_CR\libmbed.a(SerialBase.o)
                0x00001984                mbed::SerialBase::_base_putc(int)
 .text._ZN4mbed6Stream5closeEv
                0x00001994        0x4 C:\Users\pawel\Documents\LPCXpresso_8.2.2_650\RFID_1.4\RC522_LF_glowny\mbed\TARGET_LPC1768\TOOLCHAIN_GCC_CR\libmbed.a(Stream.o)
                0x00001994                mbed::Stream::close()
 .text._ZN4mbed6Stream5writeEPKvj
                0x00001998       0x30 C:\Users\pawel\Documents\LPCXpresso_8.2.2_650\RFID_1.4\RC522_LF_glowny\mbed\TARGET_LPC1768\TOOLCHAIN_GCC_CR\libmbed.a(Stream.o)
                0x00001998                mbed::Stream::write(void const*, unsigned int)
 .text._ZN4mbed6Stream4readEPvj
                0x000019c8       0x30 C:\Users\pawel\Documents\LPCXpresso_8.2.2_650\RFID_1.4\RC522_LF_glowny\mbed\TARGET_LPC1768\TOOLCHAIN_GCC_CR\libmbed.a(Stream.o)
                0x000019c8                mbed::Stream::read(void*, unsigned int)
 .text._ZN4mbed6Stream5lseekEli
                0x000019f8        0x4 C:\Users\pawel\Documents\LPCXpresso_8.2.2_650\RFID_1.4\RC522_LF_glowny\mbed\TARGET_LPC1768\TOOLCHAIN_GCC_CR\libmbed.a(Stream.o)
                0x000019f8                mbed::Stream::lseek(long, int)
 .text._ZN4mbed6Stream6isattyEv
                0x000019fc        0x4 C:\Users\pawel\Documents\LPCXpresso_8.2.2_650\RFID_1.4\RC522_LF_glowny\mbed\TARGET_LPC1768\TOOLCHAIN_GCC_CR\libmbed.a(Stream.o)
                0x000019fc                mbed::Stream::isatty()
 .text._ZN4mbed6Stream5fsyncEv
                0x00001a00        0x4 C:\Users\pawel\Documents\LPCXpresso_8.2.2_650\RFID_1.4\RC522_LF_glowny\mbed\TARGET_LPC1768\TOOLCHAIN_GCC_CR\libmbed.a(Stream.o)
                0x00001a00                mbed::Stream::fsync()
 .text._ZN4mbed6Stream4flenEv
                0x00001a04        0x4 C:\Users\pawel\Documents\LPCXpresso_8.2.2_650\RFID_1.4\RC522_LF_glowny\mbed\TARGET_LPC1768\TOOLCHAIN_GCC_CR\libmbed.a(Stream.o)
                0x00001a04                mbed::Stream::flen()
 .text._ZN4mbed6StreamD2Ev
                0x00001a08       0x24 C:\Users\pawel\Documents\LPCXpresso_8.2.2_650\RFID_1.4\RC522_LF_glowny\mbed\TARGET_LPC1768\TOOLCHAIN_GCC_CR\libmbed.a(Stream.o)
                0x00001a08                mbed::Stream::~Stream()
                0x00001a08                mbed::Stream::~Stream()
 .text._ZThn4_N4mbed6StreamD1Ev
                0x00001a2c        0x8 C:\Users\pawel\Documents\LPCXpresso_8.2.2_650\RFID_1.4\RC522_LF_glowny\mbed\TARGET_LPC1768\TOOLCHAIN_GCC_CR\libmbed.a(Stream.o)
                0x00001a2c                non-virtual thunk to mbed::Stream::~Stream()
 .text._ZN4mbed6StreamD0Ev
                0x00001a34       0x14 C:\Users\pawel\Documents\LPCXpresso_8.2.2_650\RFID_1.4\RC522_LF_glowny\mbed\TARGET_LPC1768\TOOLCHAIN_GCC_CR\libmbed.a(Stream.o)
                0x00001a34                mbed::Stream::~Stream()
 .text._ZThn4_N4mbed6StreamD0Ev
                0x00001a48        0x8 C:\Users\pawel\Documents\LPCXpresso_8.2.2_650\RFID_1.4\RC522_LF_glowny\mbed\TARGET_LPC1768\TOOLCHAIN_GCC_CR\libmbed.a(Stream.o)
                0x00001a48                non-virtual thunk to mbed::Stream::~Stream()
 .text._ZN4mbed6StreamC2EPKc
                0x00001a50       0x44 C:\Users\pawel\Documents\LPCXpresso_8.2.2_650\RFID_1.4\RC522_LF_glowny\mbed\TARGET_LPC1768\TOOLCHAIN_GCC_CR\libmbed.a(Stream.o)
                0x00001a50                mbed::Stream::Stream(char const*)
                0x00001a50                mbed::Stream::Stream(char const*)
 .text._ZN4mbed6Stream6printfEPKcz
                0x00001a94       0x2c C:\Users\pawel\Documents\LPCXpresso_8.2.2_650\RFID_1.4\RC522_LF_glowny\mbed\TARGET_LPC1768\TOOLCHAIN_GCC_CR\libmbed.a(Stream.o)
                0x00001a94                mbed::Stream::printf(char const*, ...)
 .text.mbed_assert_internal
                0x00001ac0       0x18 C:\Users\pawel\Documents\LPCXpresso_8.2.2_650\RFID_1.4\RC522_LF_glowny\mbed\TARGET_LPC1768\TOOLCHAIN_GCC_CR\libmbed.a(assert.o)
                0x00001ac0                mbed_assert_internal
 .text.error    0x00001ad8       0x24 C:\Users\pawel\Documents\LPCXpresso_8.2.2_650\RFID_1.4\RC522_LF_glowny\mbed\TARGET_LPC1768\TOOLCHAIN_GCC_CR\libmbed.a(error.o)
                0x00001ad8                error
 .text.gpio_init_in
                0x00001afc       0x24 C:\Users\pawel\Documents\LPCXpresso_8.2.2_650\RFID_1.4\RC522_LF_glowny\mbed\TARGET_LPC1768\TOOLCHAIN_GCC_CR\libmbed.a(gpio.o)
                0x00001afc                gpio_init_in
 .text.gpio_init_out
                0x00001b20       0x44 C:\Users\pawel\Documents\LPCXpresso_8.2.2_650\RFID_1.4\RC522_LF_glowny\mbed\TARGET_LPC1768\TOOLCHAIN_GCC_CR\libmbed.a(gpio.o)
                0x00001b20                gpio_init_out
 .text.gpio_init_out_ex
                0x00001b64       0x54 C:\Users\pawel\Documents\LPCXpresso_8.2.2_650\RFID_1.4\RC522_LF_glowny\mbed\TARGET_LPC1768\TOOLCHAIN_GCC_CR\libmbed.a(gpio.o)
                0x00001b64                gpio_init_out_ex
 .text.mbed_interface_connected
                0x00001bb8        0x4 C:\Users\pawel\Documents\LPCXpresso_8.2.2_650\RFID_1.4\RC522_LF_glowny\mbed\TARGET_LPC1768\TOOLCHAIN_GCC_CR\libmbed.a(mbed_interface.o)
                0x00001bb8                mbed_interface_connected
 .text.pinmap_pinout
                0x00001bbc       0x40 C:\Users\pawel\Documents\LPCXpresso_8.2.2_650\RFID_1.4\RC522_LF_glowny\mbed\TARGET_LPC1768\TOOLCHAIN_GCC_CR\libmbed.a(pinmap_common.o)
                0x00001bbc                pinmap_pinout
 .text.pinmap_merge
                0x00001bfc       0x24 C:\Users\pawel\Documents\LPCXpresso_8.2.2_650\RFID_1.4\RC522_LF_glowny\mbed\TARGET_LPC1768\TOOLCHAIN_GCC_CR\libmbed.a(pinmap_common.o)
                0x00001bfc                pinmap_merge
 .text.pinmap_find_peripheral
                0x00001c20       0x1c C:\Users\pawel\Documents\LPCXpresso_8.2.2_650\RFID_1.4\RC522_LF_glowny\mbed\TARGET_LPC1768\TOOLCHAIN_GCC_CR\libmbed.a(pinmap_common.o)
                0x00001c20                pinmap_find_peripheral
 .text.pinmap_peripheral
                0x00001c3c       0x34 C:\Users\pawel\Documents\LPCXpresso_8.2.2_650\RFID_1.4\RC522_LF_glowny\mbed\TARGET_LPC1768\TOOLCHAIN_GCC_CR\libmbed.a(pinmap_common.o)
                0x00001c3c                pinmap_peripheral
 .text.semihost_exit
                0x00001c70       0x18 C:\Users\pawel\Documents\LPCXpresso_8.2.2_650\RFID_1.4\RC522_LF_glowny\mbed\TARGET_LPC1768\TOOLCHAIN_GCC_CR\libmbed.a(semihost_api.o)
                0x00001c70                semihost_exit
 .text.semihost_connected
                0x00001c88       0x10 C:\Users\pawel\Documents\LPCXpresso_8.2.2_650\RFID_1.4\RC522_LF_glowny\mbed\TARGET_LPC1768\TOOLCHAIN_GCC_CR\libmbed.a(semihost_api.o)
                0x00001c88                semihost_connected
 .text.wait_us  0x00001c98       0x18 C:\Users\pawel\Documents\LPCXpresso_8.2.2_650\RFID_1.4\RC522_LF_glowny\mbed\TARGET_LPC1768\TOOLCHAIN_GCC_CR\libmbed.a(wait_api.o)
                0x00001c98                wait_us
 .text.wait_ms  0x00001cb0        0xc C:\Users\pawel\Documents\LPCXpresso_8.2.2_650\RFID_1.4\RC522_LF_glowny\mbed\TARGET_LPC1768\TOOLCHAIN_GCC_CR\libmbed.a(wait_api.o)
                0x00001cb0                wait_ms
 .text.gpio_set
                0x00001cbc       0x30 C:\Users\pawel\Documents\LPCXpresso_8.2.2_650\RFID_1.4\RC522_LF_glowny\mbed\TARGET_LPC1768\TOOLCHAIN_GCC_CR\libmbed.a(gpio_api.o)
                0x00001cbc                gpio_set
 .text.gpio_init
                0x00001cec       0x30 C:\Users\pawel\Documents\LPCXpresso_8.2.2_650\RFID_1.4\RC522_LF_glowny\mbed\TARGET_LPC1768\TOOLCHAIN_GCC_CR\libmbed.a(gpio_api.o)
                0x00001cec                gpio_init
 .text.gpio_mode
                0x00001d1c        0x8 C:\Users\pawel\Documents\LPCXpresso_8.2.2_650\RFID_1.4\RC522_LF_glowny\mbed\TARGET_LPC1768\TOOLCHAIN_GCC_CR\libmbed.a(gpio_api.o)
                0x00001d1c                gpio_mode
 .text.gpio_dir
                0x00001d24       0x44 C:\Users\pawel\Documents\LPCXpresso_8.2.2_650\RFID_1.4\RC522_LF_glowny\mbed\TARGET_LPC1768\TOOLCHAIN_GCC_CR\libmbed.a(gpio_api.o)
                0x00001d24                gpio_dir
 .text.pin_function
                0x00001d68       0x50 C:\Users\pawel\Documents\LPCXpresso_8.2.2_650\RFID_1.4\RC522_LF_glowny\mbed\TARGET_LPC1768\TOOLCHAIN_GCC_CR\libmbed.a(pinmap.o)
                0x00001d68                pin_function
 .text.pin_mode
                0x00001db8       0x78 C:\Users\pawel\Documents\LPCXpresso_8.2.2_650\RFID_1.4\RC522_LF_glowny\mbed\TARGET_LPC1768\TOOLCHAIN_GCC_CR\libmbed.a(pinmap.o)
                0x00001db8                pin_mode
 .text.spi_init
                0x00001e30       0xf0 C:\Users\pawel\Documents\LPCXpresso_8.2.2_650\RFID_1.4\RC522_LF_glowny\mbed\TARGET_LPC1768\TOOLCHAIN_GCC_CR\libmbed.a(spi_api.o)
                0x00001e30                spi_init
 .text.spi_format
                0x00001f20       0x70 C:\Users\pawel\Documents\LPCXpresso_8.2.2_650\RFID_1.4\RC522_LF_glowny\mbed\TARGET_LPC1768\TOOLCHAIN_GCC_CR\libmbed.a(spi_api.o)
                0x00001f20                spi_format
 .text.spi_frequency
                0x00001f90       0xd0 C:\Users\pawel\Documents\LPCXpresso_8.2.2_650\RFID_1.4\RC522_LF_glowny\mbed\TARGET_LPC1768\TOOLCHAIN_GCC_CR\libmbed.a(spi_api.o)
                0x00001f90                spi_frequency
 .text.spi_master_write
                0x00002060       0x14 C:\Users\pawel\Documents\LPCXpresso_8.2.2_650\RFID_1.4\RC522_LF_glowny\mbed\TARGET_LPC1768\TOOLCHAIN_GCC_CR\libmbed.a(spi_api.o)
                0x00002060                spi_master_write
 .text.us_ticker_init
                0x00002074       0x68 C:\Users\pawel\Documents\LPCXpresso_8.2.2_650\RFID_1.4\RC522_LF_glowny\mbed\TARGET_LPC1768\TOOLCHAIN_GCC_CR\libmbed.a(us_ticker.o)
                0x00002074                us_ticker_init
 .text.us_ticker_read
                0x000020dc       0x1c C:\Users\pawel\Documents\LPCXpresso_8.2.2_650\RFID_1.4\RC522_LF_glowny\mbed\TARGET_LPC1768\TOOLCHAIN_GCC_CR\libmbed.a(us_ticker.o)
                0x000020dc                us_ticker_read
 .text.us_ticker_set_interrupt
                0x000020f8       0x14 C:\Users\pawel\Documents\LPCXpresso_8.2.2_650\RFID_1.4\RC522_LF_glowny\mbed\TARGET_LPC1768\TOOLCHAIN_GCC_CR\libmbed.a(us_ticker.o)
                0x000020f8                us_ticker_set_interrupt
 .text.us_ticker_disable_interrupt
                0x0000210c       0x10 C:\Users\pawel\Documents\LPCXpresso_8.2.2_650\RFID_1.4\RC522_LF_glowny\mbed\TARGET_LPC1768\TOOLCHAIN_GCC_CR\libmbed.a(us_ticker.o)
                0x0000210c                us_ticker_disable_interrupt
 .text.us_ticker_clear_interrupt
                0x0000211c        0xc C:\Users\pawel\Documents\LPCXpresso_8.2.2_650\RFID_1.4\RC522_LF_glowny\mbed\TARGET_LPC1768\TOOLCHAIN_GCC_CR\libmbed.a(us_ticker.o)
                0x0000211c                us_ticker_clear_interrupt
 .text._ZN4mbed8FileLikeD2Ev
                0x00002128       0x24 C:\Users\pawel\Documents\LPCXpresso_8.2.2_650\RFID_1.4\RC522_LF_glowny\mbed\TARGET_LPC1768\TOOLCHAIN_GCC_CR\libmbed.a(FileLike.o)
                0x00002128                mbed::FileLike::~FileLike()
                0x00002128                mbed::FileLike::~FileLike()
 .text._ZThn4_N4mbed8FileLikeD1Ev
                0x0000214c        0x8 C:\Users\pawel\Documents\LPCXpresso_8.2.2_650\RFID_1.4\RC522_LF_glowny\mbed\TARGET_LPC1768\TOOLCHAIN_GCC_CR\libmbed.a(FileLike.o)
                0x0000214c                non-virtual thunk to mbed::FileLike::~FileLike()
 .text._ZN4mbed8FileLikeD0Ev
                0x00002154       0x2c C:\Users\pawel\Documents\LPCXpresso_8.2.2_650\RFID_1.4\RC522_LF_glowny\mbed\TARGET_LPC1768\TOOLCHAIN_GCC_CR\libmbed.a(FileLike.o)
                0x00002154                mbed::FileLike::~FileLike()
 .text._ZThn4_N4mbed8FileLikeD0Ev
                0x00002180        0x8 C:\Users\pawel\Documents\LPCXpresso_8.2.2_650\RFID_1.4\RC522_LF_glowny\mbed\TARGET_LPC1768\TOOLCHAIN_GCC_CR\libmbed.a(FileLike.o)
                0x00002180                non-virtual thunk to mbed::FileLike::~FileLike()
 .text._ZN4mbed8FileLikeC2EPKc
                0x00002188       0x28 C:\Users\pawel\Documents\LPCXpresso_8.2.2_650\RFID_1.4\RC522_LF_glowny\mbed\TARGET_LPC1768\TOOLCHAIN_GCC_CR\libmbed.a(FileLike.o)
                0x00002188                mbed::FileLike::FileLike(char const*)
                0x00002188                mbed::FileLike::FileLike(char const*)
 .text._ZN4mbed8FileBaseD2Ev
                0x000021b0       0x30 C:\Users\pawel\Documents\LPCXpresso_8.2.2_650\RFID_1.4\RC522_LF_glowny\mbed\TARGET_LPC1768\TOOLCHAIN_GCC_CR\libmbed.a(FileBase.o)
                0x000021b0                mbed::FileBase::~FileBase()
                0x000021b0                mbed::FileBase::~FileBase()
 .text._ZN4mbed8FileBaseD0Ev
                0x000021e0       0x3c C:\Users\pawel\Documents\LPCXpresso_8.2.2_650\RFID_1.4\RC522_LF_glowny\mbed\TARGET_LPC1768\TOOLCHAIN_GCC_CR\libmbed.a(FileBase.o)
                0x000021e0                mbed::FileBase::~FileBase()
 .text._ZN4mbed8FileBaseC2EPKcNS_8PathTypeE
                0x0000221c       0x28 C:\Users\pawel\Documents\LPCXpresso_8.2.2_650\RFID_1.4\RC522_LF_glowny\mbed\TARGET_LPC1768\TOOLCHAIN_GCC_CR\libmbed.a(FileBase.o)
                0x0000221c                mbed::FileBase::FileBase(char const*, mbed::PathType)
                0x0000221c                mbed::FileBase::FileBase(char const*, mbed::PathType)
 .text._ZN4mbed8FileBase6lookupEPKcj
                0x00002244       0x3c C:\Users\pawel\Documents\LPCXpresso_8.2.2_650\RFID_1.4\RC522_LF_glowny\mbed\TARGET_LPC1768\TOOLCHAIN_GCC_CR\libmbed.a(FileBase.o)
                0x00002244                mbed::FileBase::lookup(char const*, unsigned int)
 .text._ZN4mbed8FileBase11getPathTypeEv
                0x00002280        0x4 C:\Users\pawel\Documents\LPCXpresso_8.2.2_650\RFID_1.4\RC522_LF_glowny\mbed\TARGET_LPC1768\TOOLCHAIN_GCC_CR\libmbed.a(FileBase.o)
                0x00002280                mbed::FileBase::getPathType()
 .text.us_ticker_irq_handler
                0x00002284        0xc C:\Users\pawel\Documents\LPCXpresso_8.2.2_650\RFID_1.4\RC522_LF_glowny\mbed\TARGET_LPC1768\TOOLCHAIN_GCC_CR\libmbed.a(us_ticker_api.o)
                0x00002284                us_ticker_irq_handler
 .text.ticker_irq_handler
                0x00002290       0x48 C:\Users\pawel\Documents\LPCXpresso_8.2.2_650\RFID_1.4\RC522_LF_glowny\mbed\TARGET_LPC1768\TOOLCHAIN_GCC_CR\libmbed.a(ticker_api.o)
                0x00002290                ticker_irq_handler
 .text          0x000022d8      0x370 e:/lpcxpresso_8.2.2_650/lpcxpresso/tools/bin/../lib/gcc/arm-none-eabi/5.4.1/armv7-m\libgcc.a(_arm_addsubdf3.o)
                0x000022d8                __aeabi_drsub
                0x000022e0                __aeabi_dsub
                0x000022e0                __subdf3
                0x000022e4                __aeabi_dadd
                0x000022e4                __adddf3
                0x0000255c                __floatunsidf
                0x0000255c                __aeabi_ui2d
                0x0000257c                __floatsidf
                0x0000257c                __aeabi_i2d
                0x000025a0                __aeabi_f2d
                0x000025a0                __extendsfdf2
                0x000025dc                __floatundidf
                0x000025dc                __aeabi_ul2d
                0x000025ec                __floatdidf
                0x000025ec                __aeabi_l2d
 .text          0x00002648       0x50 e:/lpcxpresso_8.2.2_650/lpcxpresso/tools/bin/../lib/gcc/arm-none-eabi/5.4.1/armv7-m\libgcc.a(_arm_fixdfsi.o)
                0x00002648                __aeabi_d2iz
                0x00002648                __fixdfsi
 .text          0x00002698      0x21c e:/lpcxpresso_8.2.2_650/lpcxpresso/tools/bin/../lib/gcc/arm-none-eabi/5.4.1/armv7-m\libgcc.a(_arm_addsubsf3.o)
                0x00002698                __aeabi_frsub
                0x000026a0                __subsf3
                0x000026a0                __aeabi_fsub
                0x000026a4                __aeabi_fadd
                0x000026a4                __addsf3
                0x00002804                __aeabi_ui2f
                0x00002804                __floatunsisf
                0x0000280c                __aeabi_i2f
                0x0000280c                __floatsisf
                0x00002828                __aeabi_ul2f
                0x00002828                __floatundisf
                0x00002838                __aeabi_l2f
                0x00002838                __floatdisf
 .text          0x000028b4      0x2a0 e:/lpcxpresso_8.2.2_650/lpcxpresso/tools/bin/../lib/gcc/arm-none-eabi/5.4.1/armv7-m\libgcc.a(_arm_muldivsf3.o)
                0x000028b4                __mulsf3
                0x000028b4                __aeabi_fmul
                0x00002a1c                __aeabi_fdiv
                0x00002a1c                __divsf3
 .text          0x00002b54       0xec e:/lpcxpresso_8.2.2_650/lpcxpresso/tools/bin/../lib/gcc/arm-none-eabi/5.4.1/armv7-m\libgcc.a(_arm_cmpsf2.o)
                0x00002b54                __gesf2
                0x00002b54                __gtsf2
                0x00002b5c                __lesf2
                0x00002b5c                __ltsf2
                0x00002b64                __nesf2
                0x00002b64                __eqsf2
                0x00002b64                __cmpsf2
                0x00002bc4                __aeabi_cfrcmple
                0x00002bcc                __aeabi_cfcmpeq
                0x00002bcc                __aeabi_cfcmple
                0x00002bdc                __aeabi_fcmpeq
                0x00002bf0                __aeabi_fcmplt
                0x00002c04                __aeabi_fcmple
                0x00002c18                __aeabi_fcmpge
                0x00002c2c                __aeabi_fcmpgt
 .text          0x00002c40       0x4c e:/lpcxpresso_8.2.2_650/lpcxpresso/tools/bin/../lib/gcc/arm-none-eabi/5.4.1/armv7-m\libgcc.a(_arm_fixsfsi.o)
                0x00002c40                __aeabi_f2iz
                0x00002c40                __fixsfsi
 .text          0x00002c8c       0x40 e:/lpcxpresso_8.2.2_650/lpcxpresso/tools/bin/../lib/gcc/arm-none-eabi/5.4.1/armv7-m\libgcc.a(_arm_fixunssfsi.o)
                0x00002c8c                __fixunssfsi
                0x00002c8c                __aeabi_f2uiz
 .text          0x00002ccc       0x30 e:/lpcxpresso_8.2.2_650/lpcxpresso/tools/bin/../lib/gcc/arm-none-eabi/5.4.1/armv7-m\libgcc.a(_aeabi_uldivmod.o)
                0x00002ccc                __aeabi_uldivmod
 .text          0x00002cfc      0x2ec e:/lpcxpresso_8.2.2_650/lpcxpresso/tools/bin/../lib/gcc/arm-none-eabi/5.4.1/armv7-m\libgcc.a(_udivmoddi4.o)
                0x00002cfc                __udivmoddi4
 .text          0x00002fe8        0x4 e:/lpcxpresso_8.2.2_650/lpcxpresso/tools/bin/../lib/gcc/arm-none-eabi/5.4.1/armv7-m\libgcc.a(_dvmd_tls.o)
                0x00002fe8                __aeabi_idiv0
                0x00002fe8                __aeabi_ldiv0
 .text.abs      0x00002fec        0x8 e:/lpcxpresso_8.2.2_650/lpcxpresso/tools/bin/../lib/gcc/arm-none-eabi/5.4.1/../../../../arm-none-eabi/lib/armv7-m\libc.a(lib_a-abs.o)
                0x00002fec                abs
 .text.__errno  0x00002ff4        0xc e:/lpcxpresso_8.2.2_650/lpcxpresso/tools/bin/../lib/gcc/arm-none-eabi/5.4.1/../../../../arm-none-eabi/lib/armv7-m\libc.a(lib_a-errno.o)
                0x00002ff4                __errno
 .text._fclose_r
                0x00003000       0x84 e:/lpcxpresso_8.2.2_650/lpcxpresso/tools/bin/../lib/gcc/arm-none-eabi/5.4.1/../../../../arm-none-eabi/lib/armv7-m\libc.a(lib_a-fclose.o)
                0x00003000                _fclose_r
 .text.fclose   0x00003084       0x10 e:/lpcxpresso_8.2.2_650/lpcxpresso/tools/bin/../lib/gcc/arm-none-eabi/5.4.1/../../../../arm-none-eabi/lib/armv7-m\libc.a(lib_a-fclose.o)
                0x00003084                fclose
 .text.__sflush_r
                0x00003094      0x148 e:/lpcxpresso_8.2.2_650/lpcxpresso/tools/bin/../lib/gcc/arm-none-eabi/5.4.1/../../../../arm-none-eabi/lib/armv7-m\libc.a(lib_a-fflush.o)
                0x00003094                __sflush_r
 .text._fflush_r
                0x000031dc       0x2c e:/lpcxpresso_8.2.2_650/lpcxpresso/tools/bin/../lib/gcc/arm-none-eabi/5.4.1/../../../../arm-none-eabi/lib/armv7-m\libc.a(lib_a-fflush.o)
                0x000031dc                _fflush_r
 .text.fflush   0x00003208       0x24 e:/lpcxpresso_8.2.2_650/lpcxpresso/tools/bin/../lib/gcc/arm-none-eabi/5.4.1/../../../../arm-none-eabi/lib/armv7-m\libc.a(lib_a-fflush.o)
                0x00003208                fflush
 .text._cleanup_r
                0x0000322c        0xc e:/lpcxpresso_8.2.2_650/lpcxpresso/tools/bin/../lib/gcc/arm-none-eabi/5.4.1/../../../../arm-none-eabi/lib/armv7-m\libc.a(lib_a-findfp.o)
                0x0000322c                _cleanup_r
 .text.__sinit.part.1
                0x00003238       0xf0 e:/lpcxpresso_8.2.2_650/lpcxpresso/tools/bin/../lib/gcc/arm-none-eabi/5.4.1/../../../../arm-none-eabi/lib/armv7-m\libc.a(lib_a-findfp.o)
 .text.__sfmoreglue
                0x00003328       0x30 e:/lpcxpresso_8.2.2_650/lpcxpresso/tools/bin/../lib/gcc/arm-none-eabi/5.4.1/../../../../arm-none-eabi/lib/armv7-m\libc.a(lib_a-findfp.o)
                0x00003328                __sfmoreglue
 .text.__sfp    0x00003358       0x88 e:/lpcxpresso_8.2.2_650/lpcxpresso/tools/bin/../lib/gcc/arm-none-eabi/5.4.1/../../../../arm-none-eabi/lib/armv7-m\libc.a(lib_a-findfp.o)
                0x00003358                __sfp
 .text.__sinit  0x000033e0        0xc e:/lpcxpresso_8.2.2_650/lpcxpresso/tools/bin/../lib/gcc/arm-none-eabi/5.4.1/../../../../arm-none-eabi/lib/armv7-m\libc.a(lib_a-findfp.o)
                0x000033e0                __sinit
 .text.__sfp_lock_acquire
                0x000033ec        0x4 e:/lpcxpresso_8.2.2_650/lpcxpresso/tools/bin/../lib/gcc/arm-none-eabi/5.4.1/../../../../arm-none-eabi/lib/armv7-m\libc.a(lib_a-findfp.o)
                0x000033ec                __sfp_lock_acquire
 .text.__sfp_lock_release
                0x000033f0        0x4 e:/lpcxpresso_8.2.2_650/lpcxpresso/tools/bin/../lib/gcc/arm-none-eabi/5.4.1/../../../../arm-none-eabi/lib/armv7-m\libc.a(lib_a-findfp.o)
                0x000033f0                __sfp_lock_release
 .text._fopen_r
                0x000033f4       0x8c e:/lpcxpresso_8.2.2_650/lpcxpresso/tools/bin/../lib/gcc/arm-none-eabi/5.4.1/../../../../arm-none-eabi/lib/armv7-m\libc.a(lib_a-fopen.o)
                0x000033f4                _fopen_r
 .text.fopen    0x00003480       0x10 e:/lpcxpresso_8.2.2_650/lpcxpresso/tools/bin/../lib/gcc/arm-none-eabi/5.4.1/../../../../arm-none-eabi/lib/armv7-m\libc.a(lib_a-fopen.o)
                0x00003480                fopen
 .text._malloc_trim_r
                0x00003490       0x9c e:/lpcxpresso_8.2.2_650/lpcxpresso/tools/bin/../lib/gcc/arm-none-eabi/5.4.1/../../../../arm-none-eabi/lib/armv7-m\libc.a(lib_a-freer.o)
                0x00003490                _malloc_trim_r
 .text._free_r  0x0000352c      0x1d0 e:/lpcxpresso_8.2.2_650/lpcxpresso/tools/bin/../lib/gcc/arm-none-eabi/5.4.1/../../../../arm-none-eabi/lib/armv7-m\libc.a(lib_a-freer.o)
                0x0000352c                _free_r
 .text._fseek_r
                0x000036fc        0x4 e:/lpcxpresso_8.2.2_650/lpcxpresso/tools/bin/../lib/gcc/arm-none-eabi/5.4.1/../../../../arm-none-eabi/lib/armv7-m\libc.a(lib_a-fseek.o)
                0x000036fc                _fseek_r
 .text._fseeko_r
                0x00003700      0x2c4 e:/lpcxpresso_8.2.2_650/lpcxpresso/tools/bin/../lib/gcc/arm-none-eabi/5.4.1/../../../../arm-none-eabi/lib/armv7-m\libc.a(lib_a-fseeko.o)
                0x00003700                _fseeko_r
 .text._fstat_r
                0x000039c4       0x28 e:/lpcxpresso_8.2.2_650/lpcxpresso/tools/bin/../lib/gcc/arm-none-eabi/5.4.1/../../../../arm-none-eabi/lib/armv7-m\libc.a(lib_a-fstatr.o)
                0x000039c4                _fstat_r
 .text.__sfvwrite_r
                0x000039ec      0x308 e:/lpcxpresso_8.2.2_650/lpcxpresso/tools/bin/../lib/gcc/arm-none-eabi/5.4.1/../../../../arm-none-eabi/lib/armv7-m\libc.a(lib_a-fvwrite.o)
                0x000039ec                __sfvwrite_r
 .text._fwalk   0x00003cf4       0x48 e:/lpcxpresso_8.2.2_650/lpcxpresso/tools/bin/../lib/gcc/arm-none-eabi/5.4.1/../../../../arm-none-eabi/lib/armv7-m\libc.a(lib_a-fwalk.o)
                0x00003cf4                _fwalk
 .text._fwalk_reent
                0x00003d3c       0x50 e:/lpcxpresso_8.2.2_650/lpcxpresso/tools/bin/../lib/gcc/arm-none-eabi/5.4.1/../../../../arm-none-eabi/lib/armv7-m\libc.a(lib_a-fwalk.o)
                0x00003d3c                _fwalk_reent
 .text.__libc_init_array
                0x00003d8c       0x50 e:/lpcxpresso_8.2.2_650/lpcxpresso/tools/bin/../lib/gcc/arm-none-eabi/5.4.1/../../../../arm-none-eabi/lib/armv7-m\libc.a(lib_a-init.o)
                0x00003d8c                __libc_init_array
 .text.__swhatbuf_r
                0x00003ddc       0x60 e:/lpcxpresso_8.2.2_650/lpcxpresso/tools/bin/../lib/gcc/arm-none-eabi/5.4.1/../../../../arm-none-eabi/lib/armv7-m\libc.a(lib_a-makebuf.o)
                0x00003ddc                __swhatbuf_r
 .text.__smakebuf_r
                0x00003e3c       0x88 e:/lpcxpresso_8.2.2_650/lpcxpresso/tools/bin/../lib/gcc/arm-none-eabi/5.4.1/../../../../arm-none-eabi/lib/armv7-m\libc.a(lib_a-makebuf.o)
                0x00003e3c                __smakebuf_r
 .text.malloc   0x00003ec4       0x10 e:/lpcxpresso_8.2.2_650/lpcxpresso/tools/bin/../lib/gcc/arm-none-eabi/5.4.1/../../../../arm-none-eabi/lib/armv7-m\libc.a(lib_a-malloc.o)
                0x00003ec4                malloc
 .text.free     0x00003ed4       0x10 e:/lpcxpresso_8.2.2_650/lpcxpresso/tools/bin/../lib/gcc/arm-none-eabi/5.4.1/../../../../arm-none-eabi/lib/armv7-m\libc.a(lib_a-malloc.o)
                0x00003ed4                free
 .text._malloc_r
                0x00003ee4      0x558 e:/lpcxpresso_8.2.2_650/lpcxpresso/tools/bin/../lib/gcc/arm-none-eabi/5.4.1/../../../../arm-none-eabi/lib/armv7-m\libc.a(lib_a-mallocr.o)
                0x00003ee4                _malloc_r
 .text.memchr   0x0000443c       0x8c e:/lpcxpresso_8.2.2_650/lpcxpresso/tools/bin/../lib/gcc/arm-none-eabi/5.4.1/../../../../arm-none-eabi/lib/armv7-m\libc.a(lib_a-memchr-stub.o)
                0x0000443c                memchr
 .text          0x000044c8       0xec e:/lpcxpresso_8.2.2_650/lpcxpresso/tools/bin/../lib/gcc/arm-none-eabi/5.4.1/../../../../arm-none-eabi/lib/armv7-m\libc.a(lib_a-memcpy.o)
                0x000044c8                memcpy
 .text.memmove  0x000045b4       0xc8 e:/lpcxpresso_8.2.2_650/lpcxpresso/tools/bin/../lib/gcc/arm-none-eabi/5.4.1/../../../../arm-none-eabi/lib/armv7-m\libc.a(lib_a-memmove.o)
                0x000045b4                memmove
 .text.memset   0x0000467c       0x9c e:/lpcxpresso_8.2.2_650/lpcxpresso/tools/bin/../lib/gcc/arm-none-eabi/5.4.1/../../../../arm-none-eabi/lib/armv7-m\libc.a(lib_a-memset.o)
                0x0000467c                memset
 .text.__malloc_lock
                0x00004718        0x4 e:/lpcxpresso_8.2.2_650/lpcxpresso/tools/bin/../lib/gcc/arm-none-eabi/5.4.1/../../../../arm-none-eabi/lib/armv7-m\libc.a(lib_a-mlock.o)
                0x00004718                __malloc_lock
 .text.__malloc_unlock
                0x0000471c        0x4 e:/lpcxpresso_8.2.2_650/lpcxpresso/tools/bin/../lib/gcc/arm-none-eabi/5.4.1/../../../../arm-none-eabi/lib/armv7-m\libc.a(lib_a-mlock.o)
                0x0000471c                __malloc_unlock
 .text._open_r  0x00004720       0x2c e:/lpcxpresso_8.2.2_650/lpcxpresso/tools/bin/../lib/gcc/arm-none-eabi/5.4.1/../../../../arm-none-eabi/lib/armv7-m\libc.a(lib_a-openr.o)
                0x00004720                _open_r
 .text._realloc_r
                0x0000474c      0x3d4 e:/lpcxpresso_8.2.2_650/lpcxpresso/tools/bin/../lib/gcc/arm-none-eabi/5.4.1/../../../../arm-none-eabi/lib/armv7-m\libc.a(lib_a-reallocr.o)
                0x0000474c                _realloc_r
 .text.lflush   0x00004b20       0x14 e:/lpcxpresso_8.2.2_650/lpcxpresso/tools/bin/../lib/gcc/arm-none-eabi/5.4.1/../../../../arm-none-eabi/lib/armv7-m\libc.a(lib_a-refill.o)
 .text.__srefill_r
                0x00004b34      0x114 e:/lpcxpresso_8.2.2_650/lpcxpresso/tools/bin/../lib/gcc/arm-none-eabi/5.4.1/../../../../arm-none-eabi/lib/armv7-m\libc.a(lib_a-refill.o)
                0x00004b34                __srefill_r
 .text._sbrk_r  0x00004c48       0x24 e:/lpcxpresso_8.2.2_650/lpcxpresso/tools/bin/../lib/gcc/arm-none-eabi/5.4.1/../../../../arm-none-eabi/lib/armv7-m\libc.a(lib_a-sbrkr.o)
                0x00004c48                _sbrk_r
 .text.setbuf   0x00004c6c       0x10 e:/lpcxpresso_8.2.2_650/lpcxpresso/tools/bin/../lib/gcc/arm-none-eabi/5.4.1/../../../../arm-none-eabi/lib/armv7-m\libc.a(lib_a-setbuf.o)
                0x00004c6c                setbuf
 .text.setvbuf  0x00004c7c      0x150 e:/lpcxpresso_8.2.2_650/lpcxpresso/tools/bin/../lib/gcc/arm-none-eabi/5.4.1/../../../../arm-none-eabi/lib/armv7-m\libc.a(lib_a-setvbuf.o)
                0x00004c7c                setvbuf
 .text.sprintf  0x00004dcc       0x4c e:/lpcxpresso_8.2.2_650/lpcxpresso/tools/bin/../lib/gcc/arm-none-eabi/5.4.1/../../../../arm-none-eabi/lib/armv7-m\libc.a(lib_a-sprintf.o)
                0x00004dcc                sprintf
 .text.sscanf   0x00004e18       0x58 e:/lpcxpresso_8.2.2_650/lpcxpresso/tools/bin/../lib/gcc/arm-none-eabi/5.4.1/../../../../arm-none-eabi/lib/armv7-m\libc.a(lib_a-sscanf.o)
                0x00004e18                sscanf
 .text.__sread  0x00004e70       0x24 e:/lpcxpresso_8.2.2_650/lpcxpresso/tools/bin/../lib/gcc/arm-none-eabi/5.4.1/../../../../arm-none-eabi/lib/armv7-m\libc.a(lib_a-stdio.o)
                0x00004e70                __sread
 .text.__seofread
                0x00004e94        0x4 e:/lpcxpresso_8.2.2_650/lpcxpresso/tools/bin/../lib/gcc/arm-none-eabi/5.4.1/../../../../arm-none-eabi/lib/armv7-m\libc.a(lib_a-stdio.o)
                0x00004e94                __seofread
 .text.__swrite
                0x00004e98       0x3c e:/lpcxpresso_8.2.2_650/lpcxpresso/tools/bin/../lib/gcc/arm-none-eabi/5.4.1/../../../../arm-none-eabi/lib/armv7-m\libc.a(lib_a-stdio.o)
                0x00004e98                __swrite
 .text.__sseek  0x00004ed4       0x20 e:/lpcxpresso_8.2.2_650/lpcxpresso/tools/bin/../lib/gcc/arm-none-eabi/5.4.1/../../../../arm-none-eabi/lib/armv7-m\libc.a(lib_a-stdio.o)
                0x00004ed4                __sseek
 .text.__sclose
                0x00004ef4        0x8 e:/lpcxpresso_8.2.2_650/lpcxpresso/tools/bin/../lib/gcc/arm-none-eabi/5.4.1/../../../../arm-none-eabi/lib/armv7-m\libc.a(lib_a-stdio.o)
                0x00004ef4                __sclose
 .text          0x00004efc      0x1bc e:/lpcxpresso_8.2.2_650/lpcxpresso/tools/bin/../lib/gcc/arm-none-eabi/5.4.1/../../../../arm-none-eabi/lib/armv7-m\libc.a(lib_a-strcmp.o)
                0x00004efc                strcmp
 .text.strlen   0x000050b8       0x5c e:/lpcxpresso_8.2.2_650/lpcxpresso/tools/bin/../lib/gcc/arm-none-eabi/5.4.1/../../../../arm-none-eabi/lib/armv7-m\libc.a(lib_a-strlen-stub.o)
                0x000050b8                strlen
 .text.strncmp  0x00005114       0x9c e:/lpcxpresso_8.2.2_650/lpcxpresso/tools/bin/../lib/gcc/arm-none-eabi/5.4.1/../../../../arm-none-eabi/lib/armv7-m\libc.a(lib_a-strncmp.o)
                0x00005114                strncmp
 .text._svfprintf_r
                0x000051b0     0x175c e:/lpcxpresso_8.2.2_650/lpcxpresso/tools/bin/../lib/gcc/arm-none-eabi/5.4.1/../../../../arm-none-eabi/lib/armv7-m\libc.a(lib_a-svfprintf.o)
                0x000051b0                _svfprintf_r
 .text.__ssvfscanf_r
                0x0000690c      0xeac e:/lpcxpresso_8.2.2_650/lpcxpresso/tools/bin/../lib/gcc/arm-none-eabi/5.4.1/../../../../arm-none-eabi/lib/armv7-m\libc.a(lib_a-svfscanf.o)
                0x0000690c                __ssvfscanf_r
 .text._vfprintf_r
                0x000077b8     0x1788 e:/lpcxpresso_8.2.2_650/lpcxpresso/tools/bin/../lib/gcc/arm-none-eabi/5.4.1/../../../../arm-none-eabi/lib/armv7-m\libc.a(lib_a-vfprintf.o)
                0x000077b8                _vfprintf_r
 .text.vfprintf
                0x00008f40       0x18 e:/lpcxpresso_8.2.2_650/lpcxpresso/tools/bin/../lib/gcc/arm-none-eabi/5.4.1/../../../../arm-none-eabi/lib/armv7-m\libc.a(lib_a-vfprintf.o)
                0x00008f40                vfprintf
 .text.__sbprintf
                0x00008f58       0x6c e:/lpcxpresso_8.2.2_650/lpcxpresso/tools/bin/../lib/gcc/arm-none-eabi/5.4.1/../../../../arm-none-eabi/lib/armv7-m\libc.a(lib_a-vfprintf.o)
 .text.__swbuf_r
                0x00008fc4       0xac e:/lpcxpresso_8.2.2_650/lpcxpresso/tools/bin/../lib/gcc/arm-none-eabi/5.4.1/../../../../arm-none-eabi/lib/armv7-m\libc.a(lib_a-wbuf.o)
                0x00008fc4                __swbuf_r
 .text._write_r
                0x00009070       0x2c e:/lpcxpresso_8.2.2_650/lpcxpresso/tools/bin/../lib/gcc/arm-none-eabi/5.4.1/../../../../arm-none-eabi/lib/armv7-m\libc.a(lib_a-writer.o)
                0x00009070                _write_r
 .text.__swsetup_r
                0x0000909c       0xc8 e:/lpcxpresso_8.2.2_650/lpcxpresso/tools/bin/../lib/gcc/arm-none-eabi/5.4.1/../../../../arm-none-eabi/lib/armv7-m\libc.a(lib_a-wsetup.o)
                0x0000909c                __swsetup_r
 .text._close_r
                0x00009164       0x24 e:/lpcxpresso_8.2.2_650/lpcxpresso/tools/bin/../lib/gcc/arm-none-eabi/5.4.1/../../../../arm-none-eabi/lib/armv7-m\libc.a(lib_a-closer.o)
                0x00009164                _close_r
 .text.quorem   0x00009188      0x12c e:/lpcxpresso_8.2.2_650/lpcxpresso/tools/bin/../lib/gcc/arm-none-eabi/5.4.1/../../../../arm-none-eabi/lib/armv7-m\libc.a(lib_a-dtoa.o)
 *fill*         0x000092b4        0x4 ff
 .text._dtoa_r  0x000092b8      0xe4c e:/lpcxpresso_8.2.2_650/lpcxpresso/tools/bin/../lib/gcc/arm-none-eabi/5.4.1/../../../../arm-none-eabi/lib/armv7-m\libc.a(lib_a-dtoa.o)
                0x000092b8                _dtoa_r
 .text.__sflags
                0x0000a104       0x74 e:/lpcxpresso_8.2.2_650/lpcxpresso/tools/bin/../lib/gcc/arm-none-eabi/5.4.1/../../../../arm-none-eabi/lib/armv7-m\libc.a(lib_a-flags.o)
                0x0000a104                __sflags
 .text._isatty_r
                0x0000a178       0x24 e:/lpcxpresso_8.2.2_650/lpcxpresso/tools/bin/../lib/gcc/arm-none-eabi/5.4.1/../../../../arm-none-eabi/lib/armv7-m\libc.a(lib_a-isattyr.o)
                0x0000a178                _isatty_r
 .text.iswspace
                0x0000a19c       0x1c e:/lpcxpresso_8.2.2_650/lpcxpresso/tools/bin/../lib/gcc/arm-none-eabi/5.4.1/../../../../arm-none-eabi/lib/armv7-m\libc.a(lib_a-iswspace.o)
                0x0000a19c                iswspace
 .text.__locale_charset
                0x0000a1b8        0x8 e:/lpcxpresso_8.2.2_650/lpcxpresso/tools/bin/../lib/gcc/arm-none-eabi/5.4.1/../../../../arm-none-eabi/lib/armv7-m\libc.a(lib_a-locale.o)
                0x0000a1b8                __locale_charset
 .text.__locale_mb_cur_max
                0x0000a1c0        0xc e:/lpcxpresso_8.2.2_650/lpcxpresso/tools/bin/../lib/gcc/arm-none-eabi/5.4.1/../../../../arm-none-eabi/lib/armv7-m\libc.a(lib_a-locale.o)
                0x0000a1c0                __locale_mb_cur_max
 .text._localeconv_r
                0x0000a1cc        0x8 e:/lpcxpresso_8.2.2_650/lpcxpresso/tools/bin/../lib/gcc/arm-none-eabi/5.4.1/../../../../arm-none-eabi/lib/armv7-m\libc.a(lib_a-locale.o)
                0x0000a1cc                _localeconv_r
 .text._lseek_r
                0x0000a1d4       0x2c e:/lpcxpresso_8.2.2_650/lpcxpresso/tools/bin/../lib/gcc/arm-none-eabi/5.4.1/../../../../arm-none-eabi/lib/armv7-m\libc.a(lib_a-lseekr.o)
                0x0000a1d4                _lseek_r
 .text._mbrtowc_r
                0x0000a200       0x5c e:/lpcxpresso_8.2.2_650/lpcxpresso/tools/bin/../lib/gcc/arm-none-eabi/5.4.1/../../../../arm-none-eabi/lib/armv7-m\libc.a(lib_a-mbrtowc.o)
                0x0000a200                _mbrtowc_r
 .text.__ascii_mbtowc
                0x0000a25c       0x2c e:/lpcxpresso_8.2.2_650/lpcxpresso/tools/bin/../lib/gcc/arm-none-eabi/5.4.1/../../../../arm-none-eabi/lib/armv7-m\libc.a(lib_a-mbtowc_r.o)
                0x0000a25c                __ascii_mbtowc
 .text._Balloc  0x0000a288       0x50 e:/lpcxpresso_8.2.2_650/lpcxpresso/tools/bin/../lib/gcc/arm-none-eabi/5.4.1/../../../../arm-none-eabi/lib/armv7-m\libc.a(lib_a-mprec.o)
                0x0000a288                _Balloc
 .text._Bfree   0x0000a2d8       0x14 e:/lpcxpresso_8.2.2_650/lpcxpresso/tools/bin/../lib/gcc/arm-none-eabi/5.4.1/../../../../arm-none-eabi/lib/armv7-m\libc.a(lib_a-mprec.o)
                0x0000a2d8                _Bfree
 .text.__multadd
                0x0000a2ec       0x80 e:/lpcxpresso_8.2.2_650/lpcxpresso/tools/bin/../lib/gcc/arm-none-eabi/5.4.1/../../../../arm-none-eabi/lib/armv7-m\libc.a(lib_a-mprec.o)
                0x0000a2ec                __multadd
 .text.__s2b    0x0000a36c       0x98 e:/lpcxpresso_8.2.2_650/lpcxpresso/tools/bin/../lib/gcc/arm-none-eabi/5.4.1/../../../../arm-none-eabi/lib/armv7-m\libc.a(lib_a-mprec.o)
                0x0000a36c                __s2b
 .text.__hi0bits
                0x0000a404       0x40 e:/lpcxpresso_8.2.2_650/lpcxpresso/tools/bin/../lib/gcc/arm-none-eabi/5.4.1/../../../../arm-none-eabi/lib/armv7-m\libc.a(lib_a-mprec.o)
                0x0000a404                __hi0bits
 .text.__lo0bits
                0x0000a444       0x5c e:/lpcxpresso_8.2.2_650/lpcxpresso/tools/bin/../lib/gcc/arm-none-eabi/5.4.1/../../../../arm-none-eabi/lib/armv7-m\libc.a(lib_a-mprec.o)
                0x0000a444                __lo0bits
 .text.__i2b    0x0000a4a0       0x14 e:/lpcxpresso_8.2.2_650/lpcxpresso/tools/bin/../lib/gcc/arm-none-eabi/5.4.1/../../../../arm-none-eabi/lib/armv7-m\libc.a(lib_a-mprec.o)
                0x0000a4a0                __i2b
 .text.__multiply
                0x0000a4b4      0x13c e:/lpcxpresso_8.2.2_650/lpcxpresso/tools/bin/../lib/gcc/arm-none-eabi/5.4.1/../../../../arm-none-eabi/lib/armv7-m\libc.a(lib_a-mprec.o)
                0x0000a4b4                __multiply
 .text.__pow5mult
                0x0000a5f0       0xa0 e:/lpcxpresso_8.2.2_650/lpcxpresso/tools/bin/../lib/gcc/arm-none-eabi/5.4.1/../../../../arm-none-eabi/lib/armv7-m\libc.a(lib_a-mprec.o)
                0x0000a5f0                __pow5mult
 .text.__lshift
                0x0000a690       0xac e:/lpcxpresso_8.2.2_650/lpcxpresso/tools/bin/../lib/gcc/arm-none-eabi/5.4.1/../../../../arm-none-eabi/lib/armv7-m\libc.a(lib_a-mprec.o)
                0x0000a690                __lshift
 .text.__mcmp   0x0000a73c       0x40 e:/lpcxpresso_8.2.2_650/lpcxpresso/tools/bin/../lib/gcc/arm-none-eabi/5.4.1/../../../../arm-none-eabi/lib/armv7-m\libc.a(lib_a-mprec.o)
                0x0000a73c                __mcmp
 .text.__mdiff  0x0000a77c      0x128 e:/lpcxpresso_8.2.2_650/lpcxpresso/tools/bin/../lib/gcc/arm-none-eabi/5.4.1/../../../../arm-none-eabi/lib/armv7-m\libc.a(lib_a-mprec.o)
                0x0000a77c                __mdiff
 .text.__ulp    0x0000a8a4       0x44 e:/lpcxpresso_8.2.2_650/lpcxpresso/tools/bin/../lib/gcc/arm-none-eabi/5.4.1/../../../../arm-none-eabi/lib/armv7-m\libc.a(lib_a-mprec.o)
                0x0000a8a4                __ulp
 .text.__b2d    0x0000a8e8       0xd4 e:/lpcxpresso_8.2.2_650/lpcxpresso/tools/bin/../lib/gcc/arm-none-eabi/5.4.1/../../../../arm-none-eabi/lib/armv7-m\libc.a(lib_a-mprec.o)
                0x0000a8e8                __b2d
 .text.__d2b    0x0000a9bc       0xa8 e:/lpcxpresso_8.2.2_650/lpcxpresso/tools/bin/../lib/gcc/arm-none-eabi/5.4.1/../../../../arm-none-eabi/lib/armv7-m\libc.a(lib_a-mprec.o)
                0x0000a9bc                __d2b
 .text.__ratio  0x0000aa64       0x54 e:/lpcxpresso_8.2.2_650/lpcxpresso/tools/bin/../lib/gcc/arm-none-eabi/5.4.1/../../../../arm-none-eabi/lib/armv7-m\libc.a(lib_a-mprec.o)
                0x0000aa64                __ratio
 .text.__copybits
                0x0000aab8       0x48 e:/lpcxpresso_8.2.2_650/lpcxpresso/tools/bin/../lib/gcc/arm-none-eabi/5.4.1/../../../../arm-none-eabi/lib/armv7-m\libc.a(lib_a-mprec.o)
                0x0000aab8                __copybits
 .text.__any_on
                0x0000ab00       0x5c e:/lpcxpresso_8.2.2_650/lpcxpresso/tools/bin/../lib/gcc/arm-none-eabi/5.4.1/../../../../arm-none-eabi/lib/armv7-m\libc.a(lib_a-mprec.o)
                0x0000ab00                __any_on
 .text._read_r  0x0000ab5c       0x2c e:/lpcxpresso_8.2.2_650/lpcxpresso/tools/bin/../lib/gcc/arm-none-eabi/5.4.1/../../../../arm-none-eabi/lib/armv7-m\libc.a(lib_a-readr.o)
                0x0000ab5c                _read_r
 .text.__sccl   0x0000ab88       0x74 e:/lpcxpresso_8.2.2_650/lpcxpresso/tools/bin/../lib/gcc/arm-none-eabi/5.4.1/../../../../arm-none-eabi/lib/armv7-m\libc.a(lib_a-sccl.o)
                0x0000ab88                __sccl
 .text.nanf     0x0000abfc        0x8 e:/lpcxpresso_8.2.2_650/lpcxpresso/tools/bin/../lib/gcc/arm-none-eabi/5.4.1/../../../../arm-none-eabi/lib/armv7-m\libc.a(lib_a-sf_nan.o)
                0x0000abfc                nanf
 .text.sulp     0x0000ac04       0x44 e:/lpcxpresso_8.2.2_650/lpcxpresso/tools/bin/../lib/gcc/arm-none-eabi/5.4.1/../../../../arm-none-eabi/lib/armv7-m\libc.a(lib_a-strtod.o)
 .text._strtod_r
                0x0000ac48      0xecc e:/lpcxpresso_8.2.2_650/lpcxpresso/tools/bin/../lib/gcc/arm-none-eabi/5.4.1/../../../../arm-none-eabi/lib/armv7-m\libc.a(lib_a-strtod.o)
                0x0000ac48                _strtod_r
 .text._strtol_r
                0x0000bb14      0x128 e:/lpcxpresso_8.2.2_650/lpcxpresso/tools/bin/../lib/gcc/arm-none-eabi/5.4.1/../../../../arm-none-eabi/lib/armv7-m\libc.a(lib_a-strtol.o)
                0x0000bb14                _strtol_r
 .text._strtoll_r
                0x0000bc3c      0x1b4 e:/lpcxpresso_8.2.2_650/lpcxpresso/tools/bin/../lib/gcc/arm-none-eabi/5.4.1/../../../../arm-none-eabi/lib/armv7-m\libc.a(lib_a-strtoll_r.o)
                0x0000bc3c                _strtoll_r
 .text._strtoul_r
                0x0000bdf0      0x134 e:/lpcxpresso_8.2.2_650/lpcxpresso/tools/bin/../lib/gcc/arm-none-eabi/5.4.1/../../../../arm-none-eabi/lib/armv7-m\libc.a(lib_a-strtoul.o)
                0x0000bdf0                _strtoul_r
 .text._strtoull_r
                0x0000bf24      0x1c8 e:/lpcxpresso_8.2.2_650/lpcxpresso/tools/bin/../lib/gcc/arm-none-eabi/5.4.1/../../../../arm-none-eabi/lib/armv7-m\libc.a(lib_a-strtoull_r.o)
                0x0000bf24                _strtoull_r
 .text.__ssprint_r
                0x0000c0ec      0x100 e:/lpcxpresso_8.2.2_650/lpcxpresso/tools/bin/../lib/gcc/arm-none-eabi/5.4.1/../../../../arm-none-eabi/lib/armv7-m\libc.a(lib_a-svfiprintf.o)
                0x0000c0ec                __ssprint_r
 .text._sungetc_r
                0x0000c1ec       0x8c e:/lpcxpresso_8.2.2_650/lpcxpresso/tools/bin/../lib/gcc/arm-none-eabi/5.4.1/../../../../arm-none-eabi/lib/armv7-m\libc.a(lib_a-svfiscanf.o)
                0x0000c1ec                _sungetc_r
 .text.__ssrefill_r
                0x0000c278       0x3c e:/lpcxpresso_8.2.2_650/lpcxpresso/tools/bin/../lib/gcc/arm-none-eabi/5.4.1/../../../../arm-none-eabi/lib/armv7-m\libc.a(lib_a-svfiscanf.o)
                0x0000c278                __ssrefill_r
 .text._sfread_r
                0x0000c2b4       0x84 e:/lpcxpresso_8.2.2_650/lpcxpresso/tools/bin/../lib/gcc/arm-none-eabi/5.4.1/../../../../arm-none-eabi/lib/armv7-m\libc.a(lib_a-svfiscanf.o)
                0x0000c2b4                _sfread_r
 .text.__submore
                0x0000c338       0x7c e:/lpcxpresso_8.2.2_650/lpcxpresso/tools/bin/../lib/gcc/arm-none-eabi/5.4.1/../../../../arm-none-eabi/lib/armv7-m\libc.a(lib_a-ungetc.o)
                0x0000c338                __submore
 .text.__sprint_r.part.0
                0x0000c3b4       0x78 e:/lpcxpresso_8.2.2_650/lpcxpresso/tools/bin/../lib/gcc/arm-none-eabi/5.4.1/../../../../arm-none-eabi/lib/armv7-m\libc.a(lib_a-vfiprintf.o)
 .text.__sprint_r
                0x0000c42c       0x14 e:/lpcxpresso_8.2.2_650/lpcxpresso/tools/bin/../lib/gcc/arm-none-eabi/5.4.1/../../../../arm-none-eabi/lib/armv7-m\libc.a(lib_a-vfiprintf.o)
                0x0000c42c                __sprint_r
 .text._calloc_r
                0x0000c440       0x60 e:/lpcxpresso_8.2.2_650/lpcxpresso/tools/bin/../lib/gcc/arm-none-eabi/5.4.1/../../../../arm-none-eabi/lib/armv7-m\libc.a(lib_a-callocr.o)
                0x0000c440                _calloc_r
 .text.__fputwc
                0x0000c4a0       0x94 e:/lpcxpresso_8.2.2_650/lpcxpresso/tools/bin/../lib/gcc/arm-none-eabi/5.4.1/../../../../arm-none-eabi/lib/armv7-m\libc.a(lib_a-fputwc.o)
                0x0000c4a0                __fputwc
 .text._fputwc_r
                0x0000c534       0x24 e:/lpcxpresso_8.2.2_650/lpcxpresso/tools/bin/../lib/gcc/arm-none-eabi/5.4.1/../../../../arm-none-eabi/lib/armv7-m\libc.a(lib_a-fputwc.o)
                0x0000c534                _fputwc_r
 .text.rshift   0x0000c558       0xa8 e:/lpcxpresso_8.2.2_650/lpcxpresso/tools/bin/../lib/gcc/arm-none-eabi/5.4.1/../../../../arm-none-eabi/lib/armv7-m\libc.a(lib_a-gdtoa-gethex.o)
 .text.__gethex
                0x0000c600      0x50c e:/lpcxpresso_8.2.2_650/lpcxpresso/tools/bin/../lib/gcc/arm-none-eabi/5.4.1/../../../../arm-none-eabi/lib/armv7-m\libc.a(lib_a-gdtoa-gethex.o)
                0x0000c600                __gethex
 .text.__match  0x0000cb0c       0x30 e:/lpcxpresso_8.2.2_650/lpcxpresso/tools/bin/../lib/gcc/arm-none-eabi/5.4.1/../../../../arm-none-eabi/lib/armv7-m\libc.a(lib_a-gdtoa-hexnan.o)
                0x0000cb0c                __match
 .text.__hexnan
                0x0000cb3c      0x180 e:/lpcxpresso_8.2.2_650/lpcxpresso/tools/bin/../lib/gcc/arm-none-eabi/5.4.1/../../../../arm-none-eabi/lib/armv7-m\libc.a(lib_a-gdtoa-hexnan.o)
                0x0000cb3c                __hexnan
 .text._wcrtomb_r
                0x0000ccbc       0x54 e:/lpcxpresso_8.2.2_650/lpcxpresso/tools/bin/../lib/gcc/arm-none-eabi/5.4.1/../../../../arm-none-eabi/lib/armv7-m\libc.a(lib_a-wcrtomb.o)
                0x0000ccbc                _wcrtomb_r
 .text.__ascii_wctomb
                0x0000cd10       0x1c e:/lpcxpresso_8.2.2_650/lpcxpresso/tools/bin/../lib/gcc/arm-none-eabi/5.4.1/../../../../arm-none-eabi/lib/armv7-m\libc.a(lib_a-wctomb_r.o)
                0x0000cd10                __ascii_wctomb
 *fill*         0x0000cd2c        0x4 ff
 .text.floor    0x0000cd30      0x110 e:/lpcxpresso_8.2.2_650/lpcxpresso/tools/bin/../lib/gcc/arm-none-eabi/5.4.1/../../../../arm-none-eabi/lib/armv7-m\libm.a(lib_a-s_floor.o)
                0x0000cd30                floor
 .text._sbrk    0x0000ce40       0x3c e:/lpcxpresso_8.2.2_650/lpcxpresso/tools/bin/../lib/gcc/arm-none-eabi/5.4.1/../../../../arm-none-eabi/lib/armv7-m\libcr_newlib_semihost.a(_cr_sbrk.o)
                0x0000ce40                _sbrk
 .text.__check_heap_overflow
                0x0000ce7c       0x18 e:/lpcxpresso_8.2.2_650/lpcxpresso/tools/bin/../lib/gcc/arm-none-eabi/5.4.1/../../../../arm-none-eabi/lib/armv7-m\libcr_newlib_semihost.a(_cr_check_heap.o)
                0x0000ce7c                __check_heap_overflow
 .text          0x0000ce94       0x5c e:/lpcxpresso_8.2.2_650/lpcxpresso/tools/bin/../lib/gcc/arm-none-eabi/5.4.1/armv7-m\crtbegin.o
 .text          0x0000cef0      0x424 e:/lpcxpresso_8.2.2_650/lpcxpresso/tools/bin/../lib/gcc/arm-none-eabi/5.4.1/armv7-m\libgcc.a(_arm_muldivdf3.o)
                0x0000cef0                __aeabi_dmul
                0x0000cef0                __muldf3
                0x0000d144                __divdf3
                0x0000d144                __aeabi_ddiv
 .text          0x0000d314      0x110 e:/lpcxpresso_8.2.2_650/lpcxpresso/tools/bin/../lib/gcc/arm-none-eabi/5.4.1/armv7-m\libgcc.a(_arm_cmpdf2.o)
                0x0000d314                __gtdf2
                0x0000d314                __gedf2
                0x0000d31c                __ltdf2
                0x0000d31c                __ledf2
                0x0000d324                __nedf2
                0x0000d324                __eqdf2
                0x0000d324                __cmpdf2
                0x0000d3a0                __aeabi_cdrcmple
                0x0000d3b0                __aeabi_cdcmpeq
                0x0000d3b0                __aeabi_cdcmple
                0x0000d3c0                __aeabi_dcmpeq
                0x0000d3d4                __aeabi_dcmplt
                0x0000d3e8                __aeabi_dcmple
                0x0000d3fc                __aeabi_dcmpge
                0x0000d410                __aeabi_dcmpgt
 .text          0x0000d424       0x2c e:/lpcxpresso_8.2.2_650/lpcxpresso/tools/bin/../lib/gcc/arm-none-eabi/5.4.1/armv7-m\libgcc.a(_arm_unorddf2.o)
                0x0000d424                __unorddf2
                0x0000d424                __aeabi_dcmpun
 .text          0x0000d450       0x40 e:/lpcxpresso_8.2.2_650/lpcxpresso/tools/bin/../lib/gcc/arm-none-eabi/5.4.1/armv7-m\libgcc.a(_arm_fixunsdfsi.o)
                0x0000d450                __aeabi_d2uiz
                0x0000d450                __fixunsdfsi
 .text          0x0000d490       0xa0 e:/lpcxpresso_8.2.2_650/lpcxpresso/tools/bin/../lib/gcc/arm-none-eabi/5.4.1/armv7-m\libgcc.a(_arm_truncdfsf2.o)
                0x0000d490                __truncdfsf2
                0x0000d490                __aeabi_d2f
 *(.rodata .rodata.* .constdata .constdata.*)
 .rodata.str1.1
                0x0000d530      0x26d ./MFRC522.o
 .rodata.str1.1
                0x0000d79d       0x12 ./main.o
                                 0xad (size before relaxing)
 *fill*         0x0000d7af        0x1 ff
 .rodata.str1.4
                0x0000d7b0       0x80 C:/Users/pawel/Documents/LPCXpresso_8.2.2_650/RFID_1.4/RC522_LF_glowny/mbed/TARGET_LPC1768/TOOLCHAIN_GCC_CR/board.o
 .rodata.__stdin_name
                0x0000d830        0x8 C:/Users/pawel/Documents/LPCXpresso_8.2.2_650/RFID_1.4/RC522_LF_glowny/mbed/TARGET_LPC1768/TOOLCHAIN_GCC_CR/retarget.o
                0x0000d830                __stdin_name
 .rodata.__stderr_name
                0x0000d838        0x8 C:/Users/pawel/Documents/LPCXpresso_8.2.2_650/RFID_1.4/RC522_LF_glowny/mbed/TARGET_LPC1768/TOOLCHAIN_GCC_CR/retarget.o
                0x0000d838                __stderr_name
 .rodata.__stdout_name
                0x0000d840        0x8 C:/Users/pawel/Documents/LPCXpresso_8.2.2_650/RFID_1.4/RC522_LF_glowny/mbed/TARGET_LPC1768/TOOLCHAIN_GCC_CR/retarget.o
                0x0000d840                __stdout_name
 .rodata._ZTVN4mbed10FileHandleE
                0x0000d848       0x30 C:/Users/pawel/Documents/LPCXpresso_8.2.2_650/RFID_1.4/RC522_LF_glowny/mbed/TARGET_LPC1768/TOOLCHAIN_GCC_CR/retarget.o
                0x0000d848                vtable for mbed::FileHandle
 .rodata.str1.4
                0x0000d878        0xe C:/Users/pawel/Documents/LPCXpresso_8.2.2_650/RFID_1.4/RC522_LF_glowny/mbed/TARGET_LPC1768/TOOLCHAIN_GCC_CR/retarget.o
                                 0x10 (size before relaxing)
 *fill*         0x0000d886        0x2 ff
 .rodata.PinMap_PWM
                0x0000d888       0xb4 C:\Users\pawel\Documents\LPCXpresso_8.2.2_650\RFID_1.4\RC522_LF_glowny\mbed\TARGET_LPC1768\TOOLCHAIN_GCC_CR\libmbed.a(pwmout_api.o)
 .rodata.str1.4
                0x0000d93c       0x7c C:\Users\pawel\Documents\LPCXpresso_8.2.2_650\RFID_1.4\RC522_LF_glowny\mbed\TARGET_LPC1768\TOOLCHAIN_GCC_CR\libmbed.a(pwmout_api.o)
 .rodata.PinMap_UART_RTS
                0x0000d9b8       0x24 C:\Users\pawel\Documents\LPCXpresso_8.2.2_650\RFID_1.4\RC522_LF_glowny\mbed\TARGET_LPC1768\TOOLCHAIN_GCC_CR\libmbed.a(serial_api.o)
 .rodata.CSWTCH.24
                0x0000d9dc       0x10 C:\Users\pawel\Documents\LPCXpresso_8.2.2_650\RFID_1.4\RC522_LF_glowny\mbed\TARGET_LPC1768\TOOLCHAIN_GCC_CR\libmbed.a(serial_api.o)
 .rodata.PinMap_UART_RX
                0x0000d9ec       0x6c C:\Users\pawel\Documents\LPCXpresso_8.2.2_650\RFID_1.4\RC522_LF_glowny\mbed\TARGET_LPC1768\TOOLCHAIN_GCC_CR\libmbed.a(serial_api.o)
 .rodata.str1.4
                0x0000da58      0x1d0 C:\Users\pawel\Documents\LPCXpresso_8.2.2_650\RFID_1.4\RC522_LF_glowny\mbed\TARGET_LPC1768\TOOLCHAIN_GCC_CR\libmbed.a(serial_api.o)
                                0x1e8 (size before relaxing)
 .rodata.PinMap_UART_TX
                0x0000dc28       0x6c C:\Users\pawel\Documents\LPCXpresso_8.2.2_650\RFID_1.4\RC522_LF_glowny\mbed\TARGET_LPC1768\TOOLCHAIN_GCC_CR\libmbed.a(serial_api.o)
 .rodata.PinMap_UART_CTS
                0x0000dc94       0x24 C:\Users\pawel\Documents\LPCXpresso_8.2.2_650\RFID_1.4\RC522_LF_glowny\mbed\TARGET_LPC1768\TOOLCHAIN_GCC_CR\libmbed.a(serial_api.o)
 .rodata._ZTVN4mbed3SPIE
                0x0000dcb8       0x18 C:\Users\pawel\Documents\LPCXpresso_8.2.2_650\RFID_1.4\RC522_LF_glowny\mbed\TARGET_LPC1768\TOOLCHAIN_GCC_CR\libmbed.a(SPI.o)
                0x0000dcb8                vtable for mbed::SPI
 .rodata._ZTVN4mbed10SerialBaseE
                0x0000dcd0       0x10 C:\Users\pawel\Documents\LPCXpresso_8.2.2_650\RFID_1.4\RC522_LF_glowny\mbed\TARGET_LPC1768\TOOLCHAIN_GCC_CR\libmbed.a(Serial.o)
                0x0000dcd0                vtable for mbed::SerialBase
 .rodata._ZTVN4mbed6SerialE
                0x0000dce0       0x60 C:\Users\pawel\Documents\LPCXpresso_8.2.2_650\RFID_1.4\RC522_LF_glowny\mbed\TARGET_LPC1768\TOOLCHAIN_GCC_CR\libmbed.a(Serial.o)
                0x0000dce0                vtable for mbed::Serial
 .rodata._ZTVN4mbed6StreamE
                0x0000dd40       0x48 C:\Users\pawel\Documents\LPCXpresso_8.2.2_650\RFID_1.4\RC522_LF_glowny\mbed\TARGET_LPC1768\TOOLCHAIN_GCC_CR\libmbed.a(Stream.o)
                0x0000dd40                vtable for mbed::Stream
 .rodata.str1.4
                0x0000dd88        0x3 C:\Users\pawel\Documents\LPCXpresso_8.2.2_650\RFID_1.4\RC522_LF_glowny\mbed\TARGET_LPC1768\TOOLCHAIN_GCC_CR\libmbed.a(Stream.o)
                                  0x8 (size before relaxing)
 *fill*         0x0000dd8b        0x1 ff
 .rodata.str1.4
                0x0000dd8c       0x31 C:\Users\pawel\Documents\LPCXpresso_8.2.2_650\RFID_1.4\RC522_LF_glowny\mbed\TARGET_LPC1768\TOOLCHAIN_GCC_CR\libmbed.a(assert.o)
                                 0x34 (size before relaxing)
 .rodata.str1.4
                0x0000ddbd       0x80 C:\Users\pawel\Documents\LPCXpresso_8.2.2_650\RFID_1.4\RC522_LF_glowny\mbed\TARGET_LPC1768\TOOLCHAIN_GCC_CR\libmbed.a(gpio.o)
 *fill*         0x0000ddbd        0x3 ff
 .rodata.str1.4
                0x0000ddc0       0x66 C:\Users\pawel\Documents\LPCXpresso_8.2.2_650\RFID_1.4\RC522_LF_glowny\mbed\TARGET_LPC1768\TOOLCHAIN_GCC_CR\libmbed.a(pinmap_common.o)
                                 0x68 (size before relaxing)
 *fill*         0x0000de26        0x2 ff
 .rodata.str1.4
                0x0000de28       0x7a C:\Users\pawel\Documents\LPCXpresso_8.2.2_650\RFID_1.4\RC522_LF_glowny\mbed\TARGET_LPC1768\TOOLCHAIN_GCC_CR\libmbed.a(gpio_api.o)
                                 0x94 (size before relaxing)
 *fill*         0x0000dea2        0x2 ff
 .rodata.str1.4
                0x0000dea4       0x64 C:\Users\pawel\Documents\LPCXpresso_8.2.2_650\RFID_1.4\RC522_LF_glowny\mbed\TARGET_LPC1768\TOOLCHAIN_GCC_CR\libmbed.a(pinmap.o)
                                 0x78 (size before relaxing)
 .rodata.PinMap_SPI_MISO
                0x0000df08       0x3c C:\Users\pawel\Documents\LPCXpresso_8.2.2_650\RFID_1.4\RC522_LF_glowny\mbed\TARGET_LPC1768\TOOLCHAIN_GCC_CR\libmbed.a(spi_api.o)
 .rodata.PinMap_SPI_SCLK
                0x0000df44       0x3c C:\Users\pawel\Documents\LPCXpresso_8.2.2_650\RFID_1.4\RC522_LF_glowny\mbed\TARGET_LPC1768\TOOLCHAIN_GCC_CR\libmbed.a(spi_api.o)
 .rodata.str1.4
                0x0000df80       0xdf C:\Users\pawel\Documents\LPCXpresso_8.2.2_650\RFID_1.4\RC522_LF_glowny\mbed\TARGET_LPC1768\TOOLCHAIN_GCC_CR\libmbed.a(spi_api.o)
                                 0xe0 (size before relaxing)
 *fill*         0x0000e05f        0x1 ff
 .rodata.PinMap_SPI_MOSI
                0x0000e060       0x3c C:\Users\pawel\Documents\LPCXpresso_8.2.2_650\RFID_1.4\RC522_LF_glowny\mbed\TARGET_LPC1768\TOOLCHAIN_GCC_CR\libmbed.a(spi_api.o)
 .rodata.PinMap_SPI_SSEL
                0x0000e09c       0x3c C:\Users\pawel\Documents\LPCXpresso_8.2.2_650\RFID_1.4\RC522_LF_glowny\mbed\TARGET_LPC1768\TOOLCHAIN_GCC_CR\libmbed.a(spi_api.o)
 .rodata._ZTVN4mbed8FileLikeE
                0x0000e0d8       0x40 C:\Users\pawel\Documents\LPCXpresso_8.2.2_650\RFID_1.4\RC522_LF_glowny\mbed\TARGET_LPC1768\TOOLCHAIN_GCC_CR\libmbed.a(FileLike.o)
                0x0000e0d8                vtable for mbed::FileLike
 .rodata._ZTVN4mbed8FileBaseE
                0x0000e118       0x10 C:\Users\pawel\Documents\LPCXpresso_8.2.2_650\RFID_1.4\RC522_LF_glowny\mbed\TARGET_LPC1768\TOOLCHAIN_GCC_CR\libmbed.a(FileBase.o)
                0x0000e118                vtable for mbed::FileBase
 .rodata.us_interface
                0x0000e128       0x14 C:\Users\pawel\Documents\LPCXpresso_8.2.2_650\RFID_1.4\RC522_LF_glowny\mbed\TARGET_LPC1768\TOOLCHAIN_GCC_CR\libmbed.a(us_ticker_api.o)
 .rodata.us_data
                0x0000e13c        0x8 C:\Users\pawel\Documents\LPCXpresso_8.2.2_650\RFID_1.4\RC522_LF_glowny\mbed\TARGET_LPC1768\TOOLCHAIN_GCC_CR\libmbed.a(us_ticker_api.o)
 .rodata.str1.4
                0x0000e144        0x2 e:/lpcxpresso_8.2.2_650/lpcxpresso/tools/bin/../lib/gcc/arm-none-eabi/5.4.1/../../../../arm-none-eabi/lib/armv7-m\libc.a(lib_a-impure.o)
 *fill*         0x0000e146        0x2 ff
 .rodata._global_impure_ptr
                0x0000e148        0x4 e:/lpcxpresso_8.2.2_650/lpcxpresso/tools/bin/../lib/gcc/arm-none-eabi/5.4.1/../../../../arm-none-eabi/lib/armv7-m\libc.a(lib_a-impure.o)
                0x0000e148                _global_impure_ptr
 .rodata.blanks.7055
                0x0000e14c       0x10 e:/lpcxpresso_8.2.2_650/lpcxpresso/tools/bin/../lib/gcc/arm-none-eabi/5.4.1/../../../../arm-none-eabi/lib/armv7-m\libc.a(lib_a-svfprintf.o)
 .rodata.str1.4
                0x0000e15c       0x42 e:/lpcxpresso_8.2.2_650/lpcxpresso/tools/bin/../lib/gcc/arm-none-eabi/5.4.1/../../../../arm-none-eabi/lib/armv7-m\libc.a(lib_a-svfprintf.o)
 *fill*         0x0000e19e        0x2 ff
 .rodata.zeroes.7056
                0x0000e1a0       0x10 e:/lpcxpresso_8.2.2_650/lpcxpresso/tools/bin/../lib/gcc/arm-none-eabi/5.4.1/../../../../arm-none-eabi/lib/armv7-m\libc.a(lib_a-svfprintf.o)
 .rodata.str1.4
                0x0000e1b0        0x5 e:/lpcxpresso_8.2.2_650/lpcxpresso/tools/bin/../lib/gcc/arm-none-eabi/5.4.1/../../../../arm-none-eabi/lib/armv7-m\libc.a(lib_a-svfscanf.o)
 *fill*         0x0000e1b5        0x3 ff
 .rodata.basefix.7019
                0x0000e1b8       0x22 e:/lpcxpresso_8.2.2_650/lpcxpresso/tools/bin/../lib/gcc/arm-none-eabi/5.4.1/../../../../arm-none-eabi/lib/armv7-m\libc.a(lib_a-svfscanf.o)
 *fill*         0x0000e1da        0x2 ff
 .rodata.blanks.7070
                0x0000e1dc       0x10 e:/lpcxpresso_8.2.2_650/lpcxpresso/tools/bin/../lib/gcc/arm-none-eabi/5.4.1/../../../../arm-none-eabi/lib/armv7-m\libc.a(lib_a-vfprintf.o)
 .rodata.str1.4
                0x0000e1ec       0x42 e:/lpcxpresso_8.2.2_650/lpcxpresso/tools/bin/../lib/gcc/arm-none-eabi/5.4.1/../../../../arm-none-eabi/lib/armv7-m\libc.a(lib_a-vfprintf.o)
 .rodata.zeroes.7071
                0x0000e1ec       0x10 e:/lpcxpresso_8.2.2_650/lpcxpresso/tools/bin/../lib/gcc/arm-none-eabi/5.4.1/../../../../arm-none-eabi/lib/armv7-m\libc.a(lib_a-vfprintf.o)
 .rodata._ctype_
                0x0000e1fc      0x101 e:/lpcxpresso_8.2.2_650/lpcxpresso/tools/bin/../lib/gcc/arm-none-eabi/5.4.1/../../../../arm-none-eabi/lib/armv7-m\libc.a(lib_a-ctype_.o)
                0x0000e1fc                _ctype_
 *fill*         0x0000e2fd        0x3 ff
 .rodata.str1.4
                0x0000e300       0x10 e:/lpcxpresso_8.2.2_650/lpcxpresso/tools/bin/../lib/gcc/arm-none-eabi/5.4.1/../../../../arm-none-eabi/lib/armv7-m\libc.a(lib_a-dtoa.o)
                                 0x12 (size before relaxing)
 .rodata.str1.4
                0x0000e310        0xa e:/lpcxpresso_8.2.2_650/lpcxpresso/tools/bin/../lib/gcc/arm-none-eabi/5.4.1/../../../../arm-none-eabi/lib/armv7-m\libc.a(lib_a-locale.o)
                                 0x12 (size before relaxing)
 .rodata.str1.4
                0x0000e31a        0x1 e:/lpcxpresso_8.2.2_650/lpcxpresso/tools/bin/../lib/gcc/arm-none-eabi/5.4.1/../../../../arm-none-eabi/lib/armv7-m\libc.a(lib_a-mbrtowc.o)
 *fill*         0x0000e31a        0x6 ff
 .rodata.__mprec_tens
                0x0000e320       0xc8 e:/lpcxpresso_8.2.2_650/lpcxpresso/tools/bin/../lib/gcc/arm-none-eabi/5.4.1/../../../../arm-none-eabi/lib/armv7-m\libc.a(lib_a-mprec.o)
                0x0000e320                __mprec_tens
 .rodata.__mprec_bigtens
                0x0000e3e8       0x28 e:/lpcxpresso_8.2.2_650/lpcxpresso/tools/bin/../lib/gcc/arm-none-eabi/5.4.1/../../../../arm-none-eabi/lib/armv7-m\libc.a(lib_a-mprec.o)
                0x0000e3e8                __mprec_bigtens
 .rodata.p05.5396
                0x0000e410        0xc e:/lpcxpresso_8.2.2_650/lpcxpresso/tools/bin/../lib/gcc/arm-none-eabi/5.4.1/../../../../arm-none-eabi/lib/armv7-m\libc.a(lib_a-mprec.o)
 *fill*         0x0000e41c        0x4 ff
 .rodata.tinytens
                0x0000e420       0x28 e:/lpcxpresso_8.2.2_650/lpcxpresso/tools/bin/../lib/gcc/arm-none-eabi/5.4.1/../../../../arm-none-eabi/lib/armv7-m\libc.a(lib_a-strtod.o)
 .rodata.fpi.5357
                0x0000e448       0x14 e:/lpcxpresso_8.2.2_650/lpcxpresso/tools/bin/../lib/gcc/arm-none-eabi/5.4.1/../../../../arm-none-eabi/lib/armv7-m\libc.a(lib_a-strtod.o)
 .rodata.str1.4
                0x0000e45c       0x10 e:/lpcxpresso_8.2.2_650/lpcxpresso/tools/bin/../lib/gcc/arm-none-eabi/5.4.1/../../../../arm-none-eabi/lib/armv7-m\libc.a(lib_a-strtod.o)
                                  0xf (size before relaxing)
 .rodata.fpinan.5393
                0x0000e46c       0x14 e:/lpcxpresso_8.2.2_650/lpcxpresso/tools/bin/../lib/gcc/arm-none-eabi/5.4.1/../../../../arm-none-eabi/lib/armv7-m\libc.a(lib_a-strtod.o)
 .rodata.__hexdig
                0x0000e480      0x100 e:/lpcxpresso_8.2.2_650/lpcxpresso/tools/bin/../lib/gcc/arm-none-eabi/5.4.1/../../../../arm-none-eabi/lib/armv7-m\libc.a(lib_a-gdtoa-gethex.o)
                0x0000e480                __hexdig
                0x0000e580                . = ALIGN (0x4)
                0x0000e580                . = ALIGN (0x4)
 *(.init)
 .init          0x0000e580        0x4 e:/lpcxpresso_8.2.2_650/lpcxpresso/tools/bin/../lib/gcc/arm-none-eabi/5.4.1/armv7-m\crti.o
                0x0000e580                _init
 .init          0x0000e584        0x8 e:/lpcxpresso_8.2.2_650/lpcxpresso/tools/bin/../lib/gcc/arm-none-eabi/5.4.1/armv7-m\crtn.o
                0x0000e58c                . = ALIGN (0x4)
                0x0000e58c                __preinit_array_start = .
 *(.preinit_array)
                0x0000e58c                __preinit_array_end = .
                0x0000e58c                . = ALIGN (0x4)
                0x0000e58c                __init_array_start = .
 *(SORT(.init_array.*))
 *(.init_array)
 .init_array    0x0000e58c        0x4 ./main.o
 .init_array    0x0000e590        0x4 e:/lpcxpresso_8.2.2_650/lpcxpresso/tools/bin/../lib/gcc/arm-none-eabi/5.4.1/armv7-m\crtbegin.o
                0x0000e594                __init_array_end = .
 *(.fini)
 .fini          0x0000e594        0x4 e:/lpcxpresso_8.2.2_650/lpcxpresso/tools/bin/../lib/gcc/arm-none-eabi/5.4.1/armv7-m\crti.o
                0x0000e594                _fini
 .fini          0x0000e598        0x8 e:/lpcxpresso_8.2.2_650/lpcxpresso/tools/bin/../lib/gcc/arm-none-eabi/5.4.1/armv7-m\crtn.o
                0x0000e5a0                . = ALIGN (0x4)
 *crtbegin.o(.ctors)
 *(EXCLUDE_FILE(*crtend.o) .ctors)
 *(SORT(.ctors.*))
 *crtend.o(.ctors)
                0x0000e5a0                . = ALIGN (0x4)
 *crtbegin.o(.dtors)
 *(EXCLUDE_FILE(*crtend.o) .dtors)
 *(SORT(.dtors.*))
 *crtend.o(.dtors)
                0x0000e5a0                . = ALIGN (0x4)

.glue_7         0x0000e5a0        0x0
 .glue_7        0x0000e5a0        0x0 linker stubs

.glue_7t        0x0000e5a0        0x0
 .glue_7t       0x0000e5a0        0x0 linker stubs

.vfp11_veneer   0x0000e5a0        0x0
 .vfp11_veneer  0x0000e5a0        0x0 linker stubs

.v4_bx          0x0000e5a0        0x0
 .v4_bx         0x0000e5a0        0x0 linker stubs

.iplt           0x0000e5a0        0x0
 .iplt          0x0000e5a0        0x0 ./MFRC522.o

.ARM.extab
 *(.ARM.extab* .gnu.linkonce.armextab.*)
                0x0000e5a0                __exidx_start = .

.ARM.exidx      0x0000e5a0        0x8
 *(.ARM.exidx* .gnu.linkonce.armexidx.*)
 .ARM.exidx     0x0000e5a0        0x8 e:/lpcxpresso_8.2.2_650/lpcxpresso/tools/bin/../lib/gcc/arm-none-eabi/5.4.1/armv7-m\libgcc.a(_udivmoddi4.o)
                0x0000e5a8                __exidx_end = .
                0x0000e5a8                _etext = .

.rel.dyn        0x0000e5a8        0x0
 .rel.iplt      0x0000e5a8        0x0 ./MFRC522.o

.eh_frame       0x0000e5a8        0x0
 .eh_frame      0x0000e5a8        0x0 e:/lpcxpresso_8.2.2_650/lpcxpresso/tools/bin/../lib/gcc/arm-none-eabi/5.4.1/armv7-m\crtbegin.o

.data_RAM2      0x2007c000        0x0 load address 0x0000e5a8
 FILL mask 0xff
                [!provide]                PROVIDE (__start_data_RAM2, .)
 *(.ramfunc.$RAM2)
 *(.ramfunc.$RamAHB32)
 *(.data.$RAM2*)
 *(.data.$RamAHB32*)
                0x2007c000                . = ALIGN (0x4)
                [!provide]                PROVIDE (__end_data_RAM2, .)

.uninit_RESERVED
                0x10000000        0x0
 *(.bss.$RESERVED*)
                0x10000000                . = ALIGN (0x4)
                0x10000000                _end_uninit_RESERVED = .

.data           0x10000000      0x8c8 load address 0x0000e5a8
 FILL mask 0xff
                0x10000000                _data = .
 *(vtable)
 *(.ramfunc*)
 *(.data*)
 .data.SystemCoreClock
                0x10000000        0x4 C:/Users/pawel/Documents/LPCXpresso_8.2.2_650/RFID_1.4/RC522_LF_glowny/mbed/TARGET_LPC1768/TOOLCHAIN_GCC_CR/system_LPC17xx.o
                0x10000000                SystemCoreClock
 .data.PWM_MATCH
                0x10000004       0x1c C:\Users\pawel\Documents\LPCXpresso_8.2.2_650\RFID_1.4\RC522_LF_glowny\mbed\TARGET_LPC1768\TOOLCHAIN_GCC_CR\libmbed.a(pwmout_api.o)
                0x10000004                PWM_MATCH
 .data.impure_data
                0x10000020      0x428 e:/lpcxpresso_8.2.2_650/lpcxpresso/tools/bin/../lib/gcc/arm-none-eabi/5.4.1/../../../../arm-none-eabi/lib/armv7-m\libc.a(lib_a-impure.o)
 .data._impure_ptr
                0x10000448        0x4 e:/lpcxpresso_8.2.2_650/lpcxpresso/tools/bin/../lib/gcc/arm-none-eabi/5.4.1/../../../../arm-none-eabi/lib/armv7-m\libc.a(lib_a-impure.o)
                0x10000448                _impure_ptr
 .data.__malloc_av_
                0x1000044c      0x408 e:/lpcxpresso_8.2.2_650/lpcxpresso/tools/bin/../lib/gcc/arm-none-eabi/5.4.1/../../../../arm-none-eabi/lib/armv7-m\libc.a(lib_a-mallocr.o)
                0x1000044c                __malloc_av_
 .data.__malloc_trim_threshold
                0x10000854        0x4 e:/lpcxpresso_8.2.2_650/lpcxpresso/tools/bin/../lib/gcc/arm-none-eabi/5.4.1/../../../../arm-none-eabi/lib/armv7-m\libc.a(lib_a-mallocr.o)
                0x10000854                __malloc_trim_threshold
 .data.__malloc_sbrk_base
                0x10000858        0x4 e:/lpcxpresso_8.2.2_650/lpcxpresso/tools/bin/../lib/gcc/arm-none-eabi/5.4.1/../../../../arm-none-eabi/lib/armv7-m\libc.a(lib_a-mallocr.o)
                0x10000858                __malloc_sbrk_base
 .data.__ctype_ptr__
                0x1000085c        0x4 e:/lpcxpresso_8.2.2_650/lpcxpresso/tools/bin/../lib/gcc/arm-none-eabi/5.4.1/../../../../arm-none-eabi/lib/armv7-m\libc.a(lib_a-ctype_.o)
                0x1000085c                __ctype_ptr__
 .data.lconv    0x10000860       0x38 e:/lpcxpresso_8.2.2_650/lpcxpresso/tools/bin/../lib/gcc/arm-none-eabi/5.4.1/../../../../arm-none-eabi/lib/armv7-m\libc.a(lib_a-locale.o)
 .data.lc_ctype_charset
                0x10000898       0x20 e:/lpcxpresso_8.2.2_650/lpcxpresso/tools/bin/../lib/gcc/arm-none-eabi/5.4.1/../../../../arm-none-eabi/lib/armv7-m\libc.a(lib_a-locale.o)
 .data.__mb_cur_max
                0x100008b8        0x4 e:/lpcxpresso_8.2.2_650/lpcxpresso/tools/bin/../lib/gcc/arm-none-eabi/5.4.1/../../../../arm-none-eabi/lib/armv7-m\libc.a(lib_a-locale.o)
                0x100008b8                __mb_cur_max
 .data.__mbtowc
                0x100008bc        0x4 e:/lpcxpresso_8.2.2_650/lpcxpresso/tools/bin/../lib/gcc/arm-none-eabi/5.4.1/../../../../arm-none-eabi/lib/armv7-m\libc.a(lib_a-mbtowc_r.o)
                0x100008bc                __mbtowc
 .data.__wctomb
                0x100008c0        0x4 e:/lpcxpresso_8.2.2_650/lpcxpresso/tools/bin/../lib/gcc/arm-none-eabi/5.4.1/../../../../arm-none-eabi/lib/armv7-m\libc.a(lib_a-wctomb_r.o)
                0x100008c0                __wctomb
 .data          0x100008c4        0x4 e:/lpcxpresso_8.2.2_650/lpcxpresso/tools/bin/../lib/gcc/arm-none-eabi/5.4.1/armv7-m\crtbegin.o
                0x100008c4                __dso_handle
                0x100008c8                . = ALIGN (0x4)