11:50:35 **** Incremental Build of configuration Debug for project RC522_LF ****
make -r all 
Building file: ../main.cpp
Invoking: MCU C++ Compiler
arm-none-eabi-c++ -D__NEWLIB__ -D__CODE_RED -DCPP_USE_HEAP -DTARGET_MBED_LPC1768 -DDEVICE_ERROR_PATTERN=1 -D__MBED__=1 -DDEVICE_I2CSLAVE=1 -DTARGET_LIKE_MBED -DTARGET_NXP -DTARGET_LPC176X -DDEVICE_PORTIN=1 -DDEVICE_RTC=1 -DTOOLCHAIN_object -D__CMSIS_RTOS -DTOOLCHAIN_GCC -DDEVICE_CAN=1 -DTARGET_LIKE_CORTEX_M3 -DTARGET_CORTEX_M -DARM_MATH_CM3 -DDEVICE_ANALOGOUT=1 -DTARGET_UVISOR_UNSUPPORTED -DTARGET_M3 -DDEVICE_PWMOUT=1 -DDEVICE_INTERRUPTIN=1 -DDEVICE_I2C=1 -DDEVICE_PORTOUT=1 -D__CORTEX_M3 -DDEVICE_STDIO_MESSAGES=1 -DMBED_BUILD_TIMESTAMP=1484136476.48 -DTARGET_LPC1768 -DTOOLCHAIN_GCC_CR -DDEVICE_PORTINOUT=1 -DDEVICE_SERIAL_FC=1 -DTARGET_RELEASE -D__MBED_CMSIS_RTOS_CM -DDEVICE_SLEEP=1 -DDEVICE_SPI=1 -DDEVICE_ETHERNET=1 -DDEVICE_SPISLAVE=1 -DDEVICE_ANALOGIN=1 -DDEVICE_SERIAL=1 -DDEVICE_SEMIHOST=1 -DDEVICE_DEBUG_AWARENESS=1 -DDEVICE_LOCALFILESYSTEM=1 -I"C:\Users\pawel\Documents\LPCXpresso_8.2.2_650\RFID_1.4\RC522_LF" -I"C:\Users\pawel\Documents\LPCXpresso_8.2.2_650\RFID_1.4\RC522_LF\mbed" -I"C:\Users\pawel\Documents\LPCXpresso_8.2.2_650\RFID_1.4\RC522_LF\mbed\TARGET_LPC1768" -I"C:\Users\pawel\Documents\LPCXpresso_8.2.2_650\RFID_1.4\RC522_LF\mbed\TARGET_LPC1768\TARGET_NXP" -I"C:\Users\pawel\Documents\LPCXpresso_8.2.2_650\RFID_1.4\RC522_LF\mbed\TARGET_LPC1768\TARGET_NXP\TARGET_LPC176X" -I"C:\Users\pawel\Documents\LPCXpresso_8.2.2_650\RFID_1.4\RC522_LF\mbed\TARGET_LPC1768\TARGET_NXP\TARGET_LPC176X\TARGET_MBED_LPC1768" -I"C:\Users\pawel\Documents\LPCXpresso_8.2.2_650\RFID_1.4\RC522_LF\mbed\TARGET_LPC1768\TOOLCHAIN_GCC_CR" -O0 -g3 -Wall -c -std=gnu++98 -fno-rtti -Wvla -DTARGET_MBED_LPC1768 -DDEVICE_ERROR_PATTERN=1 -D__MBED__=1 -DDEVICE_I2CSLAVE=1 -DTARGET_LIKE_MBED -DTARGET_NXP -DTARGET_LPC176X -DDEVICE_PORTIN=1 -DDEVICE_RTC=1 -DTOOLCHAIN_object -D__CMSIS_RTOS -DTOOLCHAIN_GCC -DDEVICE_CAN=1 -DTARGET_LIKE_CORTEX_M3 -DTARGET_CORTEX_M -DARM_MATH_CM3 -DDEVICE_ANALOGOUT=1 -DTARGET_UVISOR_UNSUPPORTED -DTARGET_M3 -DDEVICE_PWMOUT=1 -DDEVICE_INTERRUPTIN=1 -DDEVICE_I2C=1 -DDEVICE_PORTOUT=1 -D__CORTEX_M3 -DDEVICE_STDIO_MESSAGES=1 -DMBED_BUILD_TIMESTAMP=1484136476.48 -DTARGET_LPC1768 -DTOOLCHAIN_GCC_CR -DDEVICE_PORTINOUT=1 -DDEVICE_SERIAL_FC=1 -DTARGET_RELEASE -D__MBED_CMSIS_RTOS_CM -DDEVICE_SLEEP=1 -DDEVICE_SPI=1 -DDEVICE_ETHERNET=1 -DDEVICE_SPISLAVE=1 -DDEVICE_ANALOGIN=1 -DDEVICE_SERIAL=1 -DDEVICE_SEMIHOST=1 -DDEVICE_DEBUG_AWARENESS=1 -DDEVICE_LOCALFILESYSTEM=1 -include mbed_config.h -c -Wall -Wextra -Wno-unused-parameter -Wno-missing-field-initializers -fmessage-length=0 -fno-exceptions -fno-builtin -ffunction-sections -fdata-sections -funsigned-char -MMD -fno-delete-null-pointer-checks -fomit-frame-pointer -mcpu=cortex-m3 -mthumb -Os -mcpu=cortex-m3 -mthumb -D__NEWLIB__ -MMD -MP -MF"main.d" -MT"main.o" -MT"main.d" -o "main.o" "../main.cpp"
Finished building: ../main.cpp
 
Building target: RC522_LF.axf
Invoking: MCU C++ Linker
arm-none-eabi-c++ -nostdlib -L"C:\Users\pawel\Documents\LPCXpresso_8.2.2_650\RFID_1.4\RC522_LF" -L"C:\Users\pawel\Documents\LPCXpresso_8.2.2_650\RFID_1.4\RC522_LF\mbed" -L"C:\Users\pawel\Documents\LPCXpresso_8.2.2_650\RFID_1.4\RC522_LF\mbed\TARGET_LPC1768" -L"C:\Users\pawel\Documents\LPCXpresso_8.2.2_650\RFID_1.4\RC522_LF\mbed\TARGET_LPC1768\TARGET_NXP" -L"C:\Users\pawel\Documents\LPCXpresso_8.2.2_650\RFID_1.4\RC522_LF\mbed\TARGET_LPC1768\TARGET_NXP\TARGET_LPC176X" -L"C:\Users\pawel\Documents\LPCXpresso_8.2.2_650\RFID_1.4\RC522_LF\mbed\TARGET_LPC1768\TARGET_NXP\TARGET_LPC176X\TARGET_MBED_LPC1768" -L"C:\Users\pawel\Documents\LPCXpresso_8.2.2_650\RFID_1.4\RC522_LF\mbed\TARGET_LPC1768\TOOLCHAIN_GCC_CR" -Xlinker -Map="RC522_LF.map" -Xlinker --gc-sections -mcpu=cortex-m3 -mthumb -T "RC522_LF_Debug.ld" -o "RC522_LF.axf"  ./MFRC522.o ./main.o  C:/Users/pawel/Documents/LPCXpresso_8.2.2_650/RFID_1.4/RC522_LF/mbed/TARGET_LPC1768/TOOLCHAIN_GCC_CR/board.o C:/Users/pawel/Documents/LPCXpresso_8.2.2_650/RFID_1.4/RC522_LF/mbed/TARGET_LPC1768/TOOLCHAIN_GCC_CR/cmsis_nvic.o C:/Users/pawel/Documents/LPCXpresso_8.2.2_650/RFID_1.4/RC522_LF/mbed/TARGET_LPC1768/TOOLCHAIN_GCC_CR/retarget.o C:/Users/pawel/Documents/LPCXpresso_8.2.2_650/RFID_1.4/RC522_LF/mbed/TARGET_LPC1768/TOOLCHAIN_GCC_CR/startup_LPC17xx.o C:/Users/pawel/Documents/LPCXpresso_8.2.2_650/RFID_1.4/RC522_LF/mbed/TARGET_LPC1768/TOOLCHAIN_GCC_CR/system_LPC17xx.o -lmbed
Finished building target: RC522_LF.axf
 
make --no-print-directory post-build
Performing post-build steps
arm-none-eabi-size "RC522_LF.axf"; arm-none-eabi-objcopy -O binary "RC522_LF.axf" "RC522_LF.bin" ; # checksum -p LPC1769 -d "RC522_LF.bin";
   text	   data	    bss	    dec	    hex	filename
  66304	   2248	   1484	  70036	  11194	RC522_LF.axf
 

11:50:36 Build Finished (took 1s.196ms)

