Archive member included to satisfy reference by file (symbol)

C:\Users\pawel\Documents\LPCXpresso_8.2.2_650\RFID_1.4\RC522_LF\mbed\TARGET_LPC1768\TOOLCHAIN_GCC_CR\libmbed.a(gpio_api.o)
                              ./main.o (gpio_mode)
C:\Users\pawel\Documents\LPCXpresso_8.2.2_650\RFID_1.4\RC522_LF\mbed\TARGET_LPC1768\TOOLCHAIN_GCC_CR\libmbed.a(pinmap.o)
                              C:\Users\pawel\Documents\LPCXpresso_8.2.2_650\RFID_1.4\RC522_LF\mbed\TARGET_LPC1768\TOOLCHAIN_GCC_CR\libmbed.a(gpio_api.o) (pin_function)
C:\Users\pawel\Documents\LPCXpresso_8.2.2_650\RFID_1.4\RC522_LF\mbed\TARGET_LPC1768\TOOLCHAIN_GCC_CR\libmbed.a(pwmout_api.o)
                              ./main.o (pwmout_write)
C:\Users\pawel\Documents\LPCXpresso_8.2.2_650\RFID_1.4\RC522_LF\mbed\TARGET_LPC1768\TOOLCHAIN_GCC_CR\libmbed.a(serial_api.o)
                              C:/Users/pawel/Documents/LPCXpresso_8.2.2_650/RFID_1.4/RC522_LF/mbed/TARGET_LPC1768/TOOLCHAIN_GCC_CR/retarget.o (serial_getc)
C:\Users\pawel\Documents\LPCXpresso_8.2.2_650\RFID_1.4\RC522_LF\mbed\TARGET_LPC1768\TOOLCHAIN_GCC_CR\libmbed.a(FilePath.o)
                              C:/Users/pawel/Documents/LPCXpresso_8.2.2_650/RFID_1.4/RC522_LF/mbed/TARGET_LPC1768/TOOLCHAIN_GCC_CR/retarget.o (mbed::FilePath::FilePath(char const*))
C:\Users\pawel\Documents\LPCXpresso_8.2.2_650\RFID_1.4\RC522_LF\mbed\TARGET_LPC1768\TOOLCHAIN_GCC_CR\libmbed.a(FileSystemLike.o)
                              C:/Users/pawel/Documents/LPCXpresso_8.2.2_650/RFID_1.4/RC522_LF/mbed/TARGET_LPC1768/TOOLCHAIN_GCC_CR/retarget.o (mbed::FileSystemLike::opendir())
C:\Users\pawel\Documents\LPCXpresso_8.2.2_650\RFID_1.4\RC522_LF\mbed\TARGET_LPC1768\TOOLCHAIN_GCC_CR\libmbed.a(SPI.o)
                              ./MFRC522.o (mbed::SPI::SPI(PinName, PinName, PinName, PinName))
C:\Users\pawel\Documents\LPCXpresso_8.2.2_650\RFID_1.4\RC522_LF\mbed\TARGET_LPC1768\TOOLCHAIN_GCC_CR\libmbed.a(Serial.o)
                              ./main.o (mbed::Serial::Serial(PinName, PinName, char const*))
C:\Users\pawel\Documents\LPCXpresso_8.2.2_650\RFID_1.4\RC522_LF\mbed\TARGET_LPC1768\TOOLCHAIN_GCC_CR\libmbed.a(SerialBase.o)
                              C:\Users\pawel\Documents\LPCXpresso_8.2.2_650\RFID_1.4\RC522_LF\mbed\TARGET_LPC1768\TOOLCHAIN_GCC_CR\libmbed.a(Serial.o) (mbed::SerialBase::SerialBase(PinName, PinName))
C:\Users\pawel\Documents\LPCXpresso_8.2.2_650\RFID_1.4\RC522_LF\mbed\TARGET_LPC1768\TOOLCHAIN_GCC_CR\libmbed.a(Stream.o)
                              C:\Users\pawel\Documents\LPCXpresso_8.2.2_650\RFID_1.4\RC522_LF\mbed\TARGET_LPC1768\TOOLCHAIN_GCC_CR\libmbed.a(Serial.o) (mbed::Stream::close())
C:\Users\pawel\Documents\LPCXpresso_8.2.2_650\RFID_1.4\RC522_LF\mbed\TARGET_LPC1768\TOOLCHAIN_GCC_CR\libmbed.a(assert.o)
                              ./MFRC522.o (mbed_assert_internal)
C:\Users\pawel\Documents\LPCXpresso_8.2.2_650\RFID_1.4\RC522_LF\mbed\TARGET_LPC1768\TOOLCHAIN_GCC_CR\libmbed.a(error.o)
                              C:/Users/pawel/Documents/LPCXpresso_8.2.2_650/RFID_1.4/RC522_LF/mbed/TARGET_LPC1768/TOOLCHAIN_GCC_CR/retarget.o (error)
C:\Users\pawel\Documents\LPCXpresso_8.2.2_650\RFID_1.4\RC522_LF\mbed\TARGET_LPC1768\TOOLCHAIN_GCC_CR\libmbed.a(gpio.o)
                              ./main.o (gpio_init_in)
C:\Users\pawel\Documents\LPCXpresso_8.2.2_650\RFID_1.4\RC522_LF\mbed\TARGET_LPC1768\TOOLCHAIN_GCC_CR\libmbed.a(mbed_interface.o)
                              C:/Users/pawel/Documents/LPCXpresso_8.2.2_650/RFID_1.4/RC522_LF/mbed/TARGET_LPC1768/TOOLCHAIN_GCC_CR/retarget.o (mbed_interface_connected)
C:\Users\pawel\Documents\LPCXpresso_8.2.2_650\RFID_1.4\RC522_LF\mbed\TARGET_LPC1768\TOOLCHAIN_GCC_CR\libmbed.a(pinmap_common.o)
                              C:\Users\pawel\Documents\LPCXpresso_8.2.2_650\RFID_1.4\RC522_LF\mbed\TARGET_LPC1768\TOOLCHAIN_GCC_CR\libmbed.a(pwmout_api.o) (pinmap_pinout)
C:\Users\pawel\Documents\LPCXpresso_8.2.2_650\RFID_1.4\RC522_LF\mbed\TARGET_LPC1768\TOOLCHAIN_GCC_CR\libmbed.a(semihost_api.o)
                              C:/Users/pawel/Documents/LPCXpresso_8.2.2_650/RFID_1.4/RC522_LF/mbed/TARGET_LPC1768/TOOLCHAIN_GCC_CR/retarget.o (semihost_exit)
C:\Users\pawel\Documents\LPCXpresso_8.2.2_650\RFID_1.4\RC522_LF\mbed\TARGET_LPC1768\TOOLCHAIN_GCC_CR\libmbed.a(wait_api.o)
                              C:\Users\pawel\Documents\LPCXpresso_8.2.2_650\RFID_1.4\RC522_LF\mbed\TARGET_LPC1768\TOOLCHAIN_GCC_CR\libmbed.a(SerialBase.o) (wait_us)
C:\Users\pawel\Documents\LPCXpresso_8.2.2_650\RFID_1.4\RC522_LF\mbed\TARGET_LPC1768\TOOLCHAIN_GCC_CR\libmbed.a(spi_api.o)
                              C:\Users\pawel\Documents\LPCXpresso_8.2.2_650\RFID_1.4\RC522_LF\mbed\TARGET_LPC1768\TOOLCHAIN_GCC_CR\libmbed.a(SPI.o) (spi_init)
C:\Users\pawel\Documents\LPCXpresso_8.2.2_650\RFID_1.4\RC522_LF\mbed\TARGET_LPC1768\TOOLCHAIN_GCC_CR\libmbed.a(us_ticker.o)
[...]
Memory Configuration

Name             Origin             Length             Attributes
MFlash512        0x00000000         0x00080000         xr
RamLoc32         0x10000000         0x00008000         xrw
RamAHB32         0x2007c000         0x00008000         xrw
*default*        0x00000000         0xffffffff

Linker script and memory map

LOAD ./MFRC522.o
LOAD ./main.o
LOAD C:/Users/pawel/Documents/LPCXpresso_8.2.2_650/RFID_1.4/RC522_LF/mbed/TARGET_LPC1768/TOOLCHAIN_GCC_CR/board.o
LOAD C:/Users/pawel/Documents/LPCXpresso_8.2.2_650/RFID_1.4/RC522_LF/mbed/TARGET_LPC1768/TOOLCHAIN_GCC_CR/cmsis_nvic.o
LOAD C:/Users/pawel/Documents/LPCXpresso_8.2.2_650/RFID_1.4/RC522_LF/mbed/TARGET_LPC1768/TOOLCHAIN_GCC_CR/retarget.o
LOAD C:/Users/pawel/Documents/LPCXpresso_8.2.2_650/RFID_1.4/RC522_LF/mbed/TARGET_LPC1768/TOOLCHAIN_GCC_CR/startup_LPC17xx.o
LOAD C:/Users/pawel/Documents/LPCXpresso_8.2.2_650/RFID_1.4/RC522_LF/mbed/TARGET_LPC1768/TOOLCHAIN_GCC_CR/system_LPC17xx.o
LOAD C:\Users\pawel\Documents\LPCXpresso_8.2.2_650\RFID_1.4\RC522_LF\mbed\TARGET_LPC1768\TOOLCHAIN_GCC_CR\libmbed.a
START GROUP
LOAD e:/lpcxpresso_8.2.2_650/lpcxpresso/tools/bin/../lib/gcc/arm-none-eabi/5.4.1/armv7-m\libgcc.a
LOAD e:/lpcxpresso_8.2.2_650/lpcxpresso/tools/bin/../lib/gcc/arm-none-eabi/5.4.1/../../../../arm-none-eabi/lib/armv7-m\libc.a
LOAD e:/lpcxpresso_8.2.2_650/lpcxpresso/tools/bin/../lib/gcc/arm-none-eabi/5.4.1/../../../../arm-none-eabi/lib/armv7-m\libstdc++.a
LOAD e:/lpcxpresso_8.2.2_650/lpcxpresso/tools/bin/../lib/gcc/arm-none-eabi/5.4.1/../../../../arm-none-eabi/lib/armv7-m\libm.a
LOAD e:/lpcxpresso_8.2.2_650/lpcxpresso/tools/bin/../lib/gcc/arm-none-eabi/5.4.1/../../../../arm-none-eabi/lib/armv7-m\libcr_newlib_semihost.a
LOAD e:/lpcxpresso_8.2.2_650/lpcxpresso/tools/bin/../lib/gcc/arm-none-eabi/5.4.1/armv7-m\crti.o
LOAD e:/lpcxpresso_8.2.2_650/lpcxpresso/tools/bin/../lib/gcc/arm-none-eabi/5.4.1/armv7-m\crtn.o
LOAD e:/lpcxpresso_8.2.2_650/lpcxpresso/tools/bin/../lib/gcc/arm-none-eabi/5.4.1/armv7-m\crtbegin.o
LOAD e:/lpcxpresso_8.2.2_650/lpcxpresso/tools/bin/../lib/gcc/arm-none-eabi/5.4.1/armv7-m\crtend.o
END GROUP
                0x00000000                __base_MFlash512 = 0x0
                0x00000000                __base_Flash = 0x0
                0x00080000                __top_MFlash512 = 0x80000
                0x00080000                __top_Flash = 0x80000
                0x10000000                __base_RamLoc32 = 0x10000000
                0x10000000                __base_RAM = 0x10000000
                0x10008000                __top_RamLoc32 = 0x10008000
                0x10008000                __top_RAM = 0x10008000
                0x2007c000                __base_RamAHB32 = 0x2007c000
                0x2007c000                __base_RAM2 = 0x2007c000
                0x20084000                __top_RamAHB32 = 0x20084000
                0x20084000                __top_RAM2 = 0x20084000

.text           0x00000000    0x102f8
 FILL mask 0xff
                0x00000000                __vectors_start__ = ABSOLUTE (.)
 *(.isr_vector)
 .isr_vector    0x00000000       0xcc C:/Users/pawel/Documents/LPCXpresso_8.2.2_650/RFID_1.4/RC522_LF/mbed/TARGET_LPC1768/TOOLCHAIN_GCC_CR/startup_LPC17xx.o
                0x00000000                g_pfnVectors
                0x000000cc                . = ALIGN (0x4)
                0x000000cc                __section_table_start = .
                0x000000cc                __data_section_table = .
                0x000000cc        0x4 LONG 0x10300 LOADADDR (.data)
                0x000000d0        0x4 LONG 0x10000000 ADDR (.data)
                0x000000d4        0x4 LONG 0x8c8 SIZEOF (.data)
                0x000000d8        0x4 LONG 0x10300 LOADADDR (.data_RAM2)
                0x000000dc        0x4 LONG 0x2007c000 ADDR (.data_RAM2)
                0x000000e0        0x4 LONG 0x0 SIZEOF (.data_RAM2)
                0x000000e4                __data_section_table_end = .
                0x000000e4                __bss_section_table = .
                0x000000e4        0x4 LONG 0x100008c8 ADDR (.bss)
                0x000000e8        0x4 LONG 0x5cc SIZEOF (.bss)
                0x000000ec        0x4 LONG 0x2007c000 ADDR (.bss_RAM2)
                0x000000f0        0x4 LONG 0x0 SIZEOF (.bss_RAM2)
                0x000000f4                __bss_section_table_end = .
                0x000000f4                __section_table_end = .
 *(.after_vectors*)
 .after_vectors
                0x000000f4       0xd0 C:/Users/pawel/Documents/LPCXpresso_8.2.2_650/RFID_1.4/RC522_LF/mbed/TARGET_LPC1768/TOOLCHAIN_GCC_CR/startup_LPC17xx.o
                0x000000f4                NMI_Handler
                0x000000f8                HardFault_Handler
                0x000000fc                MemManage_Handler
                0x00000100                BusFault_Handler
                0x00000104                UsageFault_Handler
                0x00000108                SVC_Handler
                0x0000010c                DebugMon_Handler
                0x00000110                PendSV_Handler
                0x00000114                SysTick_Handler
                0x00000118                PWM1_IRQHandler
                0x00000118                I2C1_IRQHandler
                0x00000118                EINT2_IRQHandler
                0x00000118                UART1_IRQHandler
                0x00000118                EINT3_IRQHandler
                0x00000118                CANActivity_IRQHandler
                0x00000118                TIMER3_IRQHandler
                0x00000118                UART0_IRQHandler
                0x00000118                MCPWM_IRQHandler
                0x00000118                I2C0_IRQHandler
                0x00000118                IntDefaultHandler
                0x00000118                RIT_IRQHandler
                0x00000118                CAN_IRQHandler
                0x00000118                PLL1_IRQHandler
                0x00000118                SSP0_IRQHandler
                0x00000118                I2S_IRQHandler
                0x00000118                I2C2_IRQHandler
                0x00000118                RTC_IRQHandler
                0x00000118                TIMER0_IRQHandler
                0x00000118                SPI_IRQHandler
                0x00000118                UART3_IRQHandler
                0x00000118                EINT1_IRQHandler
                0x00000118                TIMER1_IRQHandler
                0x00000118                UART2_IRQHandler
                0x00000118                ADC_IRQHandler
                0x00000118                SSP1_IRQHandler
                0x00000118                USB_IRQHandler
                0x00000118                BOD_IRQHandler
                0x00000118                USBActivity_IRQHandler
                0x00000118                WDT_IRQHandler
                0x00000118                PLL0_IRQHandler
                0x00000118                QEI_IRQHandler
                0x00000118                EINT0_IRQHandler
                0x00000118                TIMER2_IRQHandler
                0x00000118                DMA_IRQHandler
                0x00000118                ENET_IRQHandler
                0x0000011c                ResetISR
                0x0000019c                data_init
                0x000001b4                bss_init
 *(.text*)
 .text.gpio_write
                0x000001c4       0x2c ./MFRC522.o
 .text._ZN7MFRC522C2E7PinNameS0_S0_S0_S0_
                0x000001f0       0x74 ./MFRC522.o
                0x000001f0                MFRC522::MFRC522(PinName, PinName, PinName, PinName, PinName)
                0x000001f0                MFRC522::MFRC522(PinName, PinName, PinName, PinName, PinName)
 .text._ZN7MFRC522D2Ev
                0x00000264        0x2 ./MFRC522.o
                0x00000264                MFRC522::~MFRC522()
                0x00000264                MFRC522::~MFRC522()
 .text._ZN7MFRC52217PCD_WriteRegisterEhh
                0x00000266       0x34 ./MFRC522.o
                0x00000266                MFRC522::PCD_WriteRegister(unsigned char, unsigned char)
 .text._ZN7MFRC52217PCD_WriteRegisterEhhPh
                0x0000029a       0x48 ./MFRC522.o
                0x0000029a                MFRC522::PCD_WriteRegister(unsigned char, unsigned char, unsigned char*)
 .text._ZN7MFRC52216PCD_ReadRegisterEh
                0x000002e2       0x34 ./MFRC522.o
                0x000002e2                MFRC522::PCD_ReadRegister(unsigned char)
 .text._ZN7MFRC52216PCD_ReadRegisterEhhPhh
                0x00000316       0xa4 ./MFRC522.o
                0x00000316                MFRC522::PCD_ReadRegister(unsigned char, unsigned char, unsigned char*, unsigned char)
 .text._ZN7MFRC52219PCD_SetRegisterBitsEhh
                0x000003ba       0x1e ./MFRC522.o
                0x000003ba                MFRC522::PCD_SetRegisterBits(unsigned char, unsigned char)
 .text._ZN7MFRC52219PCD_ClrRegisterBitsEhh
                0x000003d8       0x1e ./MFRC522.o
                0x000003d8                MFRC522::PCD_ClrRegisterBits(unsigned char, unsigned char)
 .text._ZN7MFRC52216PCD_CalculateCRCEPhhS0_
                0x000003f6       0x7a ./MFRC522.o
                0x000003f6                MFRC522::PCD_CalculateCRC(unsigned char*, unsigned char, unsigned char*)
 .text._ZN7MFRC52213PCD_AntennaOnEv
                0x00000470       0x26 ./MFRC522.o
                0x00000470                MFRC522::PCD_AntennaOn()
 .text._ZN7MFRC5228PCD_InitEv
                0x00000496       0x74 ./MFRC522.o
                0x00000496                MFRC522::PCD_Init()
 .text._ZN7MFRC52223PCD_CommunicateWithPICCEhhPhhS0_S0_S0_hb
                0x0000050a      0x15c ./MFRC522.o
                0x0000050a                MFRC522::PCD_CommunicateWithPICC(unsigned char, unsigned char, unsigned char*, unsigned char, unsigned char*, unsigned char*, unsigned char*, unsigned char, bool)
 .text._ZN7MFRC52218PCD_TransceiveDataEPhhS0_S0_S0_hb
                0x00000666       0x28 ./MFRC522.o
                0x00000666                MFRC522::PCD_TransceiveData(unsigned char*, unsigned char, unsigned char*, unsigned char*, unsigned char*, unsigned char, bool)
 .text._ZN7MFRC52221PCD_MIFARE_TransceiveEPhhb.part.1.constprop.2
                0x0000068e       0x88 ./MFRC522.o
 .text._ZN7MFRC52217PICC_REQA_or_WUPAEhPhS0_
                0x00000716       0x60 ./MFRC522.o
                0x00000716                MFRC522::PICC_REQA_or_WUPA(unsigned char, unsigned char*, unsigned char*)
 .text._ZN7MFRC52213PICC_RequestAEPhS0_
                0x00000776        0xa ./MFRC522.o
                0x00000776                MFRC522::PICC_RequestA(unsigned char*, unsigned char*)
 .text._ZN7MFRC52211PICC_SelectEPNS_3UidEh
                0x00000780      0x29a ./MFRC522.o
                0x00000780                MFRC522::PICC_Select(MFRC522::Uid*, unsigned char)
 .text._ZN7MFRC52210PICC_HaltAEv
                0x00000a1a       0x4a ./MFRC522.o
                0x00000a1a                MFRC522::PICC_HaltA()
 .text._ZN7MFRC52216PCD_AuthenticateEhhPNS_10MIFARE_KeyEPNS_3UidE
                0x00000a64       0x56 ./MFRC522.o
                0x00000a64                MFRC522::PCD_Authenticate(unsigned char, unsigned char, MFRC522::MIFARE_Key*, MFRC522::Uid*)
 .text._ZN7MFRC52215PCD_StopCrypto1Ev
                0x00000aba        0x8 ./MFRC522.o
                0x00000aba                MFRC522::PCD_StopCrypto1()
 .text._ZN7MFRC52211MIFARE_ReadEhPhS0_
                0x00000ac2       0x42 ./MFRC522.o
                0x00000ac2                MFRC522::MIFARE_Read(unsigned char, unsigned char*, unsigned char*)
 .text._ZN7MFRC52221PCD_MIFARE_TransceiveEPhhb
                0x00000b04       0x14 ./MFRC522.o
                0x00000b04                MFRC522::PCD_MIFARE_Transceive(unsigned char*, unsigned char, bool)
 .text._ZN7MFRC52212MIFARE_WriteEhPhh
                0x00000b18       0x3a ./MFRC522.o
                0x00000b18                MFRC522::MIFARE_Write(unsigned char, unsigned char*, unsigned char)
 *fill*         0x00000b52        0x2 ff
 .text._ZN7MFRC52217GetStatusCodeNameEh
                0x00000b54        0xc ./MFRC522.o
                0x00000b54                MFRC522::GetStatusCodeName(unsigned char)
 .text._ZN7MFRC52221PICC_IsNewCardPresentEv
                0x00000b60       0x20 ./MFRC522.o
                0x00000b60                MFRC522::PICC_IsNewCardPresent()
 .text._ZN7MFRC52219PICC_ReadCardSerialEv
                0x00000b80       0x12 ./MFRC522.o
                0x00000b80                MFRC522::PICC_ReadCardSerial()
 .text._ZN4mbed10SerialBaseD2Ev
                0x00000b92        0x2 ./main.o
                0x00000b92                mbed::SerialBase::~SerialBase()
                0x00000b92                mbed::SerialBase::~SerialBase()
 .text.gpio_write
                0x00000b94       0x2c ./main.o
 .text.gpio_read
                0x00000bc0       0x2c ./main.o
 .text._ZN4mbed6SerialD2Ev
                0x00000bec       0x30 ./main.o
                0x00000bec                mbed::Serial::~Serial()
                0x00000bec                mbed::Serial::~Serial()
                0x00000c10                non-virtual thunk to mbed::Serial::~Serial()
                0x00000c16                non-virtual thunk to mbed::Serial::~Serial()
 .text._ZN4mbed10SerialBaseD0Ev
                0x00000c1c        0xc ./main.o
                0x00000c1c                mbed::SerialBase::~SerialBase()
 .text._ZN4mbed9DigitalInC2E7PinName
                0x00000c28       0x1a ./main.o
                0x00000c28                mbed::DigitalIn::DigitalIn(PinName)
                0x00000c28                mbed::DigitalIn::DigitalIn(PinName)
 .text._ZN4mbed10DigitalOutC2E7PinName
                0x00000c42       0x1a ./main.o
                0x00000c42                mbed::DigitalOut::DigitalOut(PinName)
                0x00000c42                mbed::DigitalOut::DigitalOut(PinName)
 .text._Z17Rejestracja_mlekav
                0x00000c5c       0xf0 ./main.o
                0x00000c5c                Rejestracja_mleka()
 .text._Z16Rejestracja_kawav
                0x00000d4c       0xf0 ./main.o
                0x00000d4c                Rejestracja_kawa()
 .text._Z18Rejestracja_cukierv
                0x00000e3c       0xf0 ./main.o
                0x00000e3c                Rejestracja_cukier()
 .text._Z18Rejestracja_towaruv
                0x00000f2c       0x90 ./main.o
                0x00000f2c                Rejestracja_towaru()
 .text._Z18Sprawdzanie_towaruv
                0x00000fbc      0x10c ./main.o
                0x00000fbc                Sprawdzanie_towaru()
 .text._Z17Przyjecie_polka_1v
                0x000010c8      0x104 ./main.o
                0x000010c8                Przyjecie_polka_1()
 .text._Z17Przyjecie_polka_2v
                0x000011cc      0x168 ./main.o
                0x000011cc                Przyjecie_polka_2()
 .text._Z17Przyjecie_polka_3v
                0x00001334      0x168 ./main.o
                0x00001334                Przyjecie_polka_3()
 .text._Z16Przyjecie_towaruv
                0x0000149c      0x134 ./main.o
                0x0000149c                Przyjecie_towaru()
 .text._Z13Odbior_polka1v
                0x000015d0       0xf8 ./main.o
                0x000015d0                Odbior_polka1()
 .text._Z13Odbior_polka2v
                0x000016c8      0x164 ./main.o
                0x000016c8                Odbior_polka2()
 .text._Z13Odbior_polka3v
                0x0000182c      0x164 ./main.o
                0x0000182c                Odbior_polka3()
 .text._Z13Odbior_towaruv
                0x00001990       0xc0 ./main.o
                0x00001990                Odbior_towaru()
 .text._Z13Stan_magazynuv
                0x00001a50       0xa0 ./main.o
                0x00001a50                Stan_magazynu()
 .text._Z8PWM_initv
                0x00001af0       0x98 ./main.o
                0x00001af0                PWM_init()
 .text._Z4Menuv
                0x00001b88       0xb0 ./main.o
                0x00001b88                Menu()
 .text.startup.main
                0x00001c38       0x8c ./main.o
                0x00001c38                main
 .text._ZN4mbed6SerialD0Ev
                0x00001cc4       0x1e ./main.o
                0x00001cc4                mbed::Serial::~Serial()
                0x00001cd6                non-virtual thunk to mbed::Serial::~Serial()
                0x00001cdc                non-virtual thunk to mbed::Serial::~Serial()
 *fill*         0x00001ce2        0x2 ff
 .text.startup._GLOBAL__sub_I_polki
                0x00001ce4      0x23c ./main.o
 .text.mbed_die
                0x00001f20      0x10c C:/Users/pawel/Documents/LPCXpresso_8.2.2_650/RFID_1.4/RC522_LF/mbed/TARGET_LPC1768/TOOLCHAIN_GCC_CR/board.o
                0x00001f20                mbed_die
 .text.NVIC_SetVector
                0x0000202c       0x3c C:/Users/pawel/Documents/LPCXpresso_8.2.2_650/RFID_1.4/RC522_LF/mbed/TARGET_LPC1768/TOOLCHAIN_GCC_CR/cmsis_nvic.o
                0x0000202c                NVIC_SetVector
 .text._ZN4mbed10FileHandle4flenEv
                0x00002068       0x34 C:/Users/pawel/Documents/LPCXpresso_8.2.2_650/RFID_1.4/RC522_LF/mbed/TARGET_LPC1768/TOOLCHAIN_GCC_CR/retarget.o
                0x00002068                mbed::FileHandle::flen()
 .text._ZN4mbed10FileHandleD2Ev
                0x0000209c       0x2c C:/Users/pawel/Documents/LPCXpresso_8.2.2_650/RFID_1.4/RC522_LF/mbed/TARGET_LPC1768/TOOLCHAIN_GCC_CR/retarget.o
                0x0000209c                mbed::FileHandle::~FileHandle()
                0x0000209c                mbed::FileHandle::~FileHandle()
 .text._ZN4mbed10FileHandleD0Ev
                0x000020c8       0x34 C:/Users/pawel/Documents/LPCXpresso_8.2.2_650/RFID_1.4/RC522_LF/mbed/TARGET_LPC1768/TOOLCHAIN_GCC_CR/retarget.o
                0x000020c8                mbed::FileHandle::~FileHandle()
 .text._ZL11init_serialv.part.0
                0x000020fc       0x18 C:/Users/pawel/Documents/LPCXpresso_8.2.2_650/RFID_1.4/RC522_LF/mbed/TARGET_LPC1768/TOOLCHAIN_GCC_CR/retarget.o
 .text._open    0x00002114       0xf8 C:/Users/pawel/Documents/LPCXpresso_8.2.2_650/RFID_1.4/RC522_LF/mbed/TARGET_LPC1768/TOOLCHAIN_GCC_CR/retarget.o
                0x00002114                _open
 .text._close   0x0000220c       0x2c C:/Users/pawel/Documents/LPCXpresso_8.2.2_650/RFID_1.4/RC522_LF/mbed/TARGET_LPC1768/TOOLCHAIN_GCC_CR/retarget.o
                0x0000220c                _close
 .text._write   0x00002238       0x50 C:/Users/pawel/Documents/LPCXpresso_8.2.2_650/RFID_1.4/RC522_LF/mbed/TARGET_LPC1768/TOOLCHAIN_GCC_CR/retarget.o
                0x00002238                _write
 .text._read    0x00002288       0x4c C:/Users/pawel/Documents/LPCXpresso_8.2.2_650/RFID_1.4/RC522_LF/mbed/TARGET_LPC1768/TOOLCHAIN_GCC_CR/retarget.o
                0x00002288                _read
 .text._isatty  0x000022d4       0x28 C:/Users/pawel/Documents/LPCXpresso_8.2.2_650/RFID_1.4/RC522_LF/mbed/TARGET_LPC1768/TOOLCHAIN_GCC_CR/retarget.o
                0x000022d4                _isatty
 .text._lseek   0x000022fc       0x28 C:/Users/pawel/Documents/LPCXpresso_8.2.2_650/RFID_1.4/RC522_LF/mbed/TARGET_LPC1768/TOOLCHAIN_GCC_CR/retarget.o
                0x000022fc                _lseek
 .text._fstat   0x00002324       0x20 C:/Users/pawel/Documents/LPCXpresso_8.2.2_650/RFID_1.4/RC522_LF/mbed/TARGET_LPC1768/TOOLCHAIN_GCC_CR/retarget.o
                0x00002324                _fstat
 .text.exit     0x00002344       0x30 C:/Users/pawel/Documents/LPCXpresso_8.2.2_650/RFID_1.4/RC522_LF/mbed/TARGET_LPC1768/TOOLCHAIN_GCC_CR/retarget.o
                0x00002344                exit
 .text.__cxa_pure_virtual
                0x00002374        0x8 C:/Users/pawel/Documents/LPCXpresso_8.2.2_650/RFID_1.4/RC522_LF/mbed/TARGET_LPC1768/TOOLCHAIN_GCC_CR/retarget.o
                0x00002374                __cxa_pure_virtual
 .text._ZN4mbed26mbed_set_unbuffered_streamEP7__sFILE
                0x0000237c        0x8 C:/Users/pawel/Documents/LPCXpresso_8.2.2_650/RFID_1.4/RC522_LF/mbed/TARGET_LPC1768/TOOLCHAIN_GCC_CR/retarget.o
                0x0000237c                mbed::mbed_set_unbuffered_stream(__sFILE*)
 .text._ZN4mbed9mbed_getcEP7__sFILE
                0x00002384        0x4 C:/Users/pawel/Documents/LPCXpresso_8.2.2_650/RFID_1.4/RC522_LF/mbed/TARGET_LPC1768/TOOLCHAIN_GCC_CR/retarget.o
                0x00002384                mbed::mbed_getc(__sFILE*)
 .text.__aeabi_atexit
                0x00002388        0x4 C:/Users/pawel/Documents/LPCXpresso_8.2.2_650/RFID_1.4/RC522_LF/mbed/TARGET_LPC1768/TOOLCHAIN_GCC_CR/startup_LPC17xx.o
                0x00002388                __aeabi_atexit
 .text._ZdlPv   0x0000238c        0x4 C:/Users/pawel/Documents/LPCXpresso_8.2.2_650/RFID_1.4/RC522_LF/mbed/TARGET_LPC1768/TOOLCHAIN_GCC_CR/startup_LPC17xx.o
                0x0000238c                operator delete(void*)
 .text.SystemInit
                0x00002390       0xb8 C:/Users/pawel/Documents/LPCXpresso_8.2.2_650/RFID_1.4/RC522_LF/mbed/TARGET_LPC1768/TOOLCHAIN_GCC_CR/system_LPC17xx.o
                0x00002390                SystemInit
 .text.gpio_set
                0x00002448       0x30 C:\Users\pawel\Documents\LPCXpresso_8.2.2_650\RFID_1.4\RC522_LF\mbed\TARGET_LPC1768\TOOLCHAIN_GCC_CR\libmbed.a(gpio_api.o)
                0x00002448                gpio_set
 .text.gpio_init
                0x00002478       0x30 C:\Users\pawel\Documents\LPCXpresso_8.2.2_650\RFID_1.4\RC522_LF\mbed\TARGET_LPC1768\TOOLCHAIN_GCC_CR\libmbed.a(gpio_api.o)
                0x00002478                gpio_init
 .text.gpio_mode
                0x000024a8        0x8 C:\Users\pawel\Documents\LPCXpresso_8.2.2_650\RFID_1.4\RC522_LF\mbed\TARGET_LPC1768\TOOLCHAIN_GCC_CR\libmbed.a(gpio_api.o)
                0x000024a8                gpio_mode
 .text.gpio_dir
                0x000024b0       0x44 C:\Users\pawel\Documents\LPCXpresso_8.2.2_650\RFID_1.4\RC522_LF\mbed\TARGET_LPC1768\TOOLCHAIN_GCC_CR\libmbed.a(gpio_api.o)
                0x000024b0                gpio_dir
 .text.pin_function
                0x000024f4       0x50 C:\Users\pawel\Documents\LPCXpresso_8.2.2_650\RFID_1.4\RC522_LF\mbed\TARGET_LPC1768\TOOLCHAIN_GCC_CR\libmbed.a(pinmap.o)
                0x000024f4                pin_function
 .text.pin_mode
                0x00002544       0x78 C:\Users\pawel\Documents\LPCXpresso_8.2.2_650\RFID_1.4\RC522_LF\mbed\TARGET_LPC1768\TOOLCHAIN_GCC_CR\libmbed.a(pinmap.o)
                0x00002544                pin_mode
 .text.pwmout_write
                0x000025bc       0x5c C:\Users\pawel\Documents\LPCXpresso_8.2.2_650\RFID_1.4\RC522_LF\mbed\TARGET_LPC1768\TOOLCHAIN_GCC_CR\libmbed.a(pwmout_api.o)
                0x000025bc                pwmout_write
 .text.pwmout_period_us
                0x00002618       0x44 C:\Users\pawel\Documents\LPCXpresso_8.2.2_650\RFID_1.4\RC522_LF\mbed\TARGET_LPC1768\TOOLCHAIN_GCC_CR\libmbed.a(pwmout_api.o)
                0x00002618                pwmout_period_us
 .text.pwmout_period
                0x0000265c       0x20 C:\Users\pawel\Documents\LPCXpresso_8.2.2_650\RFID_1.4\RC522_LF\mbed\TARGET_LPC1768\TOOLCHAIN_GCC_CR\libmbed.a(pwmout_api.o)
                0x0000265c                pwmout_period
 .text.pwmout_init
                0x0000267c       0xd8 C:\Users\pawel\Documents\LPCXpresso_8.2.2_650\RFID_1.4\RC522_LF\mbed\TARGET_LPC1768\TOOLCHAIN_GCC_CR\libmbed.a(pwmout_api.o)
                0x0000267c                pwmout_init
 .text.uart2_irq
                0x00002754       0x64 C:\Users\pawel\Documents\LPCXpresso_8.2.2_650\RFID_1.4\RC522_LF\mbed\TARGET_LPC1768\TOOLCHAIN_GCC_CR\libmbed.a(serial_api.o)
                0x00002754                uart2_irq
 .text.serial_irq_set_internal
                0x000027b8       0xcc C:\Users\pawel\Documents\LPCXpresso_8.2.2_650\RFID_1.4\RC522_LF\mbed\TARGET_LPC1768\TOOLCHAIN_GCC_CR\libmbed.a(serial_api.o)
 .text.uart0_irq
                0x00002884       0x64 C:\Users\pawel\Documents\LPCXpresso_8.2.2_650\RFID_1.4\RC522_LF\mbed\TARGET_LPC1768\TOOLCHAIN_GCC_CR\libmbed.a(serial_api.o)
                0x00002884                uart0_irq
 .text.uart3_irq
                0x000028e8       0x6c C:\Users\pawel\Documents\LPCXpresso_8.2.2_650\RFID_1.4\RC522_LF\mbed\TARGET_LPC1768\TOOLCHAIN_GCC_CR\libmbed.a(serial_api.o)
                0x000028e8                uart3_irq
 .text.uart1_irq
                0x00002954       0x64 C:\Users\pawel\Documents\LPCXpresso_8.2.2_650\RFID_1.4\RC522_LF\mbed\TARGET_LPC1768\TOOLCHAIN_GCC_CR\libmbed.a(serial_api.o)
                0x00002954                uart1_irq
 .text.serial_baud
                0x000029b8      0x244 C:\Users\pawel\Documents\LPCXpresso_8.2.2_650\RFID_1.4\RC522_LF\mbed\TARGET_LPC1768\TOOLCHAIN_GCC_CR\libmbed.a(serial_api.o)
                0x000029b8                serial_baud
 .text.serial_format
                0x00002bfc       0x78 C:\Users\pawel\Documents\LPCXpresso_8.2.2_650\RFID_1.4\RC522_LF\mbed\TARGET_LPC1768\TOOLCHAIN_GCC_CR\libmbed.a(serial_api.o)
                0x00002bfc                serial_format
 .text.serial_irq_handler
                0x00002c74       0x20 C:\Users\pawel\Documents\LPCXpresso_8.2.2_650\RFID_1.4\RC522_LF\mbed\TARGET_LPC1768\TOOLCHAIN_GCC_CR\libmbed.a(serial_api.o)
                0x00002c74                serial_irq_handler
 .text.serial_getc
                0x00002c94       0x38 C:\Users\pawel\Documents\LPCXpresso_8.2.2_650\RFID_1.4\RC522_LF\mbed\TARGET_LPC1768\TOOLCHAIN_GCC_CR\libmbed.a(serial_api.o)
                0x00002c94                serial_getc
 .text.serial_readable
                0x00002ccc        0xc C:\Users\pawel\Documents\LPCXpresso_8.2.2_650\RFID_1.4\RC522_LF\mbed\TARGET_LPC1768\TOOLCHAIN_GCC_CR\libmbed.a(serial_api.o)
                0x00002ccc                serial_readable
 .text.serial_writable
                0x00002cd8       0x74 C:\Users\pawel\Documents\LPCXpresso_8.2.2_650\RFID_1.4\RC522_LF\mbed\TARGET_LPC1768\TOOLCHAIN_GCC_CR\libmbed.a(serial_api.o)
                0x00002cd8                serial_writable
 .text.serial_putc
                0x00002d4c       0x34 C:\Users\pawel\Documents\LPCXpresso_8.2.2_650\RFID_1.4\RC522_LF\mbed\TARGET_LPC1768\TOOLCHAIN_GCC_CR\libmbed.a(serial_api.o)
                0x00002d4c                serial_putc
 .text.serial_set_flow_control
                0x00002d80      0x12c C:\Users\pawel\Documents\LPCXpresso_8.2.2_650\RFID_1.4\RC522_LF\mbed\TARGET_LPC1768\TOOLCHAIN_GCC_CR\libmbed.a(serial_api.o)
                0x00002d80                serial_set_flow_control
 .text.serial_init
                0x00002eac      0x1bc C:\Users\pawel\Documents\LPCXpresso_8.2.2_650\RFID_1.4\RC522_LF\mbed\TARGET_LPC1768\TOOLCHAIN_GCC_CR\libmbed.a(serial_api.o)
                0x00002eac                serial_init
 .text._ZN4mbed8FilePathC2EPKc
                0x00003068       0x58 C:\Users\pawel\Documents\LPCXpresso_8.2.2_650\RFID_1.4\RC522_LF\mbed\TARGET_LPC1768\TOOLCHAIN_GCC_CR\libmbed.a(FilePath.o)
                0x00003068                mbed::FilePath::FilePath(char const*)
                0x00003068                mbed::FilePath::FilePath(char const*)
 .text._ZN4mbed8FilePath8fileNameEv
                0x000030c0        0x4 C:\Users\pawel\Documents\LPCXpresso_8.2.2_650\RFID_1.4\RC522_LF\mbed\TARGET_LPC1768\TOOLCHAIN_GCC_CR\libmbed.a(FilePath.o)
                0x000030c0                mbed::FilePath::fileName()
 .text._ZN4mbed8FilePath10fileSystemEv
                0x000030c4       0x18 C:\Users\pawel\Documents\LPCXpresso_8.2.2_650\RFID_1.4\RC522_LF\mbed\TARGET_LPC1768\TOOLCHAIN_GCC_CR\libmbed.a(FilePath.o)
                0x000030c4                mbed::FilePath::fileSystem()
 .text._ZN4mbed8FilePath6isFileEv
                0x000030dc       0x14 C:\Users\pawel\Documents\LPCXpresso_8.2.2_650\RFID_1.4\RC522_LF\mbed\TARGET_LPC1768\TOOLCHAIN_GCC_CR\libmbed.a(FilePath.o)
                0x000030dc                mbed::FilePath::isFile()
 .text._ZN4mbed8FilePath4fileEv
                0x000030f0       0x1c C:\Users\pawel\Documents\LPCXpresso_8.2.2_650\RFID_1.4\RC522_LF\mbed\TARGET_LPC1768\TOOLCHAIN_GCC_CR\libmbed.a(FilePath.o)
                0x000030f0                mbed::FilePath::file()
 .text._ZN4mbed8FilePath6existsEv
                0x0000310c        0xc C:\Users\pawel\Documents\LPCXpresso_8.2.2_650\RFID_1.4\RC522_LF\mbed\TARGET_LPC1768\TOOLCHAIN_GCC_CR\libmbed.a(FilePath.o)
                0x0000310c                mbed::FilePath::exists()
 .text._ZN4mbed3SPID2Ev
                0x00003118        0xc C:\Users\pawel\Documents\LPCXpresso_8.2.2_650\RFID_1.4\RC522_LF\mbed\TARGET_LPC1768\TOOLCHAIN_GCC_CR\libmbed.a(SPI.o)
                0x00003118                mbed::SPI::~SPI()
                0x00003118                mbed::SPI::~SPI()
 .text._ZN4mbed3SPID0Ev
                0x00003124       0x14 C:\Users\pawel\Documents\LPCXpresso_8.2.2_650\RFID_1.4\RC522_LF\mbed\TARGET_LPC1768\TOOLCHAIN_GCC_CR\libmbed.a(SPI.o)
                0x00003124                mbed::SPI::~SPI()
 .text._ZN4mbed3SPIC2E7PinNameS1_S1_S1_
                0x00003138       0x4c C:\Users\pawel\Documents\LPCXpresso_8.2.2_650\RFID_1.4\RC522_LF\mbed\TARGET_LPC1768\TOOLCHAIN_GCC_CR\libmbed.a(SPI.o)
                0x00003138                mbed::SPI::SPI(PinName, PinName, PinName, PinName)
                0x00003138                mbed::SPI::SPI(PinName, PinName, PinName, PinName)
 .text._ZN4mbed3SPI6aquireEv
                0x00003184       0x2c C:\Users\pawel\Documents\LPCXpresso_8.2.2_650\RFID_1.4\RC522_LF\mbed\TARGET_LPC1768\TOOLCHAIN_GCC_CR\libmbed.a(SPI.o)
                0x00003184                mbed::SPI::aquire()
 .text._ZN4mbed3SPI6formatEii
                0x000031b0       0x18 C:\Users\pawel\Documents\LPCXpresso_8.2.2_650\RFID_1.4\RC522_LF\mbed\TARGET_LPC1768\TOOLCHAIN_GCC_CR\libmbed.a(SPI.o)
                0x000031b0                mbed::SPI::format(int, int)
 .text._ZN4mbed3SPI9frequencyEi
                0x000031c8       0x10 C:\Users\pawel\Documents\LPCXpresso_8.2.2_650\RFID_1.4\RC522_LF\mbed\TARGET_LPC1768\TOOLCHAIN_GCC_CR\libmbed.a(SPI.o)
                0x000031c8                mbed::SPI::frequency(int)
 .text._ZN4mbed3SPI5writeEi
                0x000031d8       0x18 C:\Users\pawel\Documents\LPCXpresso_8.2.2_650\RFID_1.4\RC522_LF\mbed\TARGET_LPC1768\TOOLCHAIN_GCC_CR\libmbed.a(SPI.o)
                0x000031d8                mbed::SPI::write(int)
 .text._ZN4mbed6Serial5_getcEv
                0x000031f0        0x4 C:\Users\pawel\Documents\LPCXpresso_8.2.2_650\RFID_1.4\RC522_LF\mbed\TARGET_LPC1768\TOOLCHAIN_GCC_CR\libmbed.a(Serial.o)
                0x000031f0                mbed::Serial::_getc()
 .text._ZThn64_N4mbed6Serial5_getcEv
                0x000031f4        0x8 C:\Users\pawel\Documents\LPCXpresso_8.2.2_650\RFID_1.4\RC522_LF\mbed\TARGET_LPC1768\TOOLCHAIN_GCC_CR\libmbed.a(Serial.o)
                0x000031f4                non-virtual thunk to mbed::Serial::_getc()
 .text._ZN4mbed6Serial5_putcEi
                0x000031fc        0x4 C:\Users\pawel\Documents\LPCXpresso_8.2.2_650\RFID_1.4\RC522_LF\mbed\TARGET_LPC1768\TOOLCHAIN_GCC_CR\libmbed.a(Serial.o)
                0x000031fc                mbed::Serial::_putc(int)
 .text._ZThn64_N4mbed6Serial5_putcEi
                0x00003200        0x8 C:\Users\pawel\Documents\LPCXpresso_8.2.2_650\RFID_1.4\RC522_LF\mbed\TARGET_LPC1768\TOOLCHAIN_GCC_CR\libmbed.a(Serial.o)
                0x00003200                non-virtual thunk to mbed::Serial::_putc(int)
 .text._ZN4mbed6SerialC2E7PinNameS1_PKc
                0x00003208       0x30 C:\Users\pawel\Documents\LPCXpresso_8.2.2_650\RFID_1.4\RC522_LF\mbed\TARGET_LPC1768\TOOLCHAIN_GCC_CR\libmbed.a(Serial.o)
                0x00003208                mbed::Serial::Serial(PinName, PinName, char const*)
                0x00003208                mbed::Serial::Serial(PinName, PinName, char const*)
 .text._ZN4mbed10SerialBase12_irq_handlerEm9SerialIrq
                0x00003238       0x28 C:\Users\pawel\Documents\LPCXpresso_8.2.2_650\RFID_1.4\RC522_LF\mbed\TARGET_LPC1768\TOOLCHAIN_GCC_CR\libmbed.a(SerialBase.o)
                0x00003238                mbed::SerialBase::_irq_handler(unsigned long, SerialIrq)
 .text._ZN4mbed10SerialBaseC2E7PinNameS1_
                0x00003260       0x3c C:\Users\pawel\Documents\LPCXpresso_8.2.2_650\RFID_1.4\RC522_LF\mbed\TARGET_LPC1768\TOOLCHAIN_GCC_CR\libmbed.a(SerialBase.o)
                0x00003260                mbed::SerialBase::SerialBase(PinName, PinName)
                0x00003260                mbed::SerialBase::SerialBase(PinName, PinName)
 .text._ZN4mbed10SerialBase4baudEi
                0x0000329c       0x10 C:\Users\pawel\Documents\LPCXpresso_8.2.2_650\RFID_1.4\RC522_LF\mbed\TARGET_LPC1768\TOOLCHAIN_GCC_CR\libmbed.a(SerialBase.o)
                0x0000329c                mbed::SerialBase::baud(int)
 .text._ZN4mbed10SerialBase8readableEv
                0x000032ac        0x8 C:\Users\pawel\Documents\LPCXpresso_8.2.2_650\RFID_1.4\RC522_LF\mbed\TARGET_LPC1768\TOOLCHAIN_GCC_CR\libmbed.a(SerialBase.o)
                0x000032ac                mbed::SerialBase::readable()
 .text._ZN4mbed10SerialBase10_base_getcEv
                0x000032b4        0x8 C:\Users\pawel\Documents\LPCXpresso_8.2.2_650\RFID_1.4\RC522_LF\mbed\TARGET_LPC1768\TOOLCHAIN_GCC_CR\libmbed.a(SerialBase.o)
                0x000032b4                mbed::SerialBase::_base_getc()
 .text._ZN4mbed10SerialBase10_base_putcEi
                0x000032bc       0x10 C:\Users\pawel\Documents\LPCXpresso_8.2.2_650\RFID_1.4\RC522_LF\mbed\TARGET_LPC1768\TOOLCHAIN_GCC_CR\libmbed.a(SerialBase.o)
                0x000032bc                mbed::SerialBase::_base_putc(int)
 .text._ZN4mbed6Stream5closeEv
                0x000032cc        0x4 C:\Users\pawel\Documents\LPCXpresso_8.2.2_650\RFID_1.4\RC522_LF\mbed\TARGET_LPC1768\TOOLCHAIN_GCC_CR\libmbed.a(Stream.o)
                0x000032cc                mbed::Stream::close()
 .text._ZN4mbed6Stream5writeEPKvj
                0x000032d0       0x30 C:\Users\pawel\Documents\LPCXpresso_8.2.2_650\RFID_1.4\RC522_LF\mbed\TARGET_LPC1768\TOOLCHAIN_GCC_CR\libmbed.a(Stream.o)
                0x000032d0                mbed::Stream::write(void const*, unsigned int)
 .text._ZN4mbed6Stream4readEPvj
                0x00003300       0x30 C:\Users\pawel\Documents\LPCXpresso_8.2.2_650\RFID_1.4\RC522_LF\mbed\TARGET_LPC1768\TOOLCHAIN_GCC_CR\libmbed.a(Stream.o)
                0x00003300                mbed::Stream::read(void*, unsigned int)
 .text._ZN4mbed6Stream5lseekEli
                0x00003330        0x4 C:\Users\pawel\Documents\LPCXpresso_8.2.2_650\RFID_1.4\RC522_LF\mbed\TARGET_LPC1768\TOOLCHAIN_GCC_CR\libmbed.a(Stream.o)
                0x00003330                mbed::Stream::lseek(long, int)
 .text._ZN4mbed6Stream6isattyEv
                0x00003334        0x4 C:\Users\pawel\Documents\LPCXpresso_8.2.2_650\RFID_1.4\RC522_LF\mbed\TARGET_LPC1768\TOOLCHAIN_GCC_CR\libmbed.a(Stream.o)
                0x00003334                mbed::Stream::isatty()
 .text._ZN4mbed6Stream5fsyncEv
                0x00003338        0x4 C:\Users\pawel\Documents\LPCXpresso_8.2.2_650\RFID_1.4\RC522_LF\mbed\TARGET_LPC1768\TOOLCHAIN_GCC_CR\libmbed.a(Stream.o)
                0x00003338                mbed::Stream::fsync()
 .text._ZN4mbed6Stream4flenEv
                0x0000333c        0x4 C:\Users\pawel\Documents\LPCXpresso_8.2.2_650\RFID_1.4\RC522_LF\mbed\TARGET_LPC1768\TOOLCHAIN_GCC_CR\libmbed.a(Stream.o)
                0x0000333c                mbed::Stream::flen()
 .text._ZN4mbed6StreamD2Ev
                0x00003340       0x24 C:\Users\pawel\Documents\LPCXpresso_8.2.2_650\RFID_1.4\RC522_LF\mbed\TARGET_LPC1768\TOOLCHAIN_GCC_CR\libmbed.a(Stream.o)
                0x00003340                mbed::Stream::~Stream()
                0x00003340                mbed::Stream::~Stream()
 .text._ZThn4_N4mbed6StreamD1Ev
                0x00003364        0x8 C:\Users\pawel\Documents\LPCXpresso_8.2.2_650\RFID_1.4\RC522_LF\mbed\TARGET_LPC1768\TOOLCHAIN_GCC_CR\libmbed.a(Stream.o)
                0x00003364                non-virtual thunk to mbed::Stream::~Stream()
 .text._ZN4mbed6StreamD0Ev
                0x0000336c       0x14 C:\Users\pawel\Documents\LPCXpresso_8.2.2_650\RFID_1.4\RC522_LF\mbed\TARGET_LPC1768\TOOLCHAIN_GCC_CR\libmbed.a(Stream.o)
                0x0000336c                mbed::Stream::~Stream()
 .text._ZThn4_N4mbed6StreamD0Ev
                0x00003380        0x8 C:\Users\pawel\Documents\LPCXpresso_8.2.2_650\RFID_1.4\RC522_LF\mbed\TARGET_LPC1768\TOOLCHAIN_GCC_CR\libmbed.a(Stream.o)
                0x00003380                non-virtual thunk to mbed::Stream::~Stream()
 .text._ZN4mbed6StreamC2EPKc
                0x00003388       0x44 C:\Users\pawel\Documents\LPCXpresso_8.2.2_650\RFID_1.4\RC522_LF\mbed\TARGET_LPC1768\TOOLCHAIN_GCC_CR\libmbed.a(Stream.o)
                0x00003388                mbed::Stream::Stream(char const*)
                0x00003388                mbed::Stream::Stream(char const*)
 .text._ZN4mbed6Stream4getcEv
                0x000033cc       0x14 C:\Users\pawel\Documents\LPCXpresso_8.2.2_650\RFID_1.4\RC522_LF\mbed\TARGET_LPC1768\TOOLCHAIN_GCC_CR\libmbed.a(Stream.o)
                0x000033cc                mbed::Stream::getc()
 .text._ZN4mbed6Stream6printfEPKcz
                0x000033e0       0x2c C:\Users\pawel\Documents\LPCXpresso_8.2.2_650\RFID_1.4\RC522_LF\mbed\TARGET_LPC1768\TOOLCHAIN_GCC_CR\libmbed.a(Stream.o)
                0x000033e0                mbed::Stream::printf(char const*, ...)
 .text.mbed_assert_internal
                0x0000340c       0x18 C:\Users\pawel\Documents\LPCXpresso_8.2.2_650\RFID_1.4\RC522_LF\mbed\TARGET_LPC1768\TOOLCHAIN_GCC_CR\libmbed.a(assert.o)
                0x0000340c                mbed_assert_internal
 .text.error    0x00003424       0x24 C:\Users\pawel\Documents\LPCXpresso_8.2.2_650\RFID_1.4\RC522_LF\mbed\TARGET_LPC1768\TOOLCHAIN_GCC_CR\libmbed.a(error.o)
                0x00003424                error
 .text.gpio_init_in
                0x00003448       0x24 C:\Users\pawel\Documents\LPCXpresso_8.2.2_650\RFID_1.4\RC522_LF\mbed\TARGET_LPC1768\TOOLCHAIN_GCC_CR\libmbed.a(gpio.o)
                0x00003448                gpio_init_in
 .text.gpio_init_out
                0x0000346c       0x44 C:\Users\pawel\Documents\LPCXpresso_8.2.2_650\RFID_1.4\RC522_LF\mbed\TARGET_LPC1768\TOOLCHAIN_GCC_CR\libmbed.a(gpio.o)
                0x0000346c                gpio_init_out
 .text.gpio_init_out_ex
                0x000034b0       0x54 C:\Users\pawel\Documents\LPCXpresso_8.2.2_650\RFID_1.4\RC522_LF\mbed\TARGET_LPC1768\TOOLCHAIN_GCC_CR\libmbed.a(gpio.o)
                0x000034b0                gpio_init_out_ex
 .text.mbed_interface_connected
                0x00003504        0x4 C:\Users\pawel\Documents\LPCXpresso_8.2.2_650\RFID_1.4\RC522_LF\mbed\TARGET_LPC1768\TOOLCHAIN_GCC_CR\libmbed.a(mbed_interface.o)
                0x00003504                mbed_interface_connected
 .text.pinmap_pinout
                0x00003508       0x40 C:\Users\pawel\Documents\LPCXpresso_8.2.2_650\RFID_1.4\RC522_LF\mbed\TARGET_LPC1768\TOOLCHAIN_GCC_CR\libmbed.a(pinmap_common.o)
                0x00003508                pinmap_pinout
 .text.pinmap_merge
                0x00003548       0x24 C:\Users\pawel\Documents\LPCXpresso_8.2.2_650\RFID_1.4\RC522_LF\mbed\TARGET_LPC1768\TOOLCHAIN_GCC_CR\libmbed.a(pinmap_common.o)
                0x00003548                pinmap_merge
 .text.pinmap_find_peripheral
                0x0000356c       0x1c C:\Users\pawel\Documents\LPCXpresso_8.2.2_650\RFID_1.4\RC522_LF\mbed\TARGET_LPC1768\TOOLCHAIN_GCC_CR\libmbed.a(pinmap_common.o)
                0x0000356c                pinmap_find_peripheral
 .text.pinmap_peripheral
                0x00003588       0x34 C:\Users\pawel\Documents\LPCXpresso_8.2.2_650\RFID_1.4\RC522_LF\mbed\TARGET_LPC1768\TOOLCHAIN_GCC_CR\libmbed.a(pinmap_common.o)
                0x00003588                pinmap_peripheral
 .text.semihost_exit
                0x000035bc       0x18 C:\Users\pawel\Documents\LPCXpresso_8.2.2_650\RFID_1.4\RC522_LF\mbed\TARGET_LPC1768\TOOLCHAIN_GCC_CR\libmbed.a(semihost_api.o)
                0x000035bc                semihost_exit
 .text.semihost_connected
                0x000035d4       0x10 C:\Users\pawel\Documents\LPCXpresso_8.2.2_650\RFID_1.4\RC522_LF\mbed\TARGET_LPC1768\TOOLCHAIN_GCC_CR\libmbed.a(semihost_api.o)
                0x000035d4                semihost_connected
 .text.wait_us  0x000035e4       0x18 C:\Users\pawel\Documents\LPCXpresso_8.2.2_650\RFID_1.4\RC522_LF\mbed\TARGET_LPC1768\TOOLCHAIN_GCC_CR\libmbed.a(wait_api.o)
                0x000035e4                wait_us
 .text.wait_ms  0x000035fc        0xc C:\Users\pawel\Documents\LPCXpresso_8.2.2_650\RFID_1.4\RC522_LF\mbed\TARGET_LPC1768\TOOLCHAIN_GCC_CR\libmbed.a(wait_api.o)
                0x000035fc                wait_ms
 .text.spi_init
                0x00003608       0xf0 C:\Users\pawel\Documents\LPCXpresso_8.2.2_650\RFID_1.4\RC522_LF\mbed\TARGET_LPC1768\TOOLCHAIN_GCC_CR\libmbed.a(spi_api.o)
                0x00003608                spi_init
 .text.spi_format
                0x000036f8       0x70 C:\Users\pawel\Documents\LPCXpresso_8.2.2_650\RFID_1.4\RC522_LF\mbed\TARGET_LPC1768\TOOLCHAIN_GCC_CR\libmbed.a(spi_api.o)
                0x000036f8                spi_format
 .text.spi_frequency
                0x00003768       0xd0 C:\Users\pawel\Documents\LPCXpresso_8.2.2_650\RFID_1.4\RC522_LF\mbed\TARGET_LPC1768\TOOLCHAIN_GCC_CR\libmbed.a(spi_api.o)
                0x00003768                spi_frequency
 .text.spi_master_write
                0x00003838       0x14 C:\Users\pawel\Documents\LPCXpresso_8.2.2_650\RFID_1.4\RC522_LF\mbed\TARGET_LPC1768\TOOLCHAIN_GCC_CR\libmbed.a(spi_api.o)
                0x00003838                spi_master_write
 .text.us_ticker_init
                0x0000384c       0x68 C:\Users\pawel\Documents\LPCXpresso_8.2.2_650\RFID_1.4\RC522_LF\mbed\TARGET_LPC1768\TOOLCHAIN_GCC_CR\libmbed.a(us_ticker.o)
                0x0000384c                us_ticker_init
 .text.us_ticker_read
                0x000038b4       0x1c C:\Users\pawel\Documents\LPCXpresso_8.2.2_650\RFID_1.4\RC522_LF\mbed\TARGET_LPC1768\TOOLCHAIN_GCC_CR\libmbed.a(us_ticker.o)
                0x000038b4                us_ticker_read
 .text.us_ticker_set_interrupt
                0x000038d0       0x14 C:\Users\pawel\Documents\LPCXpresso_8.2.2_650\RFID_1.4\RC522_LF\mbed\TARGET_LPC1768\TOOLCHAIN_GCC_CR\libmbed.a(us_ticker.o)
                0x000038d0                us_ticker_set_interrupt
 .text.us_ticker_disable_interrupt
                0x000038e4       0x10 C:\Users\pawel\Documents\LPCXpresso_8.2.2_650\RFID_1.4\RC522_LF\mbed\TARGET_LPC1768\TOOLCHAIN_GCC_CR\libmbed.a(us_ticker.o)
                0x000038e4                us_ticker_disable_interrupt
 .text.us_ticker_clear_interrupt
                0x000038f4        0xc C:\Users\pawel\Documents\LPCXpresso_8.2.2_650\RFID_1.4\RC522_LF\mbed\TARGET_LPC1768\TOOLCHAIN_GCC_CR\libmbed.a(us_ticker.o)
                0x000038f4                us_ticker_clear_interrupt
 .text._ZN4mbed8FileLikeD2Ev
                0x00003900       0x24 C:\Users\pawel\Documents\LPCXpresso_8.2.2_650\RFID_1.4\RC522_LF\mbed\TARGET_LPC1768\TOOLCHAIN_GCC_CR\libmbed.a(FileLike.o)
                0x00003900                mbed::FileLike::~FileLike()
                0x00003900                mbed::FileLike::~FileLike()
 .text._ZThn4_N4mbed8FileLikeD1Ev
                0x00003924        0x8 C:\Users\pawel\Documents\LPCXpresso_8.2.2_650\RFID_1.4\RC522_LF\mbed\TARGET_LPC1768\TOOLCHAIN_GCC_CR\libmbed.a(FileLike.o)
                0x00003924                non-virtual thunk to mbed::FileLike::~FileLike()
 .text._ZN4mbed8FileLikeD0Ev
                0x0000392c       0x2c C:\Users\pawel\Documents\LPCXpresso_8.2.2_650\RFID_1.4\RC522_LF\mbed\TARGET_LPC1768\TOOLCHAIN_GCC_CR\libmbed.a(FileLike.o)
                0x0000392c                mbed::FileLike::~FileLike()
 .text._ZThn4_N4mbed8FileLikeD0Ev
                0x00003958        0x8 C:\Users\pawel\Documents\LPCXpresso_8.2.2_650\RFID_1.4\RC522_LF\mbed\TARGET_LPC1768\TOOLCHAIN_GCC_CR\libmbed.a(FileLike.o)
                0x00003958                non-virtual thunk to mbed::FileLike::~FileLike()
 .text._ZN4mbed8FileLikeC2EPKc
                0x00003960       0x28 C:\Users\pawel\Documents\LPCXpresso_8.2.2_650\RFID_1.4\RC522_LF\mbed\TARGET_LPC1768\TOOLCHAIN_GCC_CR\libmbed.a(FileLike.o)
                0x00003960                mbed::FileLike::FileLike(char const*)
                0x00003960                mbed::FileLike::FileLike(char const*)
 .text._ZN4mbed8FileBaseD2Ev
                0x00003988       0x30 C:\Users\pawel\Documents\LPCXpresso_8.2.2_650\RFID_1.4\RC522_LF\mbed\TARGET_LPC1768\TOOLCHAIN_GCC_CR\libmbed.a(FileBase.o)
                0x00003988                mbed::FileBase::~FileBase()
                0x00003988                mbed::FileBase::~FileBase()
 .text._ZN4mbed8FileBaseD0Ev
                0x000039b8       0x3c C:\Users\pawel\Documents\LPCXpresso_8.2.2_650\RFID_1.4\RC522_LF\mbed\TARGET_LPC1768\TOOLCHAIN_GCC_CR\libmbed.a(FileBase.o)
                0x000039b8                mbed::FileBase::~FileBase()
 .text._ZN4mbed8FileBaseC2EPKcNS_8PathTypeE
                0x000039f4       0x28 C:\Users\pawel\Documents\LPCXpresso_8.2.2_650\RFID_1.4\RC522_LF\mbed\TARGET_LPC1768\TOOLCHAIN_GCC_CR\libmbed.a(FileBase.o)
                0x000039f4                mbed::FileBase::FileBase(char const*, mbed::PathType)
                0x000039f4                mbed::FileBase::FileBase(char const*, mbed::PathType)
 .text._ZN4mbed8FileBase6lookupEPKcj
                0x00003a1c       0x3c C:\Users\pawel\Documents\LPCXpresso_8.2.2_650\RFID_1.4\RC522_LF\mbed\TARGET_LPC1768\TOOLCHAIN_GCC_CR\libmbed.a(FileBase.o)
                0x00003a1c                mbed::FileBase::lookup(char const*, unsigned int)
 .text._ZN4mbed8FileBase11getPathTypeEv
                0x00003a58        0x4 C:\Users\pawel\Documents\LPCXpresso_8.2.2_650\RFID_1.4\RC522_LF\mbed\TARGET_LPC1768\TOOLCHAIN_GCC_CR\libmbed.a(FileBase.o)
                0x00003a58                mbed::FileBase::getPathType()
 .text.us_ticker_irq_handler
                0x00003a5c        0xc C:\Users\pawel\Documents\LPCXpresso_8.2.2_650\RFID_1.4\RC522_LF\mbed\TARGET_LPC1768\TOOLCHAIN_GCC_CR\libmbed.a(us_ticker_api.o)
                0x00003a5c                us_ticker_irq_handler
 .text.ticker_irq_handler
                0x00003a68       0x48 C:\Users\pawel\Documents\LPCXpresso_8.2.2_650\RFID_1.4\RC522_LF\mbed\TARGET_LPC1768\TOOLCHAIN_GCC_CR\libmbed.a(ticker_api.o)
                0x00003a68                ticker_irq_handler
 .text          0x00003ab0      0x370 e:/lpcxpresso_8.2.2_650/lpcxpresso/tools/bin/../lib/gcc/arm-none-eabi/5.4.1/armv7-m\libgcc.a(_arm_addsubdf3.o)
                0x00003ab0                __aeabi_drsub
                0x00003ab8                __aeabi_dsub
                0x00003ab8                __subdf3
                0x00003abc                __aeabi_dadd
                0x00003abc                __adddf3
                0x00003d34                __floatunsidf
                0x00003d34                __aeabi_ui2d
                0x00003d54                __floatsidf
                0x00003d54                __aeabi_i2d
                0x00003d78                __aeabi_f2d
                0x00003d78                __extendsfdf2
                0x00003db4                __floatundidf
                0x00003db4                __aeabi_ul2d
                0x00003dc4                __floatdidf
                0x00003dc4                __aeabi_l2d
 .text          0x00003e20       0x50 e:/lpcxpresso_8.2.2_650/lpcxpresso/tools/bin/../lib/gcc/arm-none-eabi/5.4.1/armv7-m\libgcc.a(_arm_fixdfsi.o)
                0x00003e20                __aeabi_d2iz
                0x00003e20                __fixdfsi
 .text          0x00003e70      0x21c e:/lpcxpresso_8.2.2_650/lpcxpresso/tools/bin/../lib/gcc/arm-none-eabi/5.4.1/armv7-m\libgcc.a(_arm_addsubsf3.o)
                0x00003e70                __aeabi_frsub
                0x00003e78                __subsf3
                0x00003e78                __aeabi_fsub
                0x00003e7c                __aeabi_fadd
                0x00003e7c                __addsf3
                0x00003fdc                __aeabi_ui2f
                0x00003fdc                __floatunsisf
                0x00003fe4                __aeabi_i2f
                0x00003fe4                __floatsisf
                0x00004000                __aeabi_ul2f
                0x00004000                __floatundisf
                0x00004010                __aeabi_l2f
                0x00004010                __floatdisf
 .text          0x0000408c      0x2a0 e:/lpcxpresso_8.2.2_650/lpcxpresso/tools/bin/../lib/gcc/arm-none-eabi/5.4.1/armv7-m\libgcc.a(_arm_muldivsf3.o)
                0x0000408c                __mulsf3
                0x0000408c                __aeabi_fmul
                0x000041f4                __aeabi_fdiv
                0x000041f4                __divsf3
 .text          0x0000432c       0xec e:/lpcxpresso_8.2.2_650/lpcxpresso/tools/bin/../lib/gcc/arm-none-eabi/5.4.1/armv7-m\libgcc.a(_arm_cmpsf2.o)
                0x0000432c                __gesf2
                0x0000432c                __gtsf2
                0x00004334                __lesf2
                0x00004334                __ltsf2
                0x0000433c                __nesf2
                0x0000433c                __eqsf2
                0x0000433c                __cmpsf2
                0x0000439c                __aeabi_cfrcmple
                0x000043a4                __aeabi_cfcmpeq
                0x000043a4                __aeabi_cfcmple
                0x000043b4                __aeabi_fcmpeq
                0x000043c8                __aeabi_fcmplt
                0x000043dc                __aeabi_fcmple
                0x000043f0                __aeabi_fcmpge
                0x00004404                __aeabi_fcmpgt
 .text          0x00004418       0x4c e:/lpcxpresso_8.2.2_650/lpcxpresso/tools/bin/../lib/gcc/arm-none-eabi/5.4.1/armv7-m\libgcc.a(_arm_fixsfsi.o)
                0x00004418                __aeabi_f2iz
                0x00004418                __fixsfsi
 .text          0x00004464       0x40 e:/lpcxpresso_8.2.2_650/lpcxpresso/tools/bin/../lib/gcc/arm-none-eabi/5.4.1/armv7-m\libgcc.a(_arm_fixunssfsi.o)
                0x00004464                __fixunssfsi
                0x00004464                __aeabi_f2uiz
 .text          0x000044a4       0x30 e:/lpcxpresso_8.2.2_650/lpcxpresso/tools/bin/../lib/gcc/arm-none-eabi/5.4.1/armv7-m\libgcc.a(_aeabi_uldivmod.o)
                0x000044a4                __aeabi_uldivmod
 .text          0x000044d4      0x2ec e:/lpcxpresso_8.2.2_650/lpcxpresso/tools/bin/../lib/gcc/arm-none-eabi/5.4.1/armv7-m\libgcc.a(_udivmoddi4.o)
                0x000044d4                __udivmoddi4
 .text          0x000047c0        0x4 e:/lpcxpresso_8.2.2_650/lpcxpresso/tools/bin/../lib/gcc/arm-none-eabi/5.4.1/armv7-m\libgcc.a(_dvmd_tls.o)
                0x000047c0                __aeabi_idiv0
                0x000047c0                __aeabi_ldiv0
 .text.abs      0x000047c4        0x8 e:/lpcxpresso_8.2.2_650/lpcxpresso/tools/bin/../lib/gcc/arm-none-eabi/5.4.1/../../../../arm-none-eabi/lib/armv7-m\libc.a(lib_a-abs.o)
                0x000047c4                abs
 .text.__errno  0x000047cc        0xc e:/lpcxpresso_8.2.2_650/lpcxpresso/tools/bin/../lib/gcc/arm-none-eabi/5.4.1/../../../../arm-none-eabi/lib/armv7-m\libc.a(lib_a-errno.o)
                0x000047cc                __errno
 .text._fclose_r
                0x000047d8       0x84 e:/lpcxpresso_8.2.2_650/lpcxpresso/tools/bin/../lib/gcc/arm-none-eabi/5.4.1/../../../../arm-none-eabi/lib/armv7-m\libc.a(lib_a-fclose.o)
                0x000047d8                _fclose_r
 .text.fclose   0x0000485c       0x10 e:/lpcxpresso_8.2.2_650/lpcxpresso/tools/bin/../lib/gcc/arm-none-eabi/5.4.1/../../../../arm-none-eabi/lib/armv7-m\libc.a(lib_a-fclose.o)
                0x0000485c                fclose
 .text.__sflush_r
                0x0000486c      0x148 e:/lpcxpresso_8.2.2_650/lpcxpresso/tools/bin/../lib/gcc/arm-none-eabi/5.4.1/../../../../arm-none-eabi/lib/armv7-m\libc.a(lib_a-fflush.o)
                0x0000486c                __sflush_r
 .text._fflush_r
                0x000049b4       0x2c e:/lpcxpresso_8.2.2_650/lpcxpresso/tools/bin/../lib/gcc/arm-none-eabi/5.4.1/../../../../arm-none-eabi/lib/armv7-m\libc.a(lib_a-fflush.o)
                0x000049b4                _fflush_r
 .text.fflush   0x000049e0       0x24 e:/lpcxpresso_8.2.2_650/lpcxpresso/tools/bin/../lib/gcc/arm-none-eabi/5.4.1/../../../../arm-none-eabi/lib/armv7-m\libc.a(lib_a-fflush.o)
                0x000049e0                fflush
 .text.fgetc    0x00004a04       0x3c e:/lpcxpresso_8.2.2_650/lpcxpresso/tools/bin/../lib/gcc/arm-none-eabi/5.4.1/../../../../arm-none-eabi/lib/armv7-m\libc.a(lib_a-fgetc.o)
                0x00004a04                fgetc
 .text._cleanup_r
                0x00004a40        0xc e:/lpcxpresso_8.2.2_650/lpcxpresso/tools/bin/../lib/gcc/arm-none-eabi/5.4.1/../../../../arm-none-eabi/lib/armv7-m\libc.a(lib_a-findfp.o)
                0x00004a40                _cleanup_r
 .text.__sinit.part.1
                0x00004a4c       0xf0 e:/lpcxpresso_8.2.2_650/lpcxpresso/tools/bin/../lib/gcc/arm-none-eabi/5.4.1/../../../../arm-none-eabi/lib/armv7-m\libc.a(lib_a-findfp.o)
 .text.__sfmoreglue
                0x00004b3c       0x30 e:/lpcxpresso_8.2.2_650/lpcxpresso/tools/bin/../lib/gcc/arm-none-eabi/5.4.1/../../../../arm-none-eabi/lib/armv7-m\libc.a(lib_a-findfp.o)
                0x00004b3c                __sfmoreglue
 .text.__sfp    0x00004b6c       0x88 e:/lpcxpresso_8.2.2_650/lpcxpresso/tools/bin/../lib/gcc/arm-none-eabi/5.4.1/../../../../arm-none-eabi/lib/armv7-m\libc.a(lib_a-findfp.o)
                0x00004b6c                __sfp
 .text.__sinit  0x00004bf4        0xc e:/lpcxpresso_8.2.2_650/lpcxpresso/tools/bin/../lib/gcc/arm-none-eabi/5.4.1/../../../../arm-none-eabi/lib/armv7-m\libc.a(lib_a-findfp.o)
                0x00004bf4                __sinit
 .text.__sfp_lock_acquire
                0x00004c00        0x4 e:/lpcxpresso_8.2.2_650/lpcxpresso/tools/bin/../lib/gcc/arm-none-eabi/5.4.1/../../../../arm-none-eabi/lib/armv7-m\libc.a(lib_a-findfp.o)
                0x00004c00                __sfp_lock_acquire
 .text.__sfp_lock_release
                0x00004c04        0x4 e:/lpcxpresso_8.2.2_650/lpcxpresso/tools/bin/../lib/gcc/arm-none-eabi/5.4.1/../../../../arm-none-eabi/lib/armv7-m\libc.a(lib_a-findfp.o)
                0x00004c04                __sfp_lock_release
 .text._fopen_r
                0x00004c08       0x8c e:/lpcxpresso_8.2.2_650/lpcxpresso/tools/bin/../lib/gcc/arm-none-eabi/5.4.1/../../../../arm-none-eabi/lib/armv7-m\libc.a(lib_a-fopen.o)
                0x00004c08                _fopen_r
 .text.fopen    0x00004c94       0x10 e:/lpcxpresso_8.2.2_650/lpcxpresso/tools/bin/../lib/gcc/arm-none-eabi/5.4.1/../../../../arm-none-eabi/lib/armv7-m\libc.a(lib_a-fopen.o)
                0x00004c94                fopen
 .text._malloc_trim_r
                0x00004ca4       0x9c e:/lpcxpresso_8.2.2_650/lpcxpresso/tools/bin/../lib/gcc/arm-none-eabi/5.4.1/../../../../arm-none-eabi/lib/armv7-m\libc.a(lib_a-freer.o)
                0x00004ca4                _malloc_trim_r
 .text._free_r  0x00004d40      0x1d0 e:/lpcxpresso_8.2.2_650/lpcxpresso/tools/bin/../lib/gcc/arm-none-eabi/5.4.1/../../../../arm-none-eabi/lib/armv7-m\libc.a(lib_a-freer.o)
                0x00004d40                _free_r
 .text._fseek_r
                0x00004f10        0x4 e:/lpcxpresso_8.2.2_650/lpcxpresso/tools/bin/../lib/gcc/arm-none-eabi/5.4.1/../../../../arm-none-eabi/lib/armv7-m\libc.a(lib_a-fseek.o)
                0x00004f10                _fseek_r
 .text._fseeko_r
                0x00004f14      0x2c4 e:/lpcxpresso_8.2.2_650/lpcxpresso/tools/bin/../lib/gcc/arm-none-eabi/5.4.1/../../../../arm-none-eabi/lib/armv7-m\libc.a(lib_a-fseeko.o)
                0x00004f14                _fseeko_r
 .text._fstat_r
                0x000051d8       0x28 e:/lpcxpresso_8.2.2_650/lpcxpresso/tools/bin/../lib/gcc/arm-none-eabi/5.4.1/../../../../arm-none-eabi/lib/armv7-m\libc.a(lib_a-fstatr.o)
                0x000051d8                _fstat_r
 .text.__sfvwrite_r
                0x00005200      0x308 e:/lpcxpresso_8.2.2_650/lpcxpresso/tools/bin/../lib/gcc/arm-none-eabi/5.4.1/../../../../arm-none-eabi/lib/armv7-m\libc.a(lib_a-fvwrite.o)
                0x00005200                __sfvwrite_r
 .text._fwalk   0x00005508       0x48 e:/lpcxpresso_8.2.2_650/lpcxpresso/tools/bin/../lib/gcc/arm-none-eabi/5.4.1/../../../../arm-none-eabi/lib/armv7-m\libc.a(lib_a-fwalk.o)
                0x00005508                _fwalk
 .text._fwalk_reent
                0x00005550       0x50 e:/lpcxpresso_8.2.2_650/lpcxpresso/tools/bin/../lib/gcc/arm-none-eabi/5.4.1/../../../../arm-none-eabi/lib/armv7-m\libc.a(lib_a-fwalk.o)
                0x00005550                _fwalk_reent
 .text.__libc_init_array
                0x000055a0       0x50 e:/lpcxpresso_8.2.2_650/lpcxpresso/tools/bin/../lib/gcc/arm-none-eabi/5.4.1/../../../../arm-none-eabi/lib/armv7-m\libc.a(lib_a-init.o)
                0x000055a0                __libc_init_array
 .text.__swhatbuf_r
                0x000055f0       0x60 e:/lpcxpresso_8.2.2_650/lpcxpresso/tools/bin/../lib/gcc/arm-none-eabi/5.4.1/../../../../arm-none-eabi/lib/armv7-m\libc.a(lib_a-makebuf.o)
                0x000055f0                __swhatbuf_r
 .text.__smakebuf_r
                0x00005650       0x88 e:/lpcxpresso_8.2.2_650/lpcxpresso/tools/bin/../lib/gcc/arm-none-eabi/5.4.1/../../../../arm-none-eabi/lib/armv7-m\libc.a(lib_a-makebuf.o)
                0x00005650                __smakebuf_r
 .text.malloc   0x000056d8       0x10 e:/lpcxpresso_8.2.2_650/lpcxpresso/tools/bin/../lib/gcc/arm-none-eabi/5.4.1/../../../../arm-none-eabi/lib/armv7-m\libc.a(lib_a-malloc.o)
                0x000056d8                malloc
 .text.free     0x000056e8       0x10 e:/lpcxpresso_8.2.2_650/lpcxpresso/tools/bin/../lib/gcc/arm-none-eabi/5.4.1/../../../../arm-none-eabi/lib/armv7-m\libc.a(lib_a-malloc.o)
                0x000056e8                free
 .text._malloc_r
                0x000056f8      0x558 e:/lpcxpresso_8.2.2_650/lpcxpresso/tools/bin/../lib/gcc/arm-none-eabi/5.4.1/../../../../arm-none-eabi/lib/armv7-m\libc.a(lib_a-mallocr.o)
                0x000056f8                _malloc_r
 .text.memchr   0x00005c50       0x8c e:/lpcxpresso_8.2.2_650/lpcxpresso/tools/bin/../lib/gcc/arm-none-eabi/5.4.1/../../../../arm-none-eabi/lib/armv7-m\libc.a(lib_a-memchr-stub.o)
                0x00005c50                memchr
 .text          0x00005cdc       0xec e:/lpcxpresso_8.2.2_650/lpcxpresso/tools/bin/../lib/gcc/arm-none-eabi/5.4.1/../../../../arm-none-eabi/lib/armv7-m\libc.a(lib_a-memcpy.o)
                0x00005cdc                memcpy
 .text.memmove  0x00005dc8       0xc8 e:/lpcxpresso_8.2.2_650/lpcxpresso/tools/bin/../lib/gcc/arm-none-eabi/5.4.1/../../../../arm-none-eabi/lib/armv7-m\libc.a(lib_a-memmove.o)
                0x00005dc8                memmove
 .text.memset   0x00005e90       0x9c e:/lpcxpresso_8.2.2_650/lpcxpresso/tools/bin/../lib/gcc/arm-none-eabi/5.4.1/../../../../arm-none-eabi/lib/armv7-m\libc.a(lib_a-memset.o)
                0x00005e90                memset
 .text.__malloc_lock
                0x00005f2c        0x4 e:/lpcxpresso_8.2.2_650/lpcxpresso/tools/bin/../lib/gcc/arm-none-eabi/5.4.1/../../../../arm-none-eabi/lib/armv7-m\libc.a(lib_a-mlock.o)
                0x00005f2c                __malloc_lock
 .text.__malloc_unlock
                0x00005f30        0x4 e:/lpcxpresso_8.2.2_650/lpcxpresso/tools/bin/../lib/gcc/arm-none-eabi/5.4.1/../../../../arm-none-eabi/lib/armv7-m\libc.a(lib_a-mlock.o)
                0x00005f30                __malloc_unlock
 .text._open_r  0x00005f34       0x2c e:/lpcxpresso_8.2.2_650/lpcxpresso/tools/bin/../lib/gcc/arm-none-eabi/5.4.1/../../../../arm-none-eabi/lib/armv7-m\libc.a(lib_a-openr.o)
                0x00005f34                _open_r
 .text._realloc_r
                0x00005f60      0x3d4 e:/lpcxpresso_8.2.2_650/lpcxpresso/tools/bin/../lib/gcc/arm-none-eabi/5.4.1/../../../../arm-none-eabi/lib/armv7-m\libc.a(lib_a-reallocr.o)
                0x00005f60                _realloc_r
 .text.lflush   0x00006334       0x14 e:/lpcxpresso_8.2.2_650/lpcxpresso/tools/bin/../lib/gcc/arm-none-eabi/5.4.1/../../../../arm-none-eabi/lib/armv7-m\libc.a(lib_a-refill.o)
 .text.__srefill_r
                0x00006348      0x114 e:/lpcxpresso_8.2.2_650/lpcxpresso/tools/bin/../lib/gcc/arm-none-eabi/5.4.1/../../../../arm-none-eabi/lib/armv7-m\libc.a(lib_a-refill.o)
                0x00006348                __srefill_r
 .text.__srget_r
                0x0000645c       0x34 e:/lpcxpresso_8.2.2_650/lpcxpresso/tools/bin/../lib/gcc/arm-none-eabi/5.4.1/../../../../arm-none-eabi/lib/armv7-m\libc.a(lib_a-rget.o)
                0x0000645c                __srget_r
 .text._sbrk_r  0x00006490       0x24 e:/lpcxpresso_8.2.2_650/lpcxpresso/tools/bin/../lib/gcc/arm-none-eabi/5.4.1/../../../../arm-none-eabi/lib/armv7-m\libc.a(lib_a-sbrkr.o)
                0x00006490                _sbrk_r
 .text.setbuf   0x000064b4       0x10 e:/lpcxpresso_8.2.2_650/lpcxpresso/tools/bin/../lib/gcc/arm-none-eabi/5.4.1/../../../../arm-none-eabi/lib/armv7-m\libc.a(lib_a-setbuf.o)
                0x000064b4                setbuf
 .text.setvbuf  0x000064c4      0x150 e:/lpcxpresso_8.2.2_650/lpcxpresso/tools/bin/../lib/gcc/arm-none-eabi/5.4.1/../../../../arm-none-eabi/lib/armv7-m\libc.a(lib_a-setvbuf.o)
                0x000064c4                setvbuf
 .text.sprintf  0x00006614       0x4c e:/lpcxpresso_8.2.2_650/lpcxpresso/tools/bin/../lib/gcc/arm-none-eabi/5.4.1/../../../../arm-none-eabi/lib/armv7-m\libc.a(lib_a-sprintf.o)
                0x00006614                sprintf
 .text.sscanf   0x00006660       0x58 e:/lpcxpresso_8.2.2_650/lpcxpresso/tools/bin/../lib/gcc/arm-none-eabi/5.4.1/../../../../arm-none-eabi/lib/armv7-m\libc.a(lib_a-sscanf.o)
                0x00006660                sscanf
 .text.__sread  0x000066b8       0x24 e:/lpcxpresso_8.2.2_650/lpcxpresso/tools/bin/../lib/gcc/arm-none-eabi/5.4.1/../../../../arm-none-eabi/lib/armv7-m\libc.a(lib_a-stdio.o)
                0x000066b8                __sread
 .text.__seofread
                0x000066dc        0x4 e:/lpcxpresso_8.2.2_650/lpcxpresso/tools/bin/../lib/gcc/arm-none-eabi/5.4.1/../../../../arm-none-eabi/lib/armv7-m\libc.a(lib_a-stdio.o)
                0x000066dc                __seofread
 .text.__swrite
                0x000066e0       0x3c e:/lpcxpresso_8.2.2_650/lpcxpresso/tools/bin/../lib/gcc/arm-none-eabi/5.4.1/../../../../arm-none-eabi/lib/armv7-m\libc.a(lib_a-stdio.o)
                0x000066e0                __swrite
 .text.__sseek  0x0000671c       0x20 e:/lpcxpresso_8.2.2_650/lpcxpresso/tools/bin/../lib/gcc/arm-none-eabi/5.4.1/../../../../arm-none-eabi/lib/armv7-m\libc.a(lib_a-stdio.o)
                0x0000671c                __sseek
 .text.__sclose
                0x0000673c        0x8 e:/lpcxpresso_8.2.2_650/lpcxpresso/tools/bin/../lib/gcc/arm-none-eabi/5.4.1/../../../../arm-none-eabi/lib/armv7-m\libc.a(lib_a-stdio.o)
                0x0000673c                __sclose
 .text          0x00006744      0x1bc e:/lpcxpresso_8.2.2_650/lpcxpresso/tools/bin/../lib/gcc/arm-none-eabi/5.4.1/../../../../arm-none-eabi/lib/armv7-m\libc.a(lib_a-strcmp.o)
                0x00006744                strcmp
 .text.strlen   0x00006900       0x5c e:/lpcxpresso_8.2.2_650/lpcxpresso/tools/bin/../lib/gcc/arm-none-eabi/5.4.1/../../../../arm-none-eabi/lib/armv7-m\libc.a(lib_a-strlen-stub.o)
                0x00006900                strlen
 .text.strncmp  0x0000695c       0x9c e:/lpcxpresso_8.2.2_650/lpcxpresso/tools/bin/../lib/gcc/arm-none-eabi/5.4.1/../../../../arm-none-eabi/lib/armv7-m\libc.a(lib_a-strncmp.o)
                0x0000695c                strncmp
 .text._svfprintf_r
                0x000069f8     0x175c e:/lpcxpresso_8.2.2_650/lpcxpresso/tools/bin/../lib/gcc/arm-none-eabi/5.4.1/../../../../arm-none-eabi/lib/armv7-m\libc.a(lib_a-svfprintf.o)
                0x000069f8                _svfprintf_r
 .text.__ssvfscanf_r
                0x00008154      0xeac e:/lpcxpresso_8.2.2_650/lpcxpresso/tools/bin/../lib/gcc/arm-none-eabi/5.4.1/../../../../arm-none-eabi/lib/armv7-m\libc.a(lib_a-svfscanf.o)
                0x00008154                __ssvfscanf_r
 .text._vfprintf_r
                0x00009000     0x1788 e:/lpcxpresso_8.2.2_650/lpcxpresso/tools/bin/../lib/gcc/arm-none-eabi/5.4.1/../../../../arm-none-eabi/lib/armv7-m\libc.a(lib_a-vfprintf.o)
                0x00009000                _vfprintf_r
 .text.vfprintf
                0x0000a788       0x18 e:/lpcxpresso_8.2.2_650/lpcxpresso/tools/bin/../lib/gcc/arm-none-eabi/5.4.1/../../../../arm-none-eabi/lib/armv7-m\libc.a(lib_a-vfprintf.o)
                0x0000a788                vfprintf
 .text.__sbprintf
                0x0000a7a0       0x6c e:/lpcxpresso_8.2.2_650/lpcxpresso/tools/bin/../lib/gcc/arm-none-eabi/5.4.1/../../../../arm-none-eabi/lib/armv7-m\libc.a(lib_a-vfprintf.o)
 .text.__swbuf_r
                0x0000a80c       0xac e:/lpcxpresso_8.2.2_650/lpcxpresso/tools/bin/../lib/gcc/arm-none-eabi/5.4.1/../../../../arm-none-eabi/lib/armv7-m\libc.a(lib_a-wbuf.o)
                0x0000a80c                __swbuf_r
 .text._write_r
                0x0000a8b8       0x2c e:/lpcxpresso_8.2.2_650/lpcxpresso/tools/bin/../lib/gcc/arm-none-eabi/5.4.1/../../../../arm-none-eabi/lib/armv7-m\libc.a(lib_a-writer.o)
                0x0000a8b8                _write_r
 .text.__swsetup_r
                0x0000a8e4       0xc8 e:/lpcxpresso_8.2.2_650/lpcxpresso/tools/bin/../lib/gcc/arm-none-eabi/5.4.1/../../../../arm-none-eabi/lib/armv7-m\libc.a(lib_a-wsetup.o)
                0x0000a8e4                __swsetup_r
 .text._close_r
                0x0000a9ac       0x24 e:/lpcxpresso_8.2.2_650/lpcxpresso/tools/bin/../lib/gcc/arm-none-eabi/5.4.1/../../../../arm-none-eabi/lib/armv7-m\libc.a(lib_a-closer.o)
                0x0000a9ac                _close_r
 .text.quorem   0x0000a9d0      0x12c e:/lpcxpresso_8.2.2_650/lpcxpresso/tools/bin/../lib/gcc/arm-none-eabi/5.4.1/../../../../arm-none-eabi/lib/armv7-m\libc.a(lib_a-dtoa.o)
 *fill*         0x0000aafc        0x4 ff
 .text._dtoa_r  0x0000ab00      0xe4c e:/lpcxpresso_8.2.2_650/lpcxpresso/tools/bin/../lib/gcc/arm-none-eabi/5.4.1/../../../../arm-none-eabi/lib/armv7-m\libc.a(lib_a-dtoa.o)
                0x0000ab00                _dtoa_r
 .text.__sflags
                0x0000b94c       0x74 e:/lpcxpresso_8.2.2_650/lpcxpresso/tools/bin/../lib/gcc/arm-none-eabi/5.4.1/../../../../arm-none-eabi/lib/armv7-m\libc.a(lib_a-flags.o)
                0x0000b94c                __sflags
 .text._isatty_r
                0x0000b9c0       0x24 e:/lpcxpresso_8.2.2_650/lpcxpresso/tools/bin/../lib/gcc/arm-none-eabi/5.4.1/../../../../arm-none-eabi/lib/armv7-m\libc.a(lib_a-isattyr.o)
                0x0000b9c0                _isatty_r
 .text.iswspace
                0x0000b9e4       0x1c e:/lpcxpresso_8.2.2_650/lpcxpresso/tools/bin/../lib/gcc/arm-none-eabi/5.4.1/../../../../arm-none-eabi/lib/armv7-m\libc.a(lib_a-iswspace.o)
                0x0000b9e4                iswspace
 .text.__locale_charset
                0x0000ba00        0x8 e:/lpcxpresso_8.2.2_650/lpcxpresso/tools/bin/../lib/gcc/arm-none-eabi/5.4.1/../../../../arm-none-eabi/lib/armv7-m\libc.a(lib_a-locale.o)
                0x0000ba00                __locale_charset
 .text.__locale_mb_cur_max
                0x0000ba08        0xc e:/lpcxpresso_8.2.2_650/lpcxpresso/tools/bin/../lib/gcc/arm-none-eabi/5.4.1/../../../../arm-none-eabi/lib/armv7-m\libc.a(lib_a-locale.o)
                0x0000ba08                __locale_mb_cur_max
 .text._localeconv_r
                0x0000ba14        0x8 e:/lpcxpresso_8.2.2_650/lpcxpresso/tools/bin/../lib/gcc/arm-none-eabi/5.4.1/../../../../arm-none-eabi/lib/armv7-m\libc.a(lib_a-locale.o)
                0x0000ba14                _localeconv_r
 .text._lseek_r
                0x0000ba1c       0x2c e:/lpcxpresso_8.2.2_650/lpcxpresso/tools/bin/../lib/gcc/arm-none-eabi/5.4.1/../../../../arm-none-eabi/lib/armv7-m\libc.a(lib_a-lseekr.o)
                0x0000ba1c                _lseek_r
 .text._mbrtowc_r
                0x0000ba48       0x5c e:/lpcxpresso_8.2.2_650/lpcxpresso/tools/bin/../lib/gcc/arm-none-eabi/5.4.1/../../../../arm-none-eabi/lib/armv7-m\libc.a(lib_a-mbrtowc.o)
                0x0000ba48                _mbrtowc_r
 .text.__ascii_mbtowc
                0x0000baa4       0x2c e:/lpcxpresso_8.2.2_650/lpcxpresso/tools/bin/../lib/gcc/arm-none-eabi/5.4.1/../../../../arm-none-eabi/lib/armv7-m\libc.a(lib_a-mbtowc_r.o)
                0x0000baa4                __ascii_mbtowc
 .text._Balloc  0x0000bad0       0x50 e:/lpcxpresso_8.2.2_650/lpcxpresso/tools/bin/../lib/gcc/arm-none-eabi/5.4.1/../../../../arm-none-eabi/lib/armv7-m\libc.a(lib_a-mprec.o)
                0x0000bad0                _Balloc
 .text._Bfree   0x0000bb20       0x14 e:/lpcxpresso_8.2.2_650/lpcxpresso/tools/bin/../lib/gcc/arm-none-eabi/5.4.1/../../../../arm-none-eabi/lib/armv7-m\libc.a(lib_a-mprec.o)
                0x0000bb20                _Bfree
 .text.__multadd
                0x0000bb34       0x80 e:/lpcxpresso_8.2.2_650/lpcxpresso/tools/bin/../lib/gcc/arm-none-eabi/5.4.1/../../../../arm-none-eabi/lib/armv7-m\libc.a(lib_a-mprec.o)
                0x0000bb34                __multadd
 .text.__s2b    0x0000bbb4       0x98 e:/lpcxpresso_8.2.2_650/lpcxpresso/tools/bin/../lib/gcc/arm-none-eabi/5.4.1/../../../../arm-none-eabi/lib/armv7-m\libc.a(lib_a-mprec.o)
                0x0000bbb4                __s2b
 .text.__hi0bits
                0x0000bc4c       0x40 e:/lpcxpresso_8.2.2_650/lpcxpresso/tools/bin/../lib/gcc/arm-none-eabi/5.4.1/../../../../arm-none-eabi/lib/armv7-m\libc.a(lib_a-mprec.o)
                0x0000bc4c                __hi0bits
 .text.__lo0bits
                0x0000bc8c       0x5c e:/lpcxpresso_8.2.2_650/lpcxpresso/tools/bin/../lib/gcc/arm-none-eabi/5.4.1/../../../../arm-none-eabi/lib/armv7-m\libc.a(lib_a-mprec.o)
                0x0000bc8c                __lo0bits
 .text.__i2b    0x0000bce8       0x14 e:/lpcxpresso_8.2.2_650/lpcxpresso/tools/bin/../lib/gcc/arm-none-eabi/5.4.1/../../../../arm-none-eabi/lib/armv7-m\libc.a(lib_a-mprec.o)
                0x0000bce8                __i2b
 .text.__multiply
                0x0000bcfc      0x13c e:/lpcxpresso_8.2.2_650/lpcxpresso/tools/bin/../lib/gcc/arm-none-eabi/5.4.1/../../../../arm-none-eabi/lib/armv7-m\libc.a(lib_a-mprec.o)
                0x0000bcfc                __multiply
 .text.__pow5mult
                0x0000be38       0xa0 e:/lpcxpresso_8.2.2_650/lpcxpresso/tools/bin/../lib/gcc/arm-none-eabi/5.4.1/../../../../arm-none-eabi/lib/armv7-m\libc.a(lib_a-mprec.o)
                0x0000be38                __pow5mult
 .text.__lshift
                0x0000bed8       0xac e:/lpcxpresso_8.2.2_650/lpcxpresso/tools/bin/../lib/gcc/arm-none-eabi/5.4.1/../../../../arm-none-eabi/lib/armv7-m\libc.a(lib_a-mprec.o)
                0x0000bed8                __lshift
 .text.__mcmp   0x0000bf84       0x40 e:/lpcxpresso_8.2.2_650/lpcxpresso/tools/bin/../lib/gcc/arm-none-eabi/5.4.1/../../../../arm-none-eabi/lib/armv7-m\libc.a(lib_a-mprec.o)
                0x0000bf84                __mcmp
 .text.__mdiff  0x0000bfc4      0x128 e:/lpcxpresso_8.2.2_650/lpcxpresso/tools/bin/../lib/gcc/arm-none-eabi/5.4.1/../../../../arm-none-eabi/lib/armv7-m\libc.a(lib_a-mprec.o)
                0x0000bfc4                __mdiff
 .text.__ulp    0x0000c0ec       0x44 e:/lpcxpresso_8.2.2_650/lpcxpresso/tools/bin/../lib/gcc/arm-none-eabi/5.4.1/../../../../arm-none-eabi/lib/armv7-m\libc.a(lib_a-mprec.o)
                0x0000c0ec                __ulp
 .text.__b2d    0x0000c130       0xd4 e:/lpcxpresso_8.2.2_650/lpcxpresso/tools/bin/../lib/gcc/arm-none-eabi/5.4.1/../../../../arm-none-eabi/lib/armv7-m\libc.a(lib_a-mprec.o)
                0x0000c130                __b2d
 .text.__d2b    0x0000c204       0xa8 e:/lpcxpresso_8.2.2_650/lpcxpresso/tools/bin/../lib/gcc/arm-none-eabi/5.4.1/../../../../arm-none-eabi/lib/armv7-m\libc.a(lib_a-mprec.o)
                0x0000c204                __d2b
 .text.__ratio  0x0000c2ac       0x54 e:/lpcxpresso_8.2.2_650/lpcxpresso/tools/bin/../lib/gcc/arm-none-eabi/5.4.1/../../../../arm-none-eabi/lib/armv7-m\libc.a(lib_a-mprec.o)
                0x0000c2ac                __ratio
 .text.__copybits
                0x0000c300       0x48 e:/lpcxpresso_8.2.2_650/lpcxpresso/tools/bin/../lib/gcc/arm-none-eabi/5.4.1/../../../../arm-none-eabi/lib/armv7-m\libc.a(lib_a-mprec.o)
                0x0000c300                __copybits
 .text.__any_on
                0x0000c348       0x5c e:/lpcxpresso_8.2.2_650/lpcxpresso/tools/bin/../lib/gcc/arm-none-eabi/5.4.1/../../../../arm-none-eabi/lib/armv7-m\libc.a(lib_a-mprec.o)
                0x0000c348                __any_on
 .text._read_r  0x0000c3a4       0x2c e:/lpcxpresso_8.2.2_650/lpcxpresso/tools/bin/../lib/gcc/arm-none-eabi/5.4.1/../../../../arm-none-eabi/lib/armv7-m\libc.a(lib_a-readr.o)
                0x0000c3a4                _read_r
 .text.__sccl   0x0000c3d0       0x74 e:/lpcxpresso_8.2.2_650/lpcxpresso/tools/bin/../lib/gcc/arm-none-eabi/5.4.1/../../../../arm-none-eabi/lib/armv7-m\libc.a(lib_a-sccl.o)
                0x0000c3d0                __sccl
 .text.nanf     0x0000c444        0x8 e:/lpcxpresso_8.2.2_650/lpcxpresso/tools/bin/../lib/gcc/arm-none-eabi/5.4.1/../../../../arm-none-eabi/lib/armv7-m\libc.a(lib_a-sf_nan.o)
                0x0000c444                nanf
 .text.sulp     0x0000c44c       0x44 e:/lpcxpresso_8.2.2_650/lpcxpresso/tools/bin/../lib/gcc/arm-none-eabi/5.4.1/../../../../arm-none-eabi/lib/armv7-m\libc.a(lib_a-strtod.o)
 .text._strtod_r
                0x0000c490      0xecc e:/lpcxpresso_8.2.2_650/lpcxpresso/tools/bin/../lib/gcc/arm-none-eabi/5.4.1/../../../../arm-none-eabi/lib/armv7-m\libc.a(lib_a-strtod.o)
                0x0000c490                _strtod_r
 .text._strtol_r
                0x0000d35c      0x128 e:/lpcxpresso_8.2.2_650/lpcxpresso/tools/bin/../lib/gcc/arm-none-eabi/5.4.1/../../../../arm-none-eabi/lib/armv7-m\libc.a(lib_a-strtol.o)
                0x0000d35c                _strtol_r
 .text._strtoll_r
                0x0000d484      0x1b4 e:/lpcxpresso_8.2.2_650/lpcxpresso/tools/bin/../lib/gcc/arm-none-eabi/5.4.1/../../../../arm-none-eabi/lib/armv7-m\libc.a(lib_a-strtoll_r.o)
                0x0000d484                _strtoll_r
 .text._strtoul_r
                0x0000d638      0x134 e:/lpcxpresso_8.2.2_650/lpcxpresso/tools/bin/../lib/gcc/arm-none-eabi/5.4.1/../../../../arm-none-eabi/lib/armv7-m\libc.a(lib_a-strtoul.o)
                0x0000d638                _strtoul_r
 .text._strtoull_r
                0x0000d76c      0x1c8 e:/lpcxpresso_8.2.2_650/lpcxpresso/tools/bin/../lib/gcc/arm-none-eabi/5.4.1/../../../../arm-none-eabi/lib/armv7-m\libc.a(lib_a-strtoull_r.o)
                0x0000d76c                _strtoull_r
 .text.__ssprint_r
                0x0000d934      0x100 e:/lpcxpresso_8.2.2_650/lpcxpresso/tools/bin/../lib/gcc/arm-none-eabi/5.4.1/../../../../arm-none-eabi/lib/armv7-m\libc.a(lib_a-svfiprintf.o)
                0x0000d934                __ssprint_r
 .text._sungetc_r
                0x0000da34       0x8c e:/lpcxpresso_8.2.2_650/lpcxpresso/tools/bin/../lib/gcc/arm-none-eabi/5.4.1/../../../../arm-none-eabi/lib/armv7-m\libc.a(lib_a-svfiscanf.o)
                0x0000da34                _sungetc_r
 .text.__ssrefill_r
                0x0000dac0       0x3c e:/lpcxpresso_8.2.2_650/lpcxpresso/tools/bin/../lib/gcc/arm-none-eabi/5.4.1/../../../../arm-none-eabi/lib/armv7-m\libc.a(lib_a-svfiscanf.o)
                0x0000dac0                __ssrefill_r
 .text._sfread_r
                0x0000dafc       0x84 e:/lpcxpresso_8.2.2_650/lpcxpresso/tools/bin/../lib/gcc/arm-none-eabi/5.4.1/../../../../arm-none-eabi/lib/armv7-m\libc.a(lib_a-svfiscanf.o)
                0x0000dafc                _sfread_r
 .text.__submore
                0x0000db80       0x7c e:/lpcxpresso_8.2.2_650/lpcxpresso/tools/bin/../lib/gcc/arm-none-eabi/5.4.1/../../../../arm-none-eabi/lib/armv7-m\libc.a(lib_a-ungetc.o)
                0x0000db80                __submore
 .text.__sprint_r.part.0
                0x0000dbfc       0x78 e:/lpcxpresso_8.2.2_650/lpcxpresso/tools/bin/../lib/gcc/arm-none-eabi/5.4.1/../../../../arm-none-eabi/lib/armv7-m\libc.a(lib_a-vfiprintf.o)
 .text.__sprint_r
                0x0000dc74       0x14 e:/lpcxpresso_8.2.2_650/lpcxpresso/tools/bin/../lib/gcc/arm-none-eabi/5.4.1/../../../../arm-none-eabi/lib/armv7-m\libc.a(lib_a-vfiprintf.o)
                0x0000dc74                __sprint_r
 .text._calloc_r
                0x0000dc88       0x60 e:/lpcxpresso_8.2.2_650/lpcxpresso/tools/bin/../lib/gcc/arm-none-eabi/5.4.1/../../../../arm-none-eabi/lib/armv7-m\libc.a(lib_a-callocr.o)
                0x0000dc88                _calloc_r
 .text.__fputwc
                0x0000dce8       0x94 e:/lpcxpresso_8.2.2_650/lpcxpresso/tools/bin/../lib/gcc/arm-none-eabi/5.4.1/../../../../arm-none-eabi/lib/armv7-m\libc.a(lib_a-fputwc.o)
                0x0000dce8                __fputwc
 .text._fputwc_r
                0x0000dd7c       0x24 e:/lpcxpresso_8.2.2_650/lpcxpresso/tools/bin/../lib/gcc/arm-none-eabi/5.4.1/../../../../arm-none-eabi/lib/armv7-m\libc.a(lib_a-fputwc.o)
                0x0000dd7c                _fputwc_r
 .text.rshift   0x0000dda0       0xa8 e:/lpcxpresso_8.2.2_650/lpcxpresso/tools/bin/../lib/gcc/arm-none-eabi/5.4.1/../../../../arm-none-eabi/lib/armv7-m\libc.a(lib_a-gdtoa-gethex.o)
 .text.__gethex
                0x0000de48      0x50c e:/lpcxpresso_8.2.2_650/lpcxpresso/tools/bin/../lib/gcc/arm-none-eabi/5.4.1/../../../../arm-none-eabi/lib/armv7-m\libc.a(lib_a-gdtoa-gethex.o)
                0x0000de48                __gethex
 .text.__match  0x0000e354       0x30 e:/lpcxpresso_8.2.2_650/lpcxpresso/tools/bin/../lib/gcc/arm-none-eabi/5.4.1/../../../../arm-none-eabi/lib/armv7-m\libc.a(lib_a-gdtoa-hexnan.o)
                0x0000e354                __match
 .text.__hexnan
                0x0000e384      0x180 e:/lpcxpresso_8.2.2_650/lpcxpresso/tools/bin/../lib/gcc/arm-none-eabi/5.4.1/../../../../arm-none-eabi/lib/armv7-m\libc.a(lib_a-gdtoa-hexnan.o)
                0x0000e384                __hexnan
 .text._wcrtomb_r
                0x0000e504       0x54 e:/lpcxpresso_8.2.2_650/lpcxpresso/tools/bin/../lib/gcc/arm-none-eabi/5.4.1/../../../../arm-none-eabi/lib/armv7-m\libc.a(lib_a-wcrtomb.o)
                0x0000e504                _wcrtomb_r
 .text.__ascii_wctomb
                0x0000e558       0x1c e:/lpcxpresso_8.2.2_650/lpcxpresso/tools/bin/../lib/gcc/arm-none-eabi/5.4.1/../../../../arm-none-eabi/lib/armv7-m\libc.a(lib_a-wctomb_r.o)
                0x0000e558                __ascii_wctomb
 *fill*         0x0000e574        0x4 ff
 .text.floor    0x0000e578      0x110 e:/lpcxpresso_8.2.2_650/lpcxpresso/tools/bin/../lib/gcc/arm-none-eabi/5.4.1/../../../../arm-none-eabi/lib/armv7-m\libm.a(lib_a-s_floor.o)
                0x0000e578                floor
 .text._sbrk    0x0000e688       0x3c e:/lpcxpresso_8.2.2_650/lpcxpresso/tools/bin/../lib/gcc/arm-none-eabi/5.4.1/../../../../arm-none-eabi/lib/armv7-m\libcr_newlib_semihost.a(_cr_sbrk.o)
                0x0000e688                _sbrk
 .text.__check_heap_overflow
                0x0000e6c4       0x18 e:/lpcxpresso_8.2.2_650/lpcxpresso/tools/bin/../lib/gcc/arm-none-eabi/5.4.1/../../../../arm-none-eabi/lib/armv7-m\libcr_newlib_semihost.a(_cr_check_heap.o)
                0x0000e6c4                __check_heap_overflow
 .text          0x0000e6dc       0x5c e:/lpcxpresso_8.2.2_650/lpcxpresso/tools/bin/../lib/gcc/arm-none-eabi/5.4.1/armv7-m\crtbegin.o
 .text          0x0000e738      0x424 e:/lpcxpresso_8.2.2_650/lpcxpresso/tools/bin/../lib/gcc/arm-none-eabi/5.4.1/armv7-m\libgcc.a(_arm_muldivdf3.o)
                0x0000e738                __aeabi_dmul
                0x0000e738                __muldf3
                0x0000e98c                __divdf3
                0x0000e98c                __aeabi_ddiv
 .text          0x0000eb5c      0x110 e:/lpcxpresso_8.2.2_650/lpcxpresso/tools/bin/../lib/gcc/arm-none-eabi/5.4.1/armv7-m\libgcc.a(_arm_cmpdf2.o)
                0x0000eb5c                __gtdf2
                0x0000eb5c                __gedf2
                0x0000eb64                __ltdf2
                0x0000eb64                __ledf2
                0x0000eb6c                __nedf2
                0x0000eb6c                __eqdf2
                0x0000eb6c                __cmpdf2
                0x0000ebe8                __aeabi_cdrcmple
                0x0000ebf8                __aeabi_cdcmpeq
                0x0000ebf8                __aeabi_cdcmple
                0x0000ec08                __aeabi_dcmpeq
                0x0000ec1c                __aeabi_dcmplt
                0x0000ec30                __aeabi_dcmple
                0x0000ec44                __aeabi_dcmpge
                0x0000ec58                __aeabi_dcmpgt
 .text          0x0000ec6c       0x2c e:/lpcxpresso_8.2.2_650/lpcxpresso/tools/bin/../lib/gcc/arm-none-eabi/5.4.1/armv7-m\libgcc.a(_arm_unorddf2.o)
                0x0000ec6c                __unorddf2
                0x0000ec6c                __aeabi_dcmpun
 .text          0x0000ec98       0x40 e:/lpcxpresso_8.2.2_650/lpcxpresso/tools/bin/../lib/gcc/arm-none-eabi/5.4.1/armv7-m\libgcc.a(_arm_fixunsdfsi.o)
                0x0000ec98                __aeabi_d2uiz
                0x0000ec98                __fixunsdfsi
 .text          0x0000ecd8       0xa0 e:/lpcxpresso_8.2.2_650/lpcxpresso/tools/bin/../lib/gcc/arm-none-eabi/5.4.1/armv7-m\libgcc.a(_arm_truncdfsf2.o)
                0x0000ecd8                __truncdfsf2
                0x0000ecd8                __aeabi_d2f
 *(.rodata .rodata.* .constdata .constdata.*)
 .rodata._ZL13_ErrorMessage
                0x0000ed78       0x28 ./MFRC522.o
 .rodata.str1.1
                0x0000eda0      0x266 ./MFRC522.o
 .rodata        0x0000f006       0x30 ./main.o
 .rodata.str1.1
                0x0000f036      0x4cb ./main.o
                                0x56c (size before relaxing)
 *fill*         0x0000f501        0x3 ff
 .rodata.str1.4
                0x0000f504       0x80 C:/Users/pawel/Documents/LPCXpresso_8.2.2_650/RFID_1.4/RC522_LF/mbed/TARGET_LPC1768/TOOLCHAIN_GCC_CR/board.o
 .rodata.__stdin_name
                0x0000f584        0x8 C:/Users/pawel/Documents/LPCXpresso_8.2.2_650/RFID_1.4/RC522_LF/mbed/TARGET_LPC1768/TOOLCHAIN_GCC_CR/retarget.o
                0x0000f584                __stdin_name
 .rodata.__stderr_name
                0x0000f58c        0x8 C:/Users/pawel/Documents/LPCXpresso_8.2.2_650/RFID_1.4/RC522_LF/mbed/TARGET_LPC1768/TOOLCHAIN_GCC_CR/retarget.o
                0x0000f58c                __stderr_name
 .rodata.__stdout_name
                0x0000f594        0x8 C:/Users/pawel/Documents/LPCXpresso_8.2.2_650/RFID_1.4/RC522_LF/mbed/TARGET_LPC1768/TOOLCHAIN_GCC_CR/retarget.o
                0x0000f594                __stdout_name
 *fill*         0x0000f59c        0x4 ff
 .rodata._ZTVN4mbed10FileHandleE
                0x0000f5a0       0x30 C:/Users/pawel/Documents/LPCXpresso_8.2.2_650/RFID_1.4/RC522_LF/mbed/TARGET_LPC1768/TOOLCHAIN_GCC_CR/retarget.o
                0x0000f5a0                vtable for mbed::FileHandle
 .rodata.str1.4
                0x0000f5d0        0xe C:/Users/pawel/Documents/LPCXpresso_8.2.2_650/RFID_1.4/RC522_LF/mbed/TARGET_LPC1768/TOOLCHAIN_GCC_CR/retarget.o
                                 0x10 (size before relaxing)
 *fill*         0x0000f5de        0x2 ff
 .rodata.str1.4
                0x0000f5e0       0x7a C:\Users\pawel\Documents\LPCXpresso_8.2.2_650\RFID_1.4\RC522_LF\mbed\TARGET_LPC1768\TOOLCHAIN_GCC_CR\libmbed.a(gpio_api.o)
                                 0x94 (size before relaxing)
 *fill*         0x0000f65a        0x2 ff
 .rodata.str1.4
                0x0000f65c       0x64 C:\Users\pawel\Documents\LPCXpresso_8.2.2_650\RFID_1.4\RC522_LF\mbed\TARGET_LPC1768\TOOLCHAIN_GCC_CR\libmbed.a(pinmap.o)
                                 0x78 (size before relaxing)
 .rodata.PinMap_PWM
                0x0000f6c0       0xb4 C:\Users\pawel\Documents\LPCXpresso_8.2.2_650\RFID_1.4\RC522_LF\mbed\TARGET_LPC1768\TOOLCHAIN_GCC_CR\libmbed.a(pwmout_api.o)
 .rodata.str1.4
                0x0000f774       0x7c C:\Users\pawel\Documents\LPCXpresso_8.2.2_650\RFID_1.4\RC522_LF\mbed\TARGET_LPC1768\TOOLCHAIN_GCC_CR\libmbed.a(pwmout_api.o)
 .rodata.PinMap_UART_RTS
                0x0000f7f0       0x24 C:\Users\pawel\Documents\LPCXpresso_8.2.2_650\RFID_1.4\RC522_LF\mbed\TARGET_LPC1768\TOOLCHAIN_GCC_CR\libmbed.a(serial_api.o)
 .rodata.CSWTCH.24
                0x0000f814       0x10 C:\Users\pawel\Documents\LPCXpresso_8.2.2_650\RFID_1.4\RC522_LF\mbed\TARGET_LPC1768\TOOLCHAIN_GCC_CR\libmbed.a(serial_api.o)
 .rodata.PinMap_UART_RX
                0x0000f824       0x6c C:\Users\pawel\Documents\LPCXpresso_8.2.2_650\RFID_1.4\RC522_LF\mbed\TARGET_LPC1768\TOOLCHAIN_GCC_CR\libmbed.a(serial_api.o)
 .rodata.str1.4
                0x0000f890      0x1d0 C:\Users\pawel\Documents\LPCXpresso_8.2.2_650\RFID_1.4\RC522_LF\mbed\TARGET_LPC1768\TOOLCHAIN_GCC_CR\libmbed.a(serial_api.o)
                                0x1e8 (size before relaxing)
 .rodata.PinMap_UART_TX
                0x0000fa60       0x6c C:\Users\pawel\Documents\LPCXpresso_8.2.2_650\RFID_1.4\RC522_LF\mbed\TARGET_LPC1768\TOOLCHAIN_GCC_CR\libmbed.a(serial_api.o)
 .rodata.PinMap_UART_CTS
                0x0000facc       0x24 C:\Users\pawel\Documents\LPCXpresso_8.2.2_650\RFID_1.4\RC522_LF\mbed\TARGET_LPC1768\TOOLCHAIN_GCC_CR\libmbed.a(serial_api.o)
 .rodata._ZTVN4mbed3SPIE
                0x0000faf0       0x18 C:\Users\pawel\Documents\LPCXpresso_8.2.2_650\RFID_1.4\RC522_LF\mbed\TARGET_LPC1768\TOOLCHAIN_GCC_CR\libmbed.a(SPI.o)
                0x0000faf0                vtable for mbed::SPI
 .rodata._ZTVN4mbed10SerialBaseE
                0x0000fb08       0x10 C:\Users\pawel\Documents\LPCXpresso_8.2.2_650\RFID_1.4\RC522_LF\mbed\TARGET_LPC1768\TOOLCHAIN_GCC_CR\libmbed.a(Serial.o)
                0x0000fb08                vtable for mbed::SerialBase
 .rodata._ZTVN4mbed6SerialE
                0x0000fb18       0x60 C:\Users\pawel\Documents\LPCXpresso_8.2.2_650\RFID_1.4\RC522_LF\mbed\TARGET_LPC1768\TOOLCHAIN_GCC_CR\libmbed.a(Serial.o)
                0x0000fb18                vtable for mbed::Serial
 .rodata._ZTVN4mbed6StreamE
                0x0000fb78       0x48 C:\Users\pawel\Documents\LPCXpresso_8.2.2_650\RFID_1.4\RC522_LF\mbed\TARGET_LPC1768\TOOLCHAIN_GCC_CR\libmbed.a(Stream.o)
                0x0000fb78                vtable for mbed::Stream
 .rodata.str1.4
                0x0000fbc0        0x3 C:\Users\pawel\Documents\LPCXpresso_8.2.2_650\RFID_1.4\RC522_LF\mbed\TARGET_LPC1768\TOOLCHAIN_GCC_CR\libmbed.a(Stream.o)
                                  0x8 (size before relaxing)
 *fill*         0x0000fbc3        0x1 ff
 .rodata.str1.4
                0x0000fbc4       0x31 C:\Users\pawel\Documents\LPCXpresso_8.2.2_650\RFID_1.4\RC522_LF\mbed\TARGET_LPC1768\TOOLCHAIN_GCC_CR\libmbed.a(assert.o)
                                 0x34 (size before relaxing)
 .rodata.str1.4
                0x0000fbf5       0x80 C:\Users\pawel\Documents\LPCXpresso_8.2.2_650\RFID_1.4\RC522_LF\mbed\TARGET_LPC1768\TOOLCHAIN_GCC_CR\libmbed.a(gpio.o)
 *fill*         0x0000fbf5        0x3 ff
 .rodata.str1.4
                0x0000fbf8       0x66 C:\Users\pawel\Documents\LPCXpresso_8.2.2_650\RFID_1.4\RC522_LF\mbed\TARGET_LPC1768\TOOLCHAIN_GCC_CR\libmbed.a(pinmap_common.o)
                                 0x68 (size before relaxing)
 *fill*         0x0000fc5e        0x2 ff
 .rodata.PinMap_SPI_MISO
                0x0000fc60       0x3c C:\Users\pawel\Documents\LPCXpresso_8.2.2_650\RFID_1.4\RC522_LF\mbed\TARGET_LPC1768\TOOLCHAIN_GCC_CR\libmbed.a(spi_api.o)
 .rodata.PinMap_SPI_SCLK
                0x0000fc9c       0x3c C:\Users\pawel\Documents\LPCXpresso_8.2.2_650\RFID_1.4\RC522_LF\mbed\TARGET_LPC1768\TOOLCHAIN_GCC_CR\libmbed.a(spi_api.o)
 .rodata.str1.4
                0x0000fcd8       0xdf C:\Users\pawel\Documents\LPCXpresso_8.2.2_650\RFID_1.4\RC522_LF\mbed\TARGET_LPC1768\TOOLCHAIN_GCC_CR\libmbed.a(spi_api.o)
                                 0xe0 (size before relaxing)
 *fill*         0x0000fdb7        0x1 ff
 .rodata.PinMap_SPI_MOSI
                0x0000fdb8       0x3c C:\Users\pawel\Documents\LPCXpresso_8.2.2_650\RFID_1.4\RC522_LF\mbed\TARGET_LPC1768\TOOLCHAIN_GCC_CR\libmbed.a(spi_api.o)
 .rodata.PinMap_SPI_SSEL
                0x0000fdf4       0x3c C:\Users\pawel\Documents\LPCXpresso_8.2.2_650\RFID_1.4\RC522_LF\mbed\TARGET_LPC1768\TOOLCHAIN_GCC_CR\libmbed.a(spi_api.o)
 .rodata._ZTVN4mbed8FileLikeE
                0x0000fe30       0x40 C:\Users\pawel\Documents\LPCXpresso_8.2.2_650\RFID_1.4\RC522_LF\mbed\TARGET_LPC1768\TOOLCHAIN_GCC_CR\libmbed.a(FileLike.o)
                0x0000fe30                vtable for mbed::FileLike
 .rodata._ZTVN4mbed8FileBaseE
                0x0000fe70       0x10 C:\Users\pawel\Documents\LPCXpresso_8.2.2_650\RFID_1.4\RC522_LF\mbed\TARGET_LPC1768\TOOLCHAIN_GCC_CR\libmbed.a(FileBase.o)
                0x0000fe70                vtable for mbed::FileBase
 .rodata.us_interface
                0x0000fe80       0x14 C:\Users\pawel\Documents\LPCXpresso_8.2.2_650\RFID_1.4\RC522_LF\mbed\TARGET_LPC1768\TOOLCHAIN_GCC_CR\libmbed.a(us_ticker_api.o)
 .rodata.us_data
                0x0000fe94        0x8 C:\Users\pawel\Documents\LPCXpresso_8.2.2_650\RFID_1.4\RC522_LF\mbed\TARGET_LPC1768\TOOLCHAIN_GCC_CR\libmbed.a(us_ticker_api.o)
 .rodata.str1.4
                0x0000fe9c        0x2 e:/lpcxpresso_8.2.2_650/lpcxpresso/tools/bin/../lib/gcc/arm-none-eabi/5.4.1/../../../../arm-none-eabi/lib/armv7-m\libc.a(lib_a-impure.o)
 *fill*         0x0000fe9e        0x2 ff
 .rodata._global_impure_ptr
                0x0000fea0        0x4 e:/lpcxpresso_8.2.2_650/lpcxpresso/tools/bin/../lib/gcc/arm-none-eabi/5.4.1/../../../../arm-none-eabi/lib/armv7-m\libc.a(lib_a-impure.o)
                0x0000fea0                _global_impure_ptr
 .rodata.blanks.7055
                0x0000fea4       0x10 e:/lpcxpresso_8.2.2_650/lpcxpresso/tools/bin/../lib/gcc/arm-none-eabi/5.4.1/../../../../arm-none-eabi/lib/armv7-m\libc.a(lib_a-svfprintf.o)
 .rodata.str1.4
                0x0000feb4       0x42 e:/lpcxpresso_8.2.2_650/lpcxpresso/tools/bin/../lib/gcc/arm-none-eabi/5.4.1/../../../../arm-none-eabi/lib/armv7-m\libc.a(lib_a-svfprintf.o)
 *fill*         0x0000fef6        0x2 ff
 .rodata.zeroes.7056
                0x0000fef8       0x10 e:/lpcxpresso_8.2.2_650/lpcxpresso/tools/bin/../lib/gcc/arm-none-eabi/5.4.1/../../../../arm-none-eabi/lib/armv7-m\libc.a(lib_a-svfprintf.o)
 .rodata.str1.4
                0x0000ff08        0x5 e:/lpcxpresso_8.2.2_650/lpcxpresso/tools/bin/../lib/gcc/arm-none-eabi/5.4.1/../../../../arm-none-eabi/lib/armv7-m\libc.a(lib_a-svfscanf.o)
 *fill*         0x0000ff0d        0x3 ff
 .rodata.basefix.7019
                0x0000ff10       0x22 e:/lpcxpresso_8.2.2_650/lpcxpresso/tools/bin/../lib/gcc/arm-none-eabi/5.4.1/../../../../arm-none-eabi/lib/armv7-m\libc.a(lib_a-svfscanf.o)
 *fill*         0x0000ff32        0x2 ff
 .rodata.blanks.7070
                0x0000ff34       0x10 e:/lpcxpresso_8.2.2_650/lpcxpresso/tools/bin/../lib/gcc/arm-none-eabi/5.4.1/../../../../arm-none-eabi/lib/armv7-m\libc.a(lib_a-vfprintf.o)
 .rodata.str1.4
                0x0000ff44       0x42 e:/lpcxpresso_8.2.2_650/lpcxpresso/tools/bin/../lib/gcc/arm-none-eabi/5.4.1/../../../../arm-none-eabi/lib/armv7-m\libc.a(lib_a-vfprintf.o)
 .rodata.zeroes.7071
                0x0000ff44       0x10 e:/lpcxpresso_8.2.2_650/lpcxpresso/tools/bin/../lib/gcc/arm-none-eabi/5.4.1/../../../../arm-none-eabi/lib/armv7-m\libc.a(lib_a-vfprintf.o)
 .rodata._ctype_
                0x0000ff54      0x101 e:/lpcxpresso_8.2.2_650/lpcxpresso/tools/bin/../lib/gcc/arm-none-eabi/5.4.1/../../../../arm-none-eabi/lib/armv7-m\libc.a(lib_a-ctype_.o)
                0x0000ff54                _ctype_
 *fill*         0x00010055        0x3 ff
 .rodata.str1.4
                0x00010058       0x10 e:/lpcxpresso_8.2.2_650/lpcxpresso/tools/bin/../lib/gcc/arm-none-eabi/5.4.1/../../../../arm-none-eabi/lib/armv7-m\libc.a(lib_a-dtoa.o)
                                 0x12 (size before relaxing)
 .rodata.str1.4
                0x00010068        0xa e:/lpcxpresso_8.2.2_650/lpcxpresso/tools/bin/../lib/gcc/arm-none-eabi/5.4.1/../../../../arm-none-eabi/lib/armv7-m\libc.a(lib_a-locale.o)
                                 0x12 (size before relaxing)
 .rodata.str1.4
                0x00010072        0x1 e:/lpcxpresso_8.2.2_650/lpcxpresso/tools/bin/../lib/gcc/arm-none-eabi/5.4.1/../../../../arm-none-eabi/lib/armv7-m\libc.a(lib_a-mbrtowc.o)
 *fill*         0x00010072        0x6 ff
 .rodata.__mprec_tens
                0x00010078       0xc8 e:/lpcxpresso_8.2.2_650/lpcxpresso/tools/bin/../lib/gcc/arm-none-eabi/5.4.1/../../../../arm-none-eabi/lib/armv7-m\libc.a(lib_a-mprec.o)
                0x00010078                __mprec_tens
 .rodata.__mprec_bigtens
                0x00010140       0x28 e:/lpcxpresso_8.2.2_650/lpcxpresso/tools/bin/../lib/gcc/arm-none-eabi/5.4.1/../../../../arm-none-eabi/lib/armv7-m\libc.a(lib_a-mprec.o)
                0x00010140                __mprec_bigtens
 .rodata.p05.5396
                0x00010168        0xc e:/lpcxpresso_8.2.2_650/lpcxpresso/tools/bin/../lib/gcc/arm-none-eabi/5.4.1/../../../../arm-none-eabi/lib/armv7-m\libc.a(lib_a-mprec.o)
 *fill*         0x00010174        0x4 ff
 .rodata.tinytens
                0x00010178       0x28 e:/lpcxpresso_8.2.2_650/lpcxpresso/tools/bin/../lib/gcc/arm-none-eabi/5.4.1/../../../../arm-none-eabi/lib/armv7-m\libc.a(lib_a-strtod.o)
 .rodata.fpi.5357
                0x000101a0       0x14 e:/lpcxpresso_8.2.2_650/lpcxpresso/tools/bin/../lib/gcc/arm-none-eabi/5.4.1/../../../../arm-none-eabi/lib/armv7-m\libc.a(lib_a-strtod.o)
 .rodata.str1.4
                0x000101b4       0x10 e:/lpcxpresso_8.2.2_650/lpcxpresso/tools/bin/../lib/gcc/arm-none-eabi/5.4.1/../../../../arm-none-eabi/lib/armv7-m\libc.a(lib_a-strtod.o)
                                  0xf (size before relaxing)
 .rodata.fpinan.5393
                0x000101c4       0x14 e:/lpcxpresso_8.2.2_650/lpcxpresso/tools/bin/../lib/gcc/arm-none-eabi/5.4.1/../../../../arm-none-eabi/lib/armv7-m\libc.a(lib_a-strtod.o)
 .rodata.__hexdig
                0x000101d8      0x100 e:/lpcxpresso_8.2.2_650/lpcxpresso/tools/bin/../lib/gcc/arm-none-eabi/5.4.1/../../../../arm-none-eabi/lib/armv7-m\libc.a(lib_a-gdtoa-gethex.o)
                0x000101d8                __hexdig
                0x000102d8                . = ALIGN (0x4)